02-22 13:06:04.276 25985 25985 I View    : setRequestedFrameRate frameRate=-4.0, this=android.webkit.WebView{cb09bb7 VFEDHVC.. .F...... 0,0-1080,2340 aid=1073741825}, caller=android.view.ViewGroup.setRequestedFrameRate:9952 WV.rf.o:1 WV.rg.h:118 WV.rg.onDraw:7 com.android.webview.chromium.WebViewChromium.onDraw:19 
02-22 13:06:04.284 25985 25985 I View    : setRequestedFrameRate frameRate=-4.0, this=android.webkit.WebView{cb09bb7 VFEDHVC.. .F...... 0,0-1080,2340 aid=1073741825}, caller=android.view.ViewGroup.setRequestedFrameRate:9952 WV.rf.o:1 WV.rg.h:118 WV.rg.onDraw:7 com.android.webview.chromium.WebViewChromium.onDraw:19 
02-22 13:06:04.292 25985 25985 I View    : setRequestedFrameRate frameRate=-4.0, this=android.webkit.WebView{cb09bb7 VFEDHVC.. .F...... 0,0-1080,2340 aid=1073741825}, caller=android.view.ViewGroup.setRequestedFrameRate:9952 WV.rf.o:1 WV.rg.h:118 WV.rg.onDraw:7 com.android.webview.chromium.WebViewChromium.onDraw:19 
02-22 13:06:04.294  1903  2202 I CompositionEngine: [setDisplaySize] size=(434, 42)
02-22 13:06:04.301 25985 25985 I View    : setRequestedFrameRate frameRate=-4.0, this=android.webkit.WebView{cb09bb7 VFEDHVC.. .F...... 0,0-1080,2340 aid=1073741825}, caller=android.view.ViewGroup.setRequestedFrameRate:9952 WV.rf.o:1 WV.rg.h:118 WV.rg.onDraw:7 com.android.webview.chromium.WebViewChromium.onDraw:19 
02-22 13:06:04.309 25985 25985 I View    : setRequestedFrameRate frameRate=-4.0, this=android.webkit.WebView{cb09bb7 VFEDHVC.. .F...... 0,0-1080,2340 aid=1073741825}, caller=android.view.ViewGroup.setRequestedFrameRate:9952 WV.rf.o:1 WV.rg.h:118 WV.rg.onDraw:7 com.android.webview.chromium.WebViewChromium.onDraw:19 
02-22 13:06:04.317 25985 25985 I View    : setRequestedFrameRate frameRate=-4.0, this=android.webkit.WebView{cb09bb7 VFEDHVC.. .F...... 0,0-1080,2340 aid=1073741825}, caller=android.view.ViewGroup.setRequestedFrameRate:9952 WV.rf.o:1 WV.rg.h:118 WV.rg.onDraw:7 com.android.webview.chromium.WebViewChromium.onDraw:19 
02-22 13:06:04.325 25985 25985 I View    : setRequestedFrameRate frameRate=-4.0, this=android.webkit.WebView{cb09bb7 VFEDHVC.. .F...... 0,0-1080,2340 aid=1073741825}, caller=android.view.ViewGroup.setRequestedFrameRate:9952 WV.rf.o:1 WV.rg.h:118 WV.rg.onDraw:7 com.android.webview.chromium.WebViewChromium.onDraw:19 
02-22 13:06:04.334 25985 25985 I View    : setRequestedFrameRate frameRate=-4.0, this=android.webkit.WebView{cb09bb7 VFEDHVC.. .F...... 0,0-1080,2340 aid=1073741825}, caller=android.view.ViewGroup.setRequestedFrameRate:9952 WV.rf.o:1 WV.rg.h:118 WV.rg.onDraw:7 com.android.webview.chromium.WebViewChromium.onDraw:19 
02-22 13:06:04.342 25985 25985 I View    : setRequestedFrameRate frameRate=-4.0, this=android.webkit.WebView{cb09bb7 VFEDHVC.. .F...... 0,0-1080,2340 aid=1073741825}, caller=android.view.ViewGroup.setRequestedFrameRate:9952 WV.rf.o:1 WV.rg.h:118 WV.rg.onDraw:7 com.android.webview.chromium.WebViewChromium.onDraw:19 
02-22 13:06:04.351 25985 25985 I View    : setRequestedFrameRate frameRate=-4.0, this=android.webkit.WebView{cb09bb7 VFEDHVC.. .F...... 0,0-1080,2340 aid=1073741825}, caller=android.view.ViewGroup.setRequestedFrameRate:9952 WV.rf.o:1 WV.rg.h:118 WV.rg.onDraw:7 com.android.webview.chromium.WebViewChromium.onDraw:19 
02-22 13:06:04.354  1879  1916 E HeatmapThread: ECT Thread time in milliseconds: 1771761964
02-22 13:06:04.355  1879  1916 D HeatmapThread: !@ batteryplugType : 2
02-22 13:06:04.355  1879  1916 D HeatmapThread: !@ batteryLevel : 48  batteryTemperature : 378 
02-22 13:06:04.355  1879  1916 D HeatmapThread: !@ Heatmap currtime: 29529366
02-22 13:06:04.355  1879  1916 D HeatmapThread: !@ Heatmap prevtime: 29529354
02-22 13:06:04.355  1879  1916 D HeatmapThread: !@ Heatmap plugstarttime: 29529313
02-22 13:06:04.355  1879  1916 D HeatmapThread: !@ Heatmap prevv_dsoh_update_time: 29528642
02-22 13:06:04.355  1879  1916 E HeatmapThread: !@ CAM New BSOH: 100
02-22 13:06:04.359 25985 25985 I View    : setRequestedFrameRate frameRate=-4.0, this=android.webkit.WebView{cb09bb7 VFEDHVC.. .F...... 0,0-1080,2340 aid=1073741825}, caller=android.view.ViewGroup.setRequestedFrameRate:9952 WV.rf.o:1 WV.rg.h:118 WV.rg.onDraw:7 com.android.webview.chromium.WebViewChromium.onDraw:19 
02-22 13:06:04.367 25985 25985 I View    : setRequestedFrameRate frameRate=-4.0, this=android.webkit.WebView{cb09bb7 VFEDHVC.. .F...... 0,0-1080,2340 aid=1073741825}, caller=android.view.ViewGroup.setRequestedFrameRate:9952 WV.rf.o:1 WV.rg.h:118 WV.rg.onDraw:7 com.android.webview.chromium.WebViewChromium.onDraw:19 
02-22 13:06:04.376 25985 25985 I View    : setRequestedFrameRate frameRate=-4.0, this=android.webkit.WebView{cb09bb7 VFEDHVC.. .F...... 0,0-1080,2340 aid=1073741825}, caller=android.view.ViewGroup.setRequestedFrameRate:9952 WV.rf.o:1 WV.rg.h:118 WV.rg.onDraw:7 com.android.webview.chromium.WebViewChromium.onDraw:19 
02-22 13:06:04.384 25985 25985 I View    : setRequestedFrameRate frameRate=-4.0, this=android.webkit.WebView{cb09bb7 VFEDHVC.. .F...... 0,0-1080,2340 aid=1073741825}, caller=android.view.ViewGroup.setRequestedFrameRate:9952 WV.rf.o:1 WV.rg.h:118 WV.rg.onDraw:7 com.android.webview.chromium.WebViewChromium.onDraw:19 
02-22 13:06:04.392 25985 25985 I View    : setRequestedFrameRate frameRate=-4.0, this=android.webkit.WebView{cb09bb7 VFEDHVC.. .F...... 0,0-1080,2340 aid=1073741825}, caller=android.view.ViewGroup.setRequestedFrameRate:9952 WV.rf.o:1 WV.rg.h:118 WV.rg.onDraw:7 com.android.webview.chromium.WebViewChromium.onDraw:19 
02-22 13:06:04.394  1903  2202 I CompositionEngine: [setDisplaySize] size=(434, 42)
02-22 13:06:04.401 25985 25985 I View    : setRequestedFrameRate frameRate=-4.0, this=android.webkit.WebView{cb09bb7 VFEDHVC.. .F...... 0,0-1080,2340 aid=1073741825}, caller=android.view.ViewGroup.setRequestedFrameRate:9952 WV.rf.o:1 WV.rg.h:118 WV.rg.onDraw:7 com.android.webview.chromium.WebViewChromium.onDraw:19 
02-22 13:06:04.409 25985 25985 I View    : setRequestedFrameRate frameRate=-4.0, this=android.webkit.WebView{cb09bb7 VFEDHVC.. .F...... 0,0-1080,2340 aid=1073741825}, caller=android.view.ViewGroup.setRequestedFrameRate:9952 WV.rf.o:1 WV.rg.h:118 WV.rg.onDraw:7 com.android.webview.chromium.WebViewChromium.onDraw:19 
02-22 13:06:04.417 25985 25985 I View    : setRequestedFrameRate frameRate=-4.0, this=android.webkit.WebView{cb09bb7 VFEDHVC.. .F...... 0,0-1080,2340 aid=1073741825}, caller=android.view.ViewGroup.setRequestedFrameRate:9952 WV.rf.o:1 WV.rg.h:118 WV.rg.onDraw:7 com.android.webview.chromium.WebViewChromium.onDraw:19 
02-22 13:06:04.425 25985 25985 I View    : setRequestedFrameRate frameRate=-4.0, this=android.webkit.WebView{cb09bb7 VFEDHVC.. .F...... 0,0-1080,2340 aid=1073741825}, caller=android.view.ViewGroup.setRequestedFrameRate:9952 WV.rf.o:1 WV.rg.h:118 WV.rg.onDraw:7 com.android.webview.chromium.WebViewChromium.onDraw:19 
02-22 13:06:04.434 25985 25985 I View    : setRequestedFrameRate frameRate=-4.0, this=android.webkit.WebView{cb09bb7 VFEDHVC.. .F...... 0,0-1080,2340 aid=1073741825}, caller=android.view.ViewGroup.setRequestedFrameRate:9952 WV.rf.o:1 WV.rg.h:118 WV.rg.onDraw:7 com.android.webview.chromium.WebViewChromium.onDraw:19 
02-22 13:06:04.442 25985 25985 I View    : setRequestedFrameRate frameRate=-4.0, this=android.webkit.WebView{cb09bb7 VFEDHVC.. .F...... 0,0-1080,2340 aid=1073741825}, caller=android.view.ViewGroup.setRequestedFrameRate:9952 WV.rf.o:1 WV.rg.h:118 WV.rg.onDraw:7 com.android.webview.chromium.WebViewChromium.onDraw:19 
02-22 13:06:04.450 25985 25985 I View    : setRequestedFrameRate frameRate=-4.0, this=android.webkit.WebView{cb09bb7 VFEDHVC.. .F...... 0,0-1080,2340 aid=1073741825}, caller=android.view.ViewGroup.setRequestedFrameRate:9952 WV.rf.o:1 WV.rg.h:118 WV.rg.onDraw:7 com.android.webview.chromium.WebViewChromium.onDraw:19 
02-22 13:06:04.459 25985 25985 I View    : setRequestedFrameRate frameRate=-4.0, this=android.webkit.WebView{cb09bb7 VFEDHVC.. .F...... 0,0-1080,2340 aid=1073741825}, caller=android.view.ViewGroup.setRequestedFrameRate:9952 WV.rf.o:1 WV.rg.h:118 WV.rg.onDraw:7 com.android.webview.chromium.WebViewChromium.onDraw:19 
02-22 13:06:04.467 25985 25985 I View    : setRequestedFrameRate frameRate=-4.0, this=android.webkit.WebView{cb09bb7 VFEDHVC.. .F...... 0,0-1080,2340 aid=1073741825}, caller=android.view.ViewGroup.setRequestedFrameRate:9952 WV.rf.o:1 WV.rg.h:118 WV.rg.onDraw:7 com.android.webview.chromium.WebViewChromium.onDraw:19 
02-22 13:06:04.475 25985 25985 I View    : setRequestedFrameRate frameRate=-4.0, this=android.webkit.WebView{cb09bb7 VFEDHVC.. .F...... 0,0-1080,2340 aid=1073741825}, caller=android.view.ViewGroup.setRequestedFrameRate:9952 WV.rf.o:1 WV.rg.h:118 WV.rg.onDraw:7 com.android.webview.chromium.WebViewChromium.onDraw:19 
02-22 13:06:04.484 25985 25985 I View    : setRequestedFrameRate frameRate=-4.0, this=android.webkit.WebView{cb09bb7 VFEDHVC.. .F...... 0,0-1080,2340 aid=1073741825}, caller=android.view.ViewGroup.setRequestedFrameRate:9952 WV.rf.o:1 WV.rg.h:118 WV.rg.onDraw:7 com.android.webview.chromium.WebViewChromium.onDraw:19 
02-22 13:06:04.492 25985 25985 I View    : setRequestedFrameRate frameRate=-4.0, this=android.webkit.WebView{cb09bb7 VFEDHVC.. .F...... 0,0-1080,2340 aid=1073741825}, caller=android.view.ViewGroup.setRequestedFrameRate:9952 WV.rf.o:1 WV.rg.h:118 WV.rg.onDraw:7 com.android.webview.chromium.WebViewChromium.onDraw:19 
02-22 13:06:04.495  1903  2202 I CompositionEngine: [setDisplaySize] size=(434, 42)
02-22 13:06:04.501 25985 25985 I View    : setRequestedFrameRate frameRate=-4.0, this=android.webkit.WebView{cb09bb7 VFEDHVC.. .F...... 0,0-1080,2340 aid=1073741825}, caller=android.view.ViewGroup.setRequestedFrameRate:9952 WV.rf.o:1 WV.rg.h:118 WV.rg.onDraw:7 com.android.webview.chromium.WebViewChromium.onDraw:19 
02-22 13:06:04.509 25985 25985 I View    : setRequestedFrameRate frameRate=-4.0, this=android.webkit.WebView{cb09bb7 VFEDHVC.. .F...... 0,0-1080,2340 aid=1073741825}, caller=android.view.ViewGroup.setRequestedFrameRate:9952 WV.rf.o:1 WV.rg.h:118 WV.rg.onDraw:7 com.android.webview.chromium.WebViewChromium.onDraw:19 
02-22 13:06:04.517 25985 25985 I View    : setRequestedFrameRate frameRate=-4.0, this=android.webkit.WebView{cb09bb7 VFEDHVC.. .F...... 0,0-1080,2340 aid=1073741825}, caller=android.view.ViewGroup.setRequestedFrameRate:9952 WV.rf.o:1 WV.rg.h:118 WV.rg.onDraw:7 com.android.webview.chromium.WebViewChromium.onDraw:19 
02-22 13:06:04.525 25985 25985 I View    : setRequestedFrameRate frameRate=-4.0, this=android.webkit.WebView{cb09bb7 VFEDHVC.. .F...... 0,0-1080,2340 aid=1073741825}, caller=android.view.ViewGroup.setRequestedFrameRate:9952 WV.rf.o:1 WV.rg.h:118 WV.rg.onDraw:7 com.android.webview.chromium.WebViewChromium.onDraw:19 
02-22 13:06:04.534 25985 25985 I View    : setRequestedFrameRate frameRate=-4.0, this=android.webkit.WebView{cb09bb7 VFEDHVC.. .F...... 0,0-1080,2340 aid=1073741825}, caller=android.view.ViewGroup.setRequestedFrameRate:9952 WV.rf.o:1 WV.rg.h:118 WV.rg.onDraw:7 com.android.webview.chromium.WebViewChromium.onDraw:19 
02-22 13:06:04.542 25985 25985 I View    : setRequestedFrameRate frameRate=-4.0, this=android.webkit.WebView{cb09bb7 VFEDHVC.. .F...... 0,0-1080,2340 aid=1073741825}, caller=android.view.ViewGroup.setRequestedFrameRate:9952 WV.rf.o:1 WV.rg.h:118 WV.rg.onDraw:7 com.android.webview.chromium.WebViewChromium.onDraw:19 
02-22 13:06:04.550 25985 25985 I View    : setRequestedFrameRate frameRate=-4.0, this=android.webkit.WebView{cb09bb7 VFEDHVC.. .F...... 0,0-1080,2340 aid=1073741825}, caller=android.view.ViewGroup.setRequestedFrameRate:9952 WV.rf.o:1 WV.rg.h:118 WV.rg.onDraw:7 com.android.webview.chromium.WebViewChromium.onDraw:19 
02-22 13:06:04.559 25985 25985 I View    : setRequestedFrameRate frameRate=-4.0, this=android.webkit.WebView{cb09bb7 VFEDHVC.. .F...... 0,0-1080,2340 aid=1073741825}, caller=android.view.ViewGroup.setRequestedFrameRate:9952 WV.rf.o:1 WV.rg.h:118 WV.rg.onDraw:7 com.android.webview.chromium.WebViewChromium.onDraw:19 
02-22 13:06:04.560  2277  7281 D [SS]BattFunctions: [sendRemainingChargingTimeChangedIntent]remainingChargingTime:5640 ,mLastRemainingChargingTime:5651
02-22 13:06:04.560  1798  1798 I seh_thermal_service: getTemperaturesWithType SehTemperatureType: 3
02-22 13:06:04.560  1794  1794 I sehhealth-service: updateLrpSysfs: write: 398
02-22 13:06:04.561  4477  4477 I AODBatteryManager: updateBatteryData: ACTION_BATTERY_CHANGED: false, isSleepModeChanged:false ,isRemainingTimeChanged: true, isUSBRestriction: false
02-22 13:06:04.561  4477  4477 I ChargingInfoManager: updateChargingInfo: newState = AOD ChargingInfo [mState=BATTERY_AND_REMAIN_TIME, mIsCharging=true, mIsPlugged=true, mIsFullyCharged=false, mIsBatteryProtectMode=false, mBetteryLevel=48, mBetteryProtectModeType3, mIsSlowChargingfalse], oldState = AOD ChargingInfo [mState=BATTERY_AND_REMAIN_TIME, mIsCharging=true, mIsPlugged=true, mIsFullyCharged=false, mIsBatteryProtectMode=false, mBetteryLevel=48, mBetteryProtectModeType3, mIsSlowChargingfalse]
02-22 13:06:04.561  4477  4477 D PowerUI : Remaining charging time : 5640
02-22 13:06:04.561  4477  4477 D PowerUI : Charging time is changed, check charging notification
02-22 13:06:04.562  1794  1900 E BatteryDump: !@new_battery_dump : 3877,-189,1200,1800,48,379,335,467,379,0,396,467,0,Charging,NO_CHARGING,Normal,Good,PDIC,0,Normal,0,0,9288,0x8000,0x10010000,0x0,0,0,1283,v0002,0000,0000,ffff0700,0,0,0,0,129,3866,4770,990,0,
02-22 13:06:04.562  4477  4477 D PowerUI.Notification: showChargingNotice - Battery Level : 48 -> 48, Charging Type : 11 -> 11, Charging Time : 5651 -> 5640, Maximum protection : false -> false, Maximum threshold : 80 -> 80
02-22 13:06:04.563  4477  4477 I NotificationManager: com.android.systemui: notify(2131364006, charging_state, Notification(channel=CHR shortcut=null contentView=null vibrate=null sound=null defaults=0 flags=ONGOING_EVENT|ONLY_ALERT_ONCE color=0x00000000 category=sys groupKey=CHARGING vis=PUBLIC semFlags=0x0 semPriority=0 semMissedCount=0)) as user
02-22 13:06:04.564  2277  7259 W PermissionService: getPermissionFlags: Unknown user -1
02-22 13:06:04.564  2277  7259 W PermissionService: getPermissionFlags: Unknown user -1
02-22 13:06:04.567 25985 25985 I View    : setRequestedFrameRate frameRate=-4.0, this=android.webkit.WebView{cb09bb7 VFEDHVC.. .F...... 0,0-1080,2340 aid=1073741825}, caller=android.view.ViewGroup.setRequestedFrameRate:9952 WV.rf.o:1 WV.rg.h:118 WV.rg.onDraw:7 com.android.webview.chromium.WebViewChromium.onDraw:19 
02-22 13:06:04.575 25985 25985 I View    : setRequestedFrameRate frameRate=-4.0, this=android.webkit.WebView{cb09bb7 VFEDHVC.. .F...... 0,0-1080,2340 aid=1073741825}, caller=android.view.ViewGroup.setRequestedFrameRate:9952 WV.rf.o:1 WV.rg.h:118 WV.rg.onDraw:7 com.android.webview.chromium.WebViewChromium.onDraw:19 
02-22 13:06:04.583 25985 25985 I View    : setRequestedFrameRate frameRate=-4.0, this=android.webkit.WebView{cb09bb7 VFEDHVC.. .F...... 0,0-1080,2340 aid=1073741825}, caller=android.view.ViewGroup.setRequestedFrameRate:9952 WV.rf.o:1 WV.rg.h:118 WV.rg.onDraw:7 com.android.webview.chromium.WebViewChromium.onDraw:19 
02-22 13:06:04.592 25985 25985 I View    : setRequestedFrameRate frameRate=-4.0, this=android.webkit.WebView{cb09bb7 VFEDHVC.. .F...... 0,0-1080,2340 aid=1073741825}, caller=android.view.ViewGroup.setRequestedFrameRate:9952 WV.rf.o:1 WV.rg.h:118 WV.rg.onDraw:7 com.android.webview.chromium.WebViewChromium.onDraw:19 
02-22 13:06:04.595  1903  2202 I CompositionEngine: [setDisplaySize] size=(434, 42)
02-22 13:06:04.600 25985 25985 I View    : setRequestedFrameRate frameRate=-4.0, this=android.webkit.WebView{cb09bb7 VFEDHVC.. .F...... 0,0-1080,2340 aid=1073741825}, caller=android.view.ViewGroup.setRequestedFrameRate:9952 WV.rf.o:1 WV.rg.h:118 WV.rg.onDraw:7 com.android.webview.chromium.WebViewChromium.onDraw:19 
02-22 13:06:04.608 25985 25985 I View    : setRequestedFrameRate frameRate=-4.0, this=android.webkit.WebView{cb09bb7 VFEDHVC.. .F...... 0,0-1080,2340 aid=1073741825}, caller=android.view.ViewGroup.setRequestedFrameRate:9952 WV.rf.o:1 WV.rg.h:118 WV.rg.onDraw:7 com.android.webview.chromium.WebViewChromium.onDraw:19 
02-22 13:06:04.617 25985 25985 I View    : setRequestedFrameRate frameRate=-4.0, this=android.webkit.WebView{cb09bb7 VFEDHVC.. .F...... 0,0-1080,2340 aid=1073741825}, caller=android.view.ViewGroup.setRequestedFrameRate:9952 WV.rf.o:1 WV.rg.h:118 WV.rg.onDraw:7 com.android.webview.chromium.WebViewChromium.onDraw:19 
02-22 13:06:04.625 25985 25985 I View    : setRequestedFrameRate frameRate=-4.0, this=android.webkit.WebView{cb09bb7 VFEDHVC.. .F...... 0,0-1080,2340 aid=1073741825}, caller=android.view.ViewGroup.setRequestedFrameRate:9952 WV.rf.o:1 WV.rg.h:118 WV.rg.onDraw:7 com.android.webview.chromium.WebViewChromium.onDraw:19 
02-22 13:06:04.633 25985 25985 I View    : setRequestedFrameRate frameRate=-4.0, this=android.webkit.WebView{cb09bb7 VFEDHVC.. .F...... 0,0-1080,2340 aid=1073741825}, caller=android.view.ViewGroup.setRequestedFrameRate:9952 WV.rf.o:1 WV.rg.h:118 WV.rg.onDraw:7 com.android.webview.chromium.WebViewChromium.onDraw:19 
02-22 13:06:04.642 25985 25985 I View    : setRequestedFrameRate frameRate=-4.0, this=android.webkit.WebView{cb09bb7 VFEDHVC.. .F...... 0,0-1080,2340 aid=1073741825}, caller=android.view.ViewGroup.setRequestedFrameRate:9952 WV.rf.o:1 WV.rg.h:118 WV.rg.onDraw:7 com.android.webview.chromium.WebViewChromium.onDraw:19 
02-22 13:06:04.650 25985 25985 I View    : setRequestedFrameRate frameRate=-4.0, this=android.webkit.WebView{cb09bb7 VFEDHVC.. .F...... 0,0-1080,2340 aid=1073741825}, caller=android.view.ViewGroup.setRequestedFrameRate:9952 WV.rf.o:1 WV.rg.h:118 WV.rg.onDraw:7 com.android.webview.chromium.WebViewChromium.onDraw:19 
02-22 13:06:04.658 25985 25985 I View    : setRequestedFrameRate frameRate=-4.0, this=android.webkit.WebView{cb09bb7 VFEDHVC.. .F...... 0,0-1080,2340 aid=1073741825}, caller=android.view.ViewGroup.setRequestedFrameRate:9952 WV.rf.o:1 WV.rg.h:118 WV.rg.onDraw:7 com.android.webview.chromium.WebViewChromium.onDraw:19 
02-22 13:06:04.667 25985 25985 I View    : setRequestedFrameRate frameRate=-4.0, this=android.webkit.WebView{cb09bb7 VFEDHVC.. .F...... 0,0-1080,2340 aid=1073741825}, caller=android.view.ViewGroup.setRequestedFrameRate:9952 WV.rf.o:1 WV.rg.h:118 WV.rg.onDraw:7 com.android.webview.chromium.WebViewChromium.onDraw:19 
02-22 13:06:04.675 25985 25985 I View    : setRequestedFrameRate frameRate=-4.0, this=android.webkit.WebView{cb09bb7 VFEDHVC.. .F...... 0,0-1080,2340 aid=1073741825}, caller=android.view.ViewGroup.setRequestedFrameRate:9952 WV.rf.o:1 WV.rg.h:118 WV.rg.onDraw:7 com.android.webview.chromium.WebViewChromium.onDraw:19 
02-22 13:06:04.683 25985 25985 I View    : setRequestedFrameRate frameRate=-4.0, this=android.webkit.WebView{cb09bb7 VFEDHVC.. .F...... 0,0-1080,2340 aid=1073741825}, caller=android.view.ViewGroup.setRequestedFrameRate:9952 WV.rf.o:1 WV.rg.h:118 WV.rg.onDraw:7 com.android.webview.chromium.WebViewChromium.onDraw:19 
02-22 13:06:04.692 25985 25985 I View    : setRequestedFrameRate frameRate=-4.0, this=android.webkit.WebView{cb09bb7 VFEDHVC.. .F...... 0,0-1080,2340 aid=1073741825}, caller=android.view.ViewGroup.setRequestedFrameRate:9952 WV.rf.o:1 WV.rg.h:118 WV.rg.onDraw:7 com.android.webview.chromium.WebViewChromium.onDraw:19 
02-22 13:06:04.695  1903  2202 I CompositionEngine: [setDisplaySize] size=(434, 42)
02-22 13:06:04.700 25985 25985 I View    : setRequestedFrameRate frameRate=-4.0, this=android.webkit.WebView{cb09bb7 VFEDHVC.. .F...... 0,0-1080,2340 aid=1073741825}, caller=android.view.ViewGroup.setRequestedFrameRate:9952 WV.rf.o:1 WV.rg.h:118 WV.rg.onDraw:7 com.android.webview.chromium.WebViewChromium.onDraw:19 
02-22 13:06:04.709 25985 25985 I View    : setRequestedFrameRate frameRate=-4.0, this=android.webkit.WebView{cb09bb7 VFEDHVC.. .F...... 0,0-1080,2340 aid=1073741825}, caller=android.view.ViewGroup.setRequestedFrameRate:9952 WV.rf.o:1 WV.rg.h:118 WV.rg.onDraw:7 com.android.webview.chromium.WebViewChromium.onDraw:19 
02-22 13:06:04.717 25985 25985 I View    : setRequestedFrameRate frameRate=-4.0, this=android.webkit.WebView{cb09bb7 VFEDHVC.. .F...... 0,0-1080,2340 aid=1073741825}, caller=android.view.ViewGroup.setRequestedFrameRate:9952 WV.rf.o:1 WV.rg.h:118 WV.rg.onDraw:7 com.android.webview.chromium.WebViewChromium.onDraw:19 
02-22 13:06:04.725 25985 25985 I View    : setRequestedFrameRate frameRate=-4.0, this=android.webkit.WebView{cb09bb7 VFEDHVC.. .F...... 0,0-1080,2340 aid=1073741825}, caller=android.view.ViewGroup.setRequestedFrameRate:9952 WV.rf.o:1 WV.rg.h:118 WV.rg.onDraw:7 com.android.webview.chromium.WebViewChromium.onDraw:19 
02-22 13:06:04.734 25985 25985 I View    : setRequestedFrameRate frameRate=-4.0, this=android.webkit.WebView{cb09bb7 VFEDHVC.. .F...... 0,0-1080,2340 aid=1073741825}, caller=android.view.ViewGroup.setRequestedFrameRate:9952 WV.rf.o:1 WV.rg.h:118 WV.rg.onDraw:7 com.android.webview.chromium.WebViewChromium.onDraw:19 
02-22 13:06:04.742 25985 25985 I View    : setRequestedFrameRate frameRate=-4.0, this=android.webkit.WebView{cb09bb7 VFEDHVC.. .F...... 0,0-1080,2340 aid=1073741825}, caller=android.view.ViewGroup.setRequestedFrameRate:9952 WV.rf.o:1 WV.rg.h:118 WV.rg.onDraw:7 com.android.webview.chromium.WebViewChromium.onDraw:19 
02-22 13:06:04.750 25985 25985 I View    : setRequestedFrameRate frameRate=-4.0, this=android.webkit.WebView{cb09bb7 VFEDHVC.. .F...... 0,0-1080,2340 aid=1073741825}, caller=android.view.ViewGroup.setRequestedFrameRate:9952 WV.rf.o:1 WV.rg.h:118 WV.rg.onDraw:7 com.android.webview.chromium.WebViewChromium.onDraw:19 
02-22 13:06:04.758 25985 25985 I View    : setRequestedFrameRate frameRate=-4.0, this=android.webkit.WebView{cb09bb7 VFEDHVC.. .F...... 0,0-1080,2340 aid=1073741825}, caller=android.view.ViewGroup.setRequestedFrameRate:9952 WV.rf.o:1 WV.rg.h:118 WV.rg.onDraw:7 com.android.webview.chromium.WebViewChromium.onDraw:19 
02-22 13:06:04.765  2277  2277 I Telecom : SamsungTelecomServiceImpl : isInManagedCall - callingPackage : android / callingUser : UserHandle{0} / hasCrossUserAccess : true
02-22 13:06:04.767  2277  5130 D ActivityManager: unpendingScheduleServiceRestart: u=10342, drop=false
02-22 13:06:04.767 25985 25985 I View    : setRequestedFrameRate frameRate=-4.0, this=android.webkit.WebView{cb09bb7 VFEDHVC.. .F...... 0,0-1080,2340 aid=1073741825}, caller=android.view.ViewGroup.setRequestedFrameRate:9952 WV.rf.o:1 WV.rg.h:118 WV.rg.onDraw:7 com.android.webview.chromium.WebViewChromium.onDraw:19 
02-22 13:06:04.768  4866  8983 I HoneySpace.NotificationListener: onNotificationPosted com.android.systemui: -1|com.android.systemui|2131364006|charging_state|10050: 0
02-22 13:06:04.768  4866  8983 I HoneySpace.NotificationListener: invalid notification: com.android.systemui UserHandle{-1}: canShowBadge is false
02-22 13:06:04.769  2277  5137 W LocationManagerService: onFreezeStateChanged, uid[10342]=false
02-22 13:06:04.769  8814 10308 I NotifySyncService_8814_10308: MSG_NOTIFY_POSTED 
02-22 13:06:04.769  2277  5137 I PowerManagerService: [PWL] SetWakeLockEnableDisable uid = 10342 , disable= false
02-22 13:06:04.769  2277  5137 I PowerManagerService: [PWL] can not change uid =  10342
02-22 13:06:04.769  2277  5128 D FreecessController: UFZ : com.samsung.android.game.gamehome(10342) [8205] reason: Binder(1)-android.service.notification.INotificatio
02-22 13:06:04.769  8814 10308 I NotifySyncService_8814_10308: onNotificationPosted Id:2131364006 key:-1|com.android.systemui|2131364006|charging_state|10050 PackageName:com.android.systemui IsOngoing:true PostTime:1771761964564 currentDeviceModel.connected: true
02-22 13:06:04.769  8814  9998 I NotifyLogUtils_8814_9998: isIgnoringBatteryOptimizations false
02-22 13:06:04.770  8814 10308 I NotifySyncService_8814_10308: onNotificationPosted Id:2131364006 , appName : Impostaz. utente
02-22 13:06:04.770  8814 10308 I NotifySyncService_8814_10308:  isOngoing = true isIncomingCall = false
02-22 13:06:04.775 25985 25985 I View    : setRequestedFrameRate frameRate=-4.0, this=android.webkit.WebView{cb09bb7 VFEDHVC.. .F...... 0,0-1080,2340 aid=1073741825}, caller=android.view.ViewGroup.setRequestedFrameRate:9952 WV.rf.o:1 WV.rg.h:118 WV.rg.onDraw:7 com.android.webview.chromium.WebViewChromium.onDraw:19 
02-22 13:06:04.776  4477  4477 I LockscreenNotificationIconsOnlyController: onNotificationInfoUpdated 0
02-22 13:06:04.776  4477  4477 I AODNotificationManager: updateNotification() 
02-22 13:06:04.783 25985 25985 I View    : setRequestedFrameRate frameRate=-4.0, this=android.webkit.WebView{cb09bb7 VFEDHVC.. .F...... 0,0-1080,2340 aid=1073741825}, caller=android.view.ViewGroup.setRequestedFrameRate:9952 WV.rf.o:1 WV.rg.h:118 WV.rg.onDraw:7 com.android.webview.chromium.WebViewChromium.onDraw:19 
02-22 13:06:04.792 25985 25985 I View    : setRequestedFrameRate frameRate=-4.0, this=android.webkit.WebView{cb09bb7 VFEDHVC.. .F...... 0,0-1080,2340 aid=1073741825}, caller=android.view.ViewGroup.setRequestedFrameRate:9952 WV.rf.o:1 WV.rg.h:118 WV.rg.onDraw:7 com.android.webview.chromium.WebViewChromium.onDraw:19 
02-22 13:06:04.795  1903  2202 I CompositionEngine: [setDisplaySize] size=(434, 42)
02-22 13:06:04.800 25985 25985 I View    : setRequestedFrameRate frameRate=-4.0, this=android.webkit.WebView{cb09bb7 VFEDHVC.. .F...... 0,0-1080,2340 aid=1073741825}, caller=android.view.ViewGroup.setRequestedFrameRate:9952 WV.rf.o:1 WV.rg.h:118 WV.rg.onDraw:7 com.android.webview.chromium.WebViewChromium.onDraw:19 
02-22 13:06:04.808 25985 25985 I View    : setRequestedFrameRate frameRate=-4.0, this=android.webkit.WebView{cb09bb7 VFEDHVC.. .F...... 0,0-1080,2340 aid=1073741825}, caller=android.view.ViewGroup.setRequestedFrameRate:9952 WV.rf.o:1 WV.rg.h:118 WV.rg.onDraw:7 com.android.webview.chromium.WebViewChromium.onDraw:19 
02-22 13:06:04.816 25985 25985 I View    : setRequestedFrameRate frameRate=-4.0, this=android.webkit.WebView{cb09bb7 VFEDHVC.. .F...... 0,0-1080,2340 aid=1073741825}, caller=android.view.ViewGroup.setRequestedFrameRate:9952 WV.rf.o:1 WV.rg.h:118 WV.rg.onDraw:7 com.android.webview.chromium.WebViewChromium.onDraw:19 
02-22 13:06:04.825 25985 25985 I View    : setRequestedFrameRate frameRate=-4.0, this=android.webkit.WebView{cb09bb7 VFEDHVC.. .F...... 0,0-1080,2340 aid=1073741825}, caller=android.view.ViewGroup.setRequestedFrameRate:9952 WV.rf.o:1 WV.rg.h:118 WV.rg.onDraw:7 com.android.webview.chromium.WebViewChromium.onDraw:19 
02-22 13:06:04.833 25985 25985 I View    : setRequestedFrameRate frameRate=-4.0, this=android.webkit.WebView{cb09bb7 VFEDHVC.. .F...... 0,0-1080,2340 aid=1073741825}, caller=android.view.ViewGroup.setRequestedFrameRate:9952 WV.rf.o:1 WV.rg.h:118 WV.rg.onDraw:7 com.android.webview.chromium.WebViewChromium.onDraw:19 
02-22 13:06:04.841 25985 25985 I View    : setRequestedFrameRate frameRate=-4.0, this=android.webkit.WebView{cb09bb7 VFEDHVC.. .F...... 0,0-1080,2340 aid=1073741825}, caller=android.view.ViewGroup.setRequestedFrameRate:9952 WV.rf.o:1 WV.rg.h:118 WV.rg.onDraw:7 com.android.webview.chromium.WebViewChromium.onDraw:19 
02-22 13:06:04.850 25985 25985 I View    : setRequestedFrameRate frameRate=-4.0, this=android.webkit.WebView{cb09bb7 VFEDHVC.. .F...... 0,0-1080,2340 aid=1073741825}, caller=android.view.ViewGroup.setRequestedFrameRate:9952 WV.rf.o:1 WV.rg.h:118 WV.rg.onDraw:7 com.android.webview.chromium.WebViewChromium.onDraw:19 
02-22 13:06:04.855  1747  5865 I vendor.qti.bluetooth@1.0-ibs_handler: ProcessIbsCmd: Received IBS_WAKE_IND: 0xFD
02-22 13:06:04.855  1747  5865 D vendor.qti.bluetooth@1.0-ibs_handler: SerialClockVote: vote for UART CLK ON
02-22 13:06:04.855  1747  5865 D vendor.qti.bluetooth@1.0-wake_lock: Acquire wakelock is acquired 
02-22 13:06:04.855  1747  5865 I vendor.qti.bluetooth@1.0-ibs_handler: ProcessIbsCmd: Writing IBS_WAKE_ACK
02-22 13:06:04.858 25985 25985 I View    : setRequestedFrameRate frameRate=-4.0, this=android.webkit.WebView{cb09bb7 VFEDHVC.. .F...... 0,0-1080,2340 aid=1073741825}, caller=android.view.ViewGroup.setRequestedFrameRate:9952 WV.rf.o:1 WV.rg.h:118 WV.rg.onDraw:7 com.android.webview.chromium.WebViewChromium.onDraw:19 
02-22 13:06:04.866  1798  2397 I thermal_core: pivot(AP) : 471, skin : 398
02-22 13:06:04.866 25985 25985 I View    : setRequestedFrameRate frameRate=-4.0, this=android.webkit.WebView{cb09bb7 VFEDHVC.. .F...... 0,0-1080,2340 aid=1073741825}, caller=android.view.ViewGroup.setRequestedFrameRate:9952 WV.rf.o:1 WV.rg.h:118 WV.rg.onDraw:7 com.android.webview.chromium.WebViewChromium.onDraw:19 
02-22 13:06:04.875 25985 25985 I View    : setRequestedFrameRate frameRate=-4.0, this=android.webkit.WebView{cb09bb7 VFEDHVC.. .F...... 0,0-1080,2340 aid=1073741825}, caller=android.view.ViewGroup.setRequestedFrameRate:9952 WV.rf.o:1 WV.rg.h:118 WV.rg.onDraw:7 com.android.webview.chromium.WebViewChromium.onDraw:19 
02-22 13:06:04.883 25985 25985 I View    : setRequestedFrameRate frameRate=-4.0, this=android.webkit.WebView{cb09bb7 VFEDHVC.. .F...... 0,0-1080,2340 aid=1073741825}, caller=android.view.ViewGroup.setRequestedFrameRate:9952 WV.rf.o:1 WV.rg.h:118 WV.rg.onDraw:7 com.android.webview.chromium.WebViewChromium.onDraw:19 
02-22 13:06:04.891 25985 25985 I View    : setRequestedFrameRate frameRate=-4.0, this=android.webkit.WebView{cb09bb7 VFEDHVC.. .F...... 0,0-1080,2340 aid=1073741825}, caller=android.view.ViewGroup.setRequestedFrameRate:9952 WV.rf.o:1 WV.rg.h:118 WV.rg.onDraw:7 com.android.webview.chromium.WebViewChromium.onDraw:19 
02-22 13:06:04.894  1765 32625 D AHAL_ModulePrimary_QTI: getVendorParameters: id count: 1
02-22 13:06:04.894  1765 32625 I PAL: ResourceManager: getActiveStream_l: 6569: no active streams found for device 3 ret -2
02-22 13:06:04.894  1765 32625 D AHAL_SecModulePrimary: onGetSECGenericParameters get temperature for g_hw_speaker_amp_temp_rcv: 0
02-22 13:06:04.894  1765 32625 D AHAL_ModulePrimary_QTI: getVendorParameters: id count: 1
02-22 13:06:04.894  1765 32625 I PAL: ResourceManager: getActiveStream_l: 6569: no active streams found for device 3 ret -2
02-22 13:06:04.894  1765 32625 D AHAL_SecModulePrimary: onGetSECGenericParameters get temperature for g_hw_speaker_amp_temp_spk: 0
02-22 13:06:04.895  7173  7841 I SDHMS:x : SIOP:: AP:471 BAT:379 USB:335 CHG:467 PA:483 WIFI:447 CF:410 BLK:0 SUBBAT:0 LRPTHM:385 SKIN:399 SKINF:393 SKINB:399 LRP:399 LRF:393 LRB:399 APT:393 APR:399 RCV:382 SPK:328 CHGF:386 CHGR:396 MEMF:391 MEMR:399 WIFIF:390 WIFIR:396 FCAM:336 UPSPK:380 DNSPK:336 VAP:447 VWIFI:433 AMB2:269 HIGH:0 AVGCUR:114 AVGSYS:1281 POWER:443
02-22 13:06:04.895  1903  2202 I CompositionEngine: [setDisplaySize] size=(434, 42)
02-22 13:06:04.895  7173  7841 I AudioManager: setParameters keyValuePairs = g_hw_speaker_amp_temp_spk=33
02-22 13:06:04.896  1827 17110 D AudioFlinger: setParameters: filtered dev setParameters keyvalue g_hw_speaker_amp_temp_spk=33
02-22 13:06:04.896  1765 32625 D AHAL_HFP_QTI: hfp_set_parameters enter
02-22 13:06:04.896  1765 32625 D AHAL_HFP_QTI: hfp_set_parameters Exit
02-22 13:06:04.896  1765 32625 D AHAL_SecModulePrimary: processSetVendorParameters: configured g_hw_speaker_amp_temp_spk
02-22 13:06:04.896  1765 32625 D AHAL_SecModulePrimary: processSetVendorParameters: handler set on Feature:0
02-22 13:06:04.896  1765 32625 D AHAL_SecModulePrimary: onSetSECGenericParameters set temperature for g_hw_speaker_amp_temp_spk: 33
02-22 13:06:04.896  1765 32625 I PAL: API: pal_set_param: 1377: Enter: param id 3002
02-22 13:06:04.896  1765 32625 I PAL: ResourceManager: getActiveStream_l: 6569: no active streams found for device 3 ret -2
02-22 13:06:04.896  1827 17110 E ConversionHelperAidl: Function: parseAndSetVendorParameters Line: 94 Failed 
02-22 13:06:04.896  1827 17110 E ConversionHelperAidl: Function: parseAndSetVendorParameters Line: 94 Failed 
02-22 13:06:04.896  7173  7841 I AudioManager: setParameters keyValuePairs = g_hw_speaker_amp_temp_rcv=38
02-22 13:06:04.896  1827 17110 D AudioFlinger: setParameters: filtered dev setParameters keyvalue g_hw_speaker_amp_temp_rcv=38
02-22 13:06:04.896  1765 32625 D AHAL_HFP_QTI: hfp_set_parameters enter
02-22 13:06:04.896  1765 32625 D AHAL_HFP_QTI: hfp_set_parameters Exit
02-22 13:06:04.896  1765 32625 D AHAL_SecModulePrimary: processSetVendorParameters: configured g_hw_speaker_amp_temp_rcv
02-22 13:06:04.896  1765 32625 D AHAL_SecModulePrimary: processSetVendorParameters: handler set on Feature:0
02-22 13:06:04.896  1765 32625 D AHAL_SecModulePrimary: onSetSECGenericParameters set temperature for g_hw_speaker_amp_temp_rcv: 38
02-22 13:06:04.896  1765 32625 I PAL: API: pal_set_param: 1377: Enter: param id 3001
02-22 13:06:04.896  1765 32625 I PAL: ResourceManager: getActiveStream_l: 6569: no active streams found for device 3 ret -2
02-22 13:06:04.896  1827 17110 E ConversionHelperAidl: Function: parseAndSetVendorParameters Line: 94 Failed 
02-22 13:06:04.896  1827 17110 E ConversionHelperAidl: Function: parseAndSetVendorParameters Line: 94 Failed 
02-22 13:06:04.900 25985 25985 I View    : setRequestedFrameRate frameRate=-4.0, this=android.webkit.WebView{cb09bb7 VFEDHVC.. .F...... 0,0-1080,2340 aid=1073741825}, caller=android.view.ViewGroup.setRequestedFrameRate:9952 WV.rf.o:1 WV.rg.h:118 WV.rg.onDraw:7 com.android.webview.chromium.WebViewChromium.onDraw:19 
02-22 13:06:04.908  1747  5865 I vendor.qti.bluetooth@1.0-ibs_handler: ProcessIbsCmd: Received IBS_SLEEP_IND: 0xFE
02-22 13:06:04.908  1747  5865 D vendor.qti.bluetooth@1.0-ibs_handler: SerialClockVote: vote for UART CLK OFF
02-22 13:06:04.908 25985 25985 I View    : setRequestedFrameRate frameRate=-4.0, this=android.webkit.WebView{cb09bb7 VFEDHVC.. .F...... 0,0-1080,2340 aid=1073741825}, caller=android.view.ViewGroup.setRequestedFrameRate:9952 WV.rf.o:1 WV.rg.h:118 WV.rg.onDraw:7 com.android.webview.chromium.WebViewChromium.onDraw:19 
02-22 13:06:04.916 25985 25985 I View    : setRequestedFrameRate frameRate=-4.0, this=android.webkit.WebView{cb09bb7 VFEDHVC.. .F...... 0,0-1080,2340 aid=1073741825}, caller=android.view.ViewGroup.setRequestedFrameRate:9952 WV.rf.o:1 WV.rg.h:118 WV.rg.onDraw:7 com.android.webview.chromium.WebViewChromium.onDraw:19 
02-22 13:06:04.925 25985 25985 I View    : setRequestedFrameRate frameRate=-4.0, this=android.webkit.WebView{cb09bb7 VFEDHVC.. .F...... 0,0-1080,2340 aid=1073741825}, caller=android.view.ViewGroup.setRequestedFrameRate:9952 WV.rf.o:1 WV.rg.h:118 WV.rg.onDraw:7 com.android.webview.chromium.WebViewChromium.onDraw:19 
02-22 13:06:04.933 25985 25985 I View    : setRequestedFrameRate frameRate=-4.0, this=android.webkit.WebView{cb09bb7 VFEDHVC.. .F...... 0,0-1080,2340 aid=1073741825}, caller=android.view.ViewGroup.setRequestedFrameRate:9952 WV.rf.o:1 WV.rg.h:118 WV.rg.onDraw:7 com.android.webview.chromium.WebViewChromium.onDraw:19 
02-22 13:06:04.941 25985 25985 I View    : setRequestedFrameRate frameRate=-4.0, this=android.webkit.WebView{cb09bb7 VFEDHVC.. .F...... 0,0-1080,2340 aid=1073741825}, caller=android.view.ViewGroup.setRequestedFrameRate:9952 WV.rf.o:1 WV.rg.h:118 WV.rg.onDraw:7 com.android.webview.chromium.WebViewChromium.onDraw:19 
02-22 13:06:04.950 25985 25985 I View    : setRequestedFrameRate frameRate=-4.0, this=android.webkit.WebView{cb09bb7 VFEDHVC.. .F...... 0,0-1080,2340 aid=1073741825}, caller=android.view.ViewGroup.setRequestedFrameRate:9952 WV.rf.o:1 WV.rg.h:118 WV.rg.onDraw:7 com.android.webview.chromium.WebViewChromium.onDraw:19 
02-22 13:06:04.958 25985 25985 I View    : setRequestedFrameRate frameRate=-4.0, this=android.webkit.WebView{cb09bb7 VFEDHVC.. .F...... 0,0-1080,2340 aid=1073741825}, caller=android.view.ViewGroup.setRequestedFrameRate:9952 WV.rf.o:1 WV.rg.h:118 WV.rg.onDraw:7 com.android.webview.chromium.WebViewChromium.onDraw:19 
02-22 13:06:04.966 25985 25985 I View    : setRequestedFrameRate frameRate=-4.0, this=android.webkit.WebView{cb09bb7 VFEDHVC.. .F...... 0,0-1080,2340 aid=1073741825}, caller=android.view.ViewGroup.setRequestedFrameRate:9952 WV.rf.o:1 WV.rg.h:118 WV.rg.onDraw:7 com.android.webview.chromium.WebViewChromium.onDraw:19 
02-22 13:06:04.968  4477  4477 D Bubbles : onEntryUpdated : shouldBubbleUp=false ,key=-1|com.android.systemui|2131364006|charging_state|10050
02-22 13:06:04.968  4477  4477 D InterruptionStateProvider:  no Heads up : edgelighting enabled app. -1|com.android.systemui|2131364006|charging_state|10050
02-22 13:06:04.969  4477  4477 I {OngoingActivityController}: onEntryUpdated and OA data is empty. So update latest task info
02-22 13:06:04.969  4477  4477 I {OngoingActivityDataHelper}: setBaseActivityComponentName:ComponentInfo{org.allma.allma_prime/org.kivy.android.PythonActivity}
02-22 13:06:04.975 25985 25985 I View    : setRequestedFrameRate frameRate=-4.0, this=android.webkit.WebView{cb09bb7 VFEDHVC.. .F...... 0,0-1080,2340 aid=1073741825}, caller=android.view.ViewGroup.setRequestedFrameRate:9952 WV.rf.o:1 WV.rg.h:118 WV.rg.onDraw:7 com.android.webview.chromium.WebViewChromium.onDraw:19 
02-22 13:06:04.976  4477  4477 W RefactorFlag: New code path expects SceneContainerFlag to be enabled.
02-22 13:06:04.976  4477  4477 D ExpandableNotifRow: mMaxSmallHeight different before reInflateViews mMaxSmallHeight: 203 mTempSmallHeight:0 -1|com.android.systemui|2131364006|charging_state|10050
02-22 13:06:04.976  4477  4477 D ExpandableNotifRow: mMaxSmallHeight different before reInflateViews mMaxSmallHeight: 203 mTempSmallHeight:0 -1|com.android.systemui|2131364006|charging_state|10050
02-22 13:06:04.977  4477  4477 I LockscreenNotificationIconsOnlyController: onNotificationInfoUpdated 0
02-22 13:06:04.977  4477  4477 I AODNotificationManager: updateNotification() 
02-22 13:06:04.983  4477  4880 D LocalImageResolver: Couldn't use ImageDecoder for drawable, falling back to non-resized load.
02-22 13:06:04.983 25985 25985 I View    : setRequestedFrameRate frameRate=-4.0, this=android.webkit.WebView{cb09bb7 VFEDHVC.. .F...... 0,0-1080,2340 aid=1073741825}, caller=android.view.ViewGroup.setRequestedFrameRate:9952 WV.rf.o:1 WV.rg.h:118 WV.rg.onDraw:7 com.android.webview.chromium.WebViewChromium.onDraw:19 
02-22 13:06:04.984  4477  4880 D LocalImageResolver: Couldn't use ImageDecoder for drawable, falling back to non-resized load.
02-22 13:06:04.985  4477  4477 D LocalImageResolver: Couldn't use ImageDecoder for drawable, falling back to non-resized load.
02-22 13:06:04.992 25985 25985 I View    : setRequestedFrameRate frameRate=-4.0, this=android.webkit.WebView{cb09bb7 VFEDHVC.. .F...... 0,0-1080,2340 aid=1073741825}, caller=android.view.ViewGroup.setRequestedFrameRate:9952 WV.rf.o:1 WV.rg.h:118 WV.rg.onDraw:7 com.android.webview.chromium.WebViewChromium.onDraw:19 
02-22 13:06:04.992  4477  4477 W RefactorFlag: New code path expects SceneContainerFlag to be enabled.
02-22 13:06:04.995  4477  4477 D ExpandableNotifRow: mMaxSmallHeight different before reInflateViews mMaxSmallHeight: 203 mTempSmallHeight:0 -1|com.android.systemui|2131364006|charging_state|10050
02-22 13:06:04.995  4477  4477 D ExpandableNotifRow: mMaxSmallHeight different before reInflateViews mMaxSmallHeight: 203 mTempSmallHeight:0 -1|com.android.systemui|2131364006|charging_state|10050
02-22 13:06:04.995  4477  4477 D ExpandableNotifRow: mMaxSmallHeight different before reInflateViews mMaxSmallHeight: 203 mTempSmallHeight:0 -1|com.android.systemui|2131364006|charging_state|10050
02-22 13:06:04.995  4477  4477 D ExpandableNotifRow: mMaxSmallHeight different before reInflateViews mMaxSmallHeight: 203 mTempSmallHeight:0 -1|com.android.systemui|2131364006|charging_state|10050
02-22 13:06:04.995  1903  2202 I CompositionEngine: [setDisplaySize] size=(434, 42)
02-22 13:06:04.997  4477  4477 D LocalImageResolver: Couldn't use ImageDecoder for drawable, falling back to non-resized load.
02-22 13:06:05.000 25985 25985 I View    : setRequestedFrameRate frameRate=-4.0, this=android.webkit.WebView{cb09bb7 VFEDHVC.. .F...... 0,0-1080,2340 aid=1073741825}, caller=android.view.ViewGroup.setRequestedFrameRate:9952 WV.rf.o:1 WV.rg.h:118 WV.rg.onDraw:7 com.android.webview.chromium.WebViewChromium.onDraw:19 
02-22 13:06:05.001  4477  4477 W RefactorFlag: New code path expects SceneContainerFlag to be enabled.
02-22 13:06:05.001  4477  4477 D ExpandableNotifRow: mMaxSmallHeight different before reInflateViews mMaxSmallHeight: 203 mTempSmallHeight:0 -1|com.android.systemui|2131364006|charging_state|10050
02-22 13:06:05.001  4477  4477 D ExpandableNotifRow: mMaxSmallHeight different before reInflateViews mMaxSmallHeight: 203 mTempSmallHeight:0 -1|com.android.systemui|2131364006|charging_state|10050
02-22 13:06:05.002  4477  4477 I LockscreenNotificationIconsOnlyController: onNotificationInfoUpdated 0
02-22 13:06:05.002  4477  4477 I AODNotificationManager: updateNotification() 
02-22 13:06:05.010 25985 25985 I View    : setRequestedFrameRate frameRate=-4.0, this=android.webkit.WebView{cb09bb7 VFEDHVC.. .F...... 0,0-1080,2340 aid=1073741825}, caller=android.view.ViewGroup.setRequestedFrameRate:9952 WV.rf.o:1 WV.rg.h:118 WV.rg.onDraw:7 com.android.webview.chromium.WebViewChromium.onDraw:19 
02-22 13:06:05.016 25985 25985 I View    : setRequestedFrameRate frameRate=-4.0, this=android.webkit.WebView{cb09bb7 VFEDHVC.. .F...... 0,0-1080,2340 aid=1073741825}, caller=android.view.ViewGroup.setRequestedFrameRate:9952 WV.rf.o:1 WV.rg.h:118 WV.rg.onDraw:7 com.android.webview.chromium.WebViewChromium.onDraw:19 
02-22 13:06:05.025 25985 25985 I View    : setRequestedFrameRate frameRate=-4.0, this=android.webkit.WebView{cb09bb7 VFEDHVC.. .F...... 0,0-1080,2340 aid=1073741825}, caller=android.view.ViewGroup.setRequestedFrameRate:9952 WV.rf.o:1 WV.rg.h:118 WV.rg.onDraw:7 com.android.webview.chromium.WebViewChromium.onDraw:19 
02-22 13:06:05.033 25985 25985 I View    : setRequestedFrameRate frameRate=-4.0, this=android.webkit.WebView{cb09bb7 VFEDHVC.. .F...... 0,0-1080,2340 aid=1073741825}, caller=android.view.ViewGroup.setRequestedFrameRate:9952 WV.rf.o:1 WV.rg.h:118 WV.rg.onDraw:7 com.android.webview.chromium.WebViewChromium.onDraw:19 
02-22 13:06:05.041 25985 25985 I View    : setRequestedFrameRate frameRate=-4.0, this=android.webkit.WebView{cb09bb7 VFEDHVC.. .F...... 0,0-1080,2340 aid=1073741825}, caller=android.view.ViewGroup.setRequestedFrameRate:9952 WV.rf.o:1 WV.rg.h:118 WV.rg.onDraw:7 com.android.webview.chromium.WebViewChromium.onDraw:19 
02-22 13:06:05.050 25985 25985 I View    : setRequestedFrameRate frameRate=-4.0, this=android.webkit.WebView{cb09bb7 VFEDHVC.. .F...... 0,0-1080,2340 aid=1073741825}, caller=android.view.ViewGroup.setRequestedFrameRate:9952 WV.rf.o:1 WV.rg.h:118 WV.rg.onDraw:7 com.android.webview.chromium.WebViewChromium.onDraw:19 
02-22 13:06:05.058 25985 25985 I View    : setRequestedFrameRate frameRate=-4.0, this=android.webkit.WebView{cb09bb7 VFEDHVC.. .F...... 0,0-1080,2340 aid=1073741825}, caller=android.view.ViewGroup.setRequestedFrameRate:9952 WV.rf.o:1 WV.rg.h:118 WV.rg.onDraw:7 com.android.webview.chromium.WebViewChromium.onDraw:19 
02-22 13:06:05.058  1747  4966 D vendor.qti.bluetooth@1.0-wake_lock: Release wakelock is released 
02-22 13:06:05.066 25985 25985 I View    : setRequestedFrameRate frameRate=-4.0, this=android.webkit.WebView{cb09bb7 VFEDHVC.. .F...... 0,0-1080,2340 aid=1073741825}, caller=android.view.ViewGroup.setRequestedFrameRate:9952 WV.rf.o:1 WV.rg.h:118 WV.rg.onDraw:7 com.android.webview.chromium.WebViewChromium.onDraw:19 
02-22 13:06:05.074 25985 25985 I View    : setRequestedFrameRate frameRate=-4.0, this=android.webkit.WebView{cb09bb7 VFEDHVC.. .F...... 0,0-1080,2340 aid=1073741825}, caller=android.view.ViewGroup.setRequestedFrameRate:9952 WV.rf.o:1 WV.rg.h:118 WV.rg.onDraw:7 com.android.webview.chromium.WebViewChromium.onDraw:19 
