02-22 12:54:48.061  1827  2915 V AudioVoiceBooster: VoiceBooster_Command command 10 cmdSize 8
02-22 12:54:48.061  1827  2915 V AudioVoiceBooster: VoiceBooster_Command SET_VOLUME float 0.010351
02-22 12:54:48.061  1827  2915 V AudioVoiceBooster: VoiceBooster_Command command 3 cmdSize 0
02-22 12:54:48.061  1827  2915 V AudioVoiceBooster: VoiceBooster_Command command 5 cmdSize 48
02-22 12:54:48.061  1827  2915 V AudioVoiceBooster: VoiceBooster_Command EFFECT_CMD_SET_PARAM cmdSize 48 cmdData 0xb4000077a8b58510, *replySize 4, replyData 0x75bb131450
02-22 12:54:48.061  1827  2915 I AudioVoiceBooster: VoiceBooster setPresetTable 2 0 0 0 0 0 0 0 
02-22 12:54:48.061  1827  2915 I AudioEffectStageModule: VoiceBooster(-2108) LazyInit end
02-22 12:54:48.073  1765  2847 I AGM: graph: print_graph_alias: 2377 GKV Alias 307 | DeviceTX_VoiceActivation_Mic_Instance_Instance_1_DevicePP_Tx_RAW_NLPI_StreamTX_Voice_UI_Stream_Config_Hotword
02-22 12:54:48.093  1765  2847 I AGM: graph: print_graph_alias: 2377 GKV Alias 995 | DeviceTX_VoiceActivation_Mic_Instance_Instance_1_DevicePP_Tx_RAW_NLPI_StreamTX_Voice_UI_Stream_Config_CUSTOM
02-22 12:54:48.134 17715 17715 I EffectManager: isSupportVoiceBoostOnCurrentAudioPath() : path is speaker (0)
02-22 12:54:48.134 17715 17715 I DVFSHelper: isNecessaryToBoostCPU() : isDolbyOn? true, isUHQUpscalerOn? false, isVoiceBoostOn? true, isVolumeNormalizationOn? true
02-22 12:54:49.053  1827 17110 D Hal2AidlMapper: [default] prepareToOpenStream: handle 8806, device AudioDevice{type: AudioDeviceDescription{type: IN_MICROPHONE, connection: }, address: AudioDeviceAddress{id: bottom}}, flags AudioIoFlags{input: 0}, source SEC_BARGEIN_DRIVING, config AudioConfig{base: AudioConfigBase{sampleRate: 16000, channelMask: AudioChannelLayout{layoutMask: 1}, format: AudioFormatDescription{type: PCM, pcm: INT_16_BIT, encoding: }}, offloadInfo: AudioOffloadInfo{base: AudioConfigBase{sampleRate: 0, channelMask: AudioChannelLayout{none: 0}, format: AudioFormatDescription{type: DEFAULT, pcm: DEFAULT, encoding: }}, streamType: VOICE_CALL, bitRatePerSecond: 0, durationUs: 0, hasVideo: false, isStreaming: false, bitWidth: 16, offloadBufferSize: 0, usage: UNKNOWN, encapsulationMode: NONE, contentId: 0, syncId: 0}, frameCount: 0}, mixport config AudioPortConfig{id: 0, portId: 0, sampleRate: (null), channelMask: (null), format: (null), gain: (null), flags: (null), ext: AudioPortExt{unspecified: false}}
02-22 12:54:49.055  1827 17110 I AudioEffectStage: StageAttribute name input_normal_input_voice_changer, io 2, mixerType 3, openDevice 0, threadFlags 0
02-22 12:54:49.066 16793 25807 I BWU@VoiceWakeupInfo: getWakeupLanguage(0) : it_IT(defaultPref : it-IT, keywordPref : it_IT)
02-22 12:54:49.066 16793 25807 I BWU@VoiceWakeupInfo: getWakeupDefaultKeyword Locale : it_IT isSanxingxiaobeiKeywordSupport false
02-22 12:54:49.067 16793 25807 I BWU@VoiceWakeupInfo: getWakeupLanguage(0) : it_IT(defaultPref : it-IT, keywordPref : it_IT)
02-22 12:54:49.067 16793 25807 I BWU@VoiceWakeupInfo: getWakeupKeywordType: bixby
02-22 12:54:49.067 16793 25807 I BWU@VoiceWakeupInfo: getWakeupKeywordType : KeywordType{mode=FIXED, keyword='bixby', supported=true}, mode : 0
02-22 12:54:49.068 16793 25807 I BWU@VoiceWakeupInfo: getMyVoiceString (0) : bixby
02-22 12:54:49.073 16793 25807 I BWU@VoiceWakeupInfo: keyword : hibixby, isKeywordEnrolled : true
02-22 12:54:49.073 16793 25807 I BWU@VoiceWakeupInfo: getWakeupLanguage(0) : it_IT(defaultPref : it-IT, keywordPref : it_IT)
02-22 12:54:49.074 16793 28875 I WakeupKwdDecoderBargein: VerifySetDebugMode(false), savePath: /storage/emulated/0/myvoice/running/
02-22 12:54:49.075 16793 25807 I VoiceActivityDetector: init - check instance
02-22 12:54:49.075 16793 25807 E VoiceActivityDetector: instance is null
02-22 12:54:49.075 16793 25807 I VADLibrary: [VoiceActivityDetector](34) - construct(VER : 4250714)
02-22 12:54:49.075 16793 25807 I VADLibrary: [VoiceActivityDetector](34) - init (mode : Wakeup, channel : 1, samplerate : 16000)
02-22 12:54:49.076 16793 25807 W VoiceActivityDetector: Context is null. Skipped.
02-22 12:54:49.076 16793 25807 I VoiceActivityDetector: Debug mode : OFF
02-22 12:54:49.077 16793 25807 I BWU@VoiceWakeupInfo: getWakeupLanguage(0) : it_IT(defaultPref : it-IT, keywordPref : it_IT)
02-22 12:54:49.077 16793 25807 I BWU@VoiceWakeupInfo: getWakeupDefaultKeyword Locale : it_IT isSanxingxiaobeiKeywordSupport false
02-22 12:54:49.077 16793 25807 I BWU@VoiceWakeupInfo: getWakeupLanguage(0) : it_IT(defaultPref : it-IT, keywordPref : it_IT)
02-22 12:54:49.077 16793 25807 I BWU@VoiceWakeupInfo: getWakeupKeywordType: bixby
02-22 12:54:49.077 16793 25807 I BWU@VerifierAdapter: [bixby_latency] MARK::SoundFeedback : true, VoiceMatch : true, Wakeup Keyword : bixby
02-22 12:54:50.663 29505 29548 I ControllerEventHandler: [#CMH#] requestToRegisterInstantWorker: mIsPolicyIgnore :  false
02-22 12:54:51.136 17715 17715 I EffectManager: isSupportVoiceBoostOnCurrentAudioPath() : path is speaker (0)
02-22 12:54:51.136 17715 17715 I DVFSHelper: isNecessaryToBoostCPU() : isDolbyOn? true, isUHQUpscalerOn? false, isVoiceBoostOn? true, isVolumeNormalizationOn? true
02-22 12:54:54.141 17715 17715 I EffectManager: isSupportVoiceBoostOnCurrentAudioPath() : path is speaker (0)
02-22 12:54:54.141 17715 17715 I DVFSHelper: isNecessaryToBoostCPU() : isDolbyOn? true, isUHQUpscalerOn? false, isVoiceBoostOn? true, isVolumeNormalizationOn? true
02-22 12:54:54.185  1827  2915 V AudioVoiceBooster: VoiceBooster_Command command 2 cmdSize 0
02-22 12:54:54.185  1827  2915 V AudioVoiceBooster: VoiceBooster_Reset
02-22 12:54:54.276  1827 17110 I AudioFlinger: set voice booster Latency
02-22 12:54:54.285  1827  2915 V AudioVoiceBooster: VoiceBooster_Command command 10 cmdSize 8
02-22 12:54:54.285  1827  2915 V AudioVoiceBooster: VoiceBooster_Command SET_VOLUME float 0.010351
02-22 12:54:55.020  8814 10308 I NotifySyncService_8814_10308: onNotificationPosted Id:2131364006 key:-1|com.android.systemui|2131364006|charging_state|10050 PackageName:com.android.systemui IsOngoing:true PostTime:1771761294813 currentDeviceModel.connected: true
02-22 12:54:56.445  1827  2915 V AudioVoiceBooster: VoiceBooster_Command command 2 cmdSize 0
02-22 12:54:56.445  1827  2915 V AudioVoiceBooster: VoiceBooster_Reset
02-22 12:54:57.646  1827  2915 V AudioVoiceBooster: VoiceBooster_Command command 9 cmdSize 4
02-22 12:54:57.646  1827  2915 V AudioVoiceBooster: VoiceBooster_Command SET_DEVICE 2
02-22 12:54:57.646  1827  2915 I AudioFlinger: updateVoiceBoosterState curDevice 2, index 0
02-22 12:54:57.649  1827   694 I AudioFlinger: set voice booster Latency
02-22 12:54:57.665  1827  2915 V AudioVoiceBooster: VoiceBooster_Command command 10 cmdSize 8
02-22 12:54:57.665  1827  2915 V AudioVoiceBooster: VoiceBooster_Command SET_VOLUME float 0.010351
02-22 12:54:58.146 17715 17715 I EffectManager: isSupportVoiceBoostOnCurrentAudioPath() : path is speaker (0)
02-22 12:54:58.146 17715 17715 I DVFSHelper: isNecessaryToBoostCPU() : isDolbyOn? true, isUHQUpscalerOn? false, isVoiceBoostOn? true, isVolumeNormalizationOn? true
02-22 12:54:58.425  1827  2915 V AudioVoiceBooster: VoiceBooster_Command command 2 cmdSize 0
02-22 12:54:58.425  1827  2915 V AudioVoiceBooster: VoiceBooster_Reset
02-22 12:54:58.485  1827  2915 V AudioVoiceBooster: VoiceBooster_Command command 10 cmdSize 8
02-22 12:54:58.485  1827  2915 V AudioVoiceBooster: VoiceBooster_Command SET_VOLUME float 0.010351
02-22 12:54:58.505  1827  2915 V AudioVoiceBooster: VoiceBooster_Command command 2 cmdSize 0
02-22 12:54:58.505  1827  2915 V AudioVoiceBooster: VoiceBooster_Reset
02-22 12:55:00.499 16793 16836 I BWU@ForegroundServiceUtil: stopForeground : 0 , com.samsung.android.voicewakeup.alwaysmicon.AecWakeupService@e422e43
02-22 12:55:00.505 16793 25884 I BWU@ForegroundServiceUtil: stopForeground : 0 , com.samsung.android.voicewakeup.alwaysmicon.AecWakeupService@e422e43
02-22 12:55:00.505 16793 25807 I VADLibrary: [VoiceActivityDetector](34) - release
02-22 12:55:00.506 16793 25807 I VADLibrary: [VoiceActivityDetector](34) - destruct
02-22 12:55:00.515  1827  2915 I AudioEffectStageModule: Lazy fx standby, index -2108, name VoiceBooster
02-22 12:55:00.515  1827  2915 V AudioVoiceBooster: VoiceBoosterLib_Release
02-22 12:55:00.574  1765  2847 I AGM: graph: print_graph_alias: 2377 GKV Alias 304 | DeviceTX_VoiceActivation_Mic_Instance_Instance_1_DevicePP_Tx_RAW_LPI_StreamTX_Voice_UI_Stream_Config_Hotword
02-22 12:55:00.594  1765  2847 I AGM: graph: print_graph_alias: 2377 GKV Alias 665 | DeviceTX_VoiceActivation_Mic_Instance_Instance_1_DevicePP_Tx_RAW_LPI_StreamTX_Voice_UI_Stream_Config_CUSTOM
02-22 12:55:02.192  1827  2915 I AudioFlinger: updateVoiceBoosterState curDevice 2, index 0
02-22 12:55:02.196  1827 16440 I AudioFlinger: set voice booster Latency
02-22 12:55:02.197 17715 17715 I EffectManager: isSupportVoiceBoostOnCurrentAudioPath() : path is speaker (0)
02-22 12:55:02.197 17715 17715 I DVFSHelper: isNecessaryToBoostCPU() : isDolbyOn? true, isUHQUpscalerOn? false, isVoiceBoostOn? true, isVolumeNormalizationOn? true
02-22 12:55:02.222  1827  2915 V AudioVoiceBooster:  VoiceBooster_Init
02-22 12:55:02.222  1827  2915 V AudioVoiceBooster: VoiceBoosterLib_Create context is 0xb400007798b0c250
02-22 12:55:02.223  1827  2915 I AudioEffectStageModule: VoiceBooster(-2108) LazyInit start
02-22 12:55:02.223  1827  2915 V AudioVoiceBooster: VoiceBooster_Command command 0 cmdSize 28
02-22 12:55:02.223  1827  2915 V AudioVoiceBooster:  VoiceBooster_Init
02-22 12:55:02.223  1827  2915 V AudioVoiceBooster: VoiceBooster_Command command 1 cmdSize 112
02-22 12:55:02.223  1827  2915 V AudioVoiceBooster: VoiceBooster_Command command 9 cmdSize 4
02-22 12:55:02.223  1827  2915 V AudioVoiceBooster: VoiceBooster_Command SET_DEVICE 2
02-22 12:55:02.223  1827  2915 V AudioVoiceBooster: VoiceBooster_Command command 10 cmdSize 8
02-22 12:55:02.223  1827  2915 V AudioVoiceBooster: VoiceBooster_Command SET_VOLUME float 0.010351
02-22 12:55:02.223  1827  2915 V AudioVoiceBooster: VoiceBooster_Command command 3 cmdSize 0
02-22 12:55:02.223  1827  2915 V AudioVoiceBooster: VoiceBooster_Command command 5 cmdSize 48
02-22 12:55:02.223  1827  2915 V AudioVoiceBooster: VoiceBooster_Command EFFECT_CMD_SET_PARAM cmdSize 48 cmdData 0xb4000077a8b58510, *replySize 4, replyData 0x75bb131450
02-22 12:55:02.223  1827  2915 I AudioVoiceBooster: VoiceBooster setPresetTable 2 0 0 0 0 0 0 0 
02-22 12:55:02.223  1827  2915 I AudioEffectStageModule: VoiceBooster(-2108) LazyInit end
02-22 12:55:02.234  1765  2847 I AGM: graph: print_graph_alias: 2377 GKV Alias 307 | DeviceTX_VoiceActivation_Mic_Instance_Instance_1_DevicePP_Tx_RAW_NLPI_StreamTX_Voice_UI_Stream_Config_Hotword
02-22 12:55:02.254  1765  2847 I AGM: graph: print_graph_alias: 2377 GKV Alias 995 | DeviceTX_VoiceActivation_Mic_Instance_Instance_1_DevicePP_Tx_RAW_NLPI_StreamTX_Voice_UI_Stream_Config_CUSTOM
02-22 12:55:03.216  1827  1940 D Hal2AidlMapper: [default] prepareToOpenStream: handle 8814, device AudioDevice{type: AudioDeviceDescription{type: IN_MICROPHONE, connection: }, address: AudioDeviceAddress{id: bottom}}, flags AudioIoFlags{input: 0}, source SEC_BARGEIN_DRIVING, config AudioConfig{base: AudioConfigBase{sampleRate: 16000, channelMask: AudioChannelLayout{layoutMask: 1}, format: AudioFormatDescription{type: PCM, pcm: INT_16_BIT, encoding: }}, offloadInfo: AudioOffloadInfo{base: AudioConfigBase{sampleRate: 0, channelMask: AudioChannelLayout{none: 0}, format: AudioFormatDescription{type: DEFAULT, pcm: DEFAULT, encoding: }}, streamType: VOICE_CALL, bitRatePerSecond: 0, durationUs: 0, hasVideo: false, isStreaming: false, bitWidth: 16, offloadBufferSize: 0, usage: UNKNOWN, encapsulationMode: NONE, contentId: 0, syncId: 0}, frameCount: 0}, mixport config AudioPortConfig{id: 0, portId: 0, sampleRate: (null), channelMask: (null), format: (null), gain: (null), flags: (null), ext: AudioPortExt{unspecified: false}}
02-22 12:55:03.219  1827  1940 I AudioEffectStage: StageAttribute name input_normal_input_voice_changer, io 2, mixerType 3, openDevice 0, threadFlags 0
02-22 12:55:03.231 16793 25884 I BWU@VoiceWakeupInfo: getWakeupLanguage(0) : it_IT(defaultPref : it-IT, keywordPref : it_IT)
02-22 12:55:03.231 16793 25884 I BWU@VoiceWakeupInfo: getWakeupDefaultKeyword Locale : it_IT isSanxingxiaobeiKeywordSupport false
02-22 12:55:03.232 16793 25884 I BWU@VoiceWakeupInfo: getWakeupLanguage(0) : it_IT(defaultPref : it-IT, keywordPref : it_IT)
02-22 12:55:03.232 16793 25884 I BWU@VoiceWakeupInfo: getWakeupKeywordType: bixby
02-22 12:55:03.232 16793 25884 I BWU@VoiceWakeupInfo: getWakeupKeywordType : KeywordType{mode=FIXED, keyword='bixby', supported=true}, mode : 0
02-22 12:55:03.233 16793 25884 I BWU@VoiceWakeupInfo: getMyVoiceString (0) : bixby
02-22 12:55:03.238 16793 25884 I BWU@VoiceWakeupInfo: keyword : hibixby, isKeywordEnrolled : true
02-22 12:55:03.239 16793 25884 I BWU@VoiceWakeupInfo: getWakeupLanguage(0) : it_IT(defaultPref : it-IT, keywordPref : it_IT)
02-22 12:55:03.239 16793 28875 I WakeupKwdDecoderBargein: VerifySetDebugMode(false), savePath: /storage/emulated/0/myvoice/running/
02-22 12:55:03.241 16793 25884 I VoiceActivityDetector: init - check instance
02-22 12:55:03.241 16793 25884 E VoiceActivityDetector: instance is null
02-22 12:55:03.241 16793 25884 I VADLibrary: [VoiceActivityDetector](35) - construct(VER : 4250714)
02-22 12:55:03.241 16793 25884 I VADLibrary: [VoiceActivityDetector](35) - init (mode : Wakeup, channel : 1, samplerate : 16000)
02-22 12:55:03.242 16793 25884 W VoiceActivityDetector: Context is null. Skipped.
02-22 12:55:03.242 16793 25884 I VoiceActivityDetector: Debug mode : OFF
02-22 12:55:03.243 16793 25884 I BWU@VoiceWakeupInfo: getWakeupLanguage(0) : it_IT(defaultPref : it-IT, keywordPref : it_IT)
02-22 12:55:03.243 16793 25884 I BWU@VoiceWakeupInfo: getWakeupDefaultKeyword Locale : it_IT isSanxingxiaobeiKeywordSupport false
02-22 12:55:03.243 16793 25884 I BWU@VoiceWakeupInfo: getWakeupLanguage(0) : it_IT(defaultPref : it-IT, keywordPref : it_IT)
02-22 12:55:03.243 16793 25884 I BWU@VoiceWakeupInfo: getWakeupKeywordType: bixby
02-22 12:55:03.243 16793 25884 I BWU@VerifierAdapter: [bixby_latency] MARK::SoundFeedback : true, VoiceMatch : true, Wakeup Keyword : bixby
02-22 12:55:03.708  1827  2915 V AudioVoiceBooster: VoiceBooster_Command command 2 cmdSize 0
02-22 12:55:03.708  1827  2915 V AudioVoiceBooster: VoiceBooster_Reset
02-22 12:55:04.048  1827  2915 V AudioVoiceBooster: VoiceBooster_Command command 9 cmdSize 4
02-22 12:55:04.048  1827  2915 V AudioVoiceBooster: VoiceBooster_Command SET_DEVICE 2
02-22 12:55:04.048  1827  2915 I AudioFlinger: updateVoiceBoosterState curDevice 2, index 0
02-22 12:55:04.051  1827   694 I AudioFlinger: set voice booster Latency
02-22 12:55:04.051  1827  2915 V AudioVoiceBooster: VoiceBooster_Command command 10 cmdSize 8
02-22 12:55:04.051  1827  2915 V AudioVoiceBooster: VoiceBooster_Command SET_VOLUME float 0.010351
02-22 12:55:04.628  1827  2915 V AudioVoiceBooster: VoiceBooster_Command command 2 cmdSize 0
02-22 12:55:04.628  1827  2915 V AudioVoiceBooster: VoiceBooster_Reset
02-22 12:55:04.688  1827  2915 V AudioVoiceBooster: VoiceBooster_Command command 10 cmdSize 8
02-22 12:55:04.688  1827  2915 V AudioVoiceBooster: VoiceBooster_Command SET_VOLUME float 0.010351
02-22 12:55:04.708  1827  2915 V AudioVoiceBooster: VoiceBooster_Command command 2 cmdSize 0
02-22 12:55:04.708  1827  2915 V AudioVoiceBooster: VoiceBooster_Reset
02-22 12:55:06.698 16793 16825 I BWU@ForegroundServiceUtil: stopForeground : 0 , com.samsung.android.voicewakeup.alwaysmicon.AecWakeupService@e422e43
02-22 12:55:06.703 16793 25884 I VADLibrary: [VoiceActivityDetector](35) - release
02-22 12:55:06.703 16793 25807 I BWU@ForegroundServiceUtil: stopForeground : 0 , com.samsung.android.voicewakeup.alwaysmicon.AecWakeupService@e422e43
02-22 12:55:06.704 16793 25884 I VADLibrary: [VoiceActivityDetector](35) - destruct
02-22 12:55:06.718  1827  2915 I AudioEffectStageModule: Lazy fx standby, index -2108, name VoiceBooster
02-22 12:55:06.718  1827  2915 V AudioVoiceBooster: VoiceBoosterLib_Release
02-22 12:55:06.783  1765  2847 I AGM: graph: print_graph_alias: 2377 GKV Alias 304 | DeviceTX_VoiceActivation_Mic_Instance_Instance_1_DevicePP_Tx_RAW_LPI_StreamTX_Voice_UI_Stream_Config_Hotword
02-22 12:55:06.806  1765  2847 I AGM: graph: print_graph_alias: 2377 GKV Alias 665 | DeviceTX_VoiceActivation_Mic_Instance_Instance_1_DevicePP_Tx_RAW_LPI_StreamTX_Voice_UI_Stream_Config_CUSTOM
02-22 12:55:20.696  8224  8224 I HBD     : b updateConfig: [SpaceRowStyleEmailURLDotComItem] true / [SpaceRowStyleEmailURLPeriodItem] true / [SpaceRowStyleJapaneseArrowItem] true / [SpaceRowStyleJapanesePeriodItem] true / [TouchAndHoldSpaceBarTypeItem] cursor_control / [UseToolBarItem] true / [VoiceInputTypeItem] 1 / [DensityItem] 2.8125 / [DisplayWidthItem] 1080 / [DisplayHeightItem] 2213 / [MainTextLabelItem] 1 /  
02-22 12:55:20.696  8224  8224 I HBD     : b updateConfig: [LanguageSwitchingUsingKeyItem] true / [VoiceEnabledItem] true / [PredictionStatusItem] true / [EditorEnterActionItem] -1 /  
02-22 12:55:20.726  8224 21239 I HBD     : l HoneyVoice checkFeature() 0 time: 0
02-22 12:55:20.726  8224 21239 I HBD     : a HoneyVoice isSCSSpeechFeatureEnabled : true 0 ms 
02-22 12:55:20.732  8224  8224 I HBD     : c HoneyVoice setNavigationBarShortcut android.widget.RemoteViews@e8287e2
02-22 12:55:20.736  8224  8224 I HBD     : c HoneyVoice setNavigationBarShortcut null
02-22 12:55:20.759  8224  8224 I HBD     : c HoneyVoice setNavigationBarShortcut android.widget.RemoteViews@dc6e773
02-22 12:55:21.840  8224  8224 I HBD     : c HoneyVoice setNavigationBarShortcut null
02-22 12:55:23.183  2277  2863 D WindowManager: requestTransientBars: swipeTarget=Window{34bd2e0 u0 NavigationBarView}, controlTarget=Window{36ca919 u0 com.instaflow.android/com.instagram.mainactivity.InstagramMainActivity}, canShowTransient=false, restorePositionTypes=0x3, from=com.android.server.wm.DisplayPolicy$1.onSwipeFromLeft:81 com.android.server.wm.SystemGesturesPointerEventListener.onPointerEvent:561 
02-22 12:55:25.412  8814 10308 I NotifySyncService_8814_10308: onNotificationPosted Id:2131364006 key:-1|com.android.systemui|2131364006|charging_state|10050 PackageName:com.android.systemui IsOngoing:true PostTime:1771761325199 currentDeviceModel.connected: true
02-22 12:55:35.881  1827  2915 I AudioFlinger: updateVoiceBoosterState curDevice 2, index 0
02-22 12:55:35.884  1827 29830 I AudioFlinger: set voice booster Latency
02-22 12:55:35.905  1827  2915 V AudioVoiceBooster:  VoiceBooster_Init
02-22 12:55:35.905  1827  2915 V AudioVoiceBooster: VoiceBoosterLib_Create context is 0xb400007798b0f270
02-22 12:55:35.906  1827  2915 I AudioEffectStageModule: VoiceBooster(-2108) LazyInit start
02-22 12:55:35.906  1827  2915 V AudioVoiceBooster: VoiceBooster_Command command 0 cmdSize 28
02-22 12:55:35.906  1827  2915 V AudioVoiceBooster:  VoiceBooster_Init
02-22 12:55:35.906  1827  2915 V AudioVoiceBooster: VoiceBooster_Command command 1 cmdSize 112
02-22 12:55:35.906  1827  2915 V AudioVoiceBooster: VoiceBooster_Command command 9 cmdSize 4
02-22 12:55:35.906  1827  2915 V AudioVoiceBooster: VoiceBooster_Command SET_DEVICE 2
02-22 12:55:35.906  1827  2915 V AudioVoiceBooster: VoiceBooster_Command command 10 cmdSize 8
02-22 12:55:35.906  1827  2915 V AudioVoiceBooster: VoiceBooster_Command SET_VOLUME float 0.010351
02-22 12:55:35.906  1827  2915 V AudioVoiceBooster: VoiceBooster_Command command 3 cmdSize 0
02-22 12:55:35.906  1827  2915 V AudioVoiceBooster: VoiceBooster_Command command 5 cmdSize 48
02-22 12:55:35.906  1827  2915 V AudioVoiceBooster: VoiceBooster_Command EFFECT_CMD_SET_PARAM cmdSize 48 cmdData 0xb4000077a8b58510, *replySize 4, replyData 0x75bb131450
02-22 12:55:35.906  1827  2915 I AudioVoiceBooster: VoiceBooster setPresetTable 2 0 0 0 0 0 0 0 
02-22 12:55:35.906  1827  2915 I AudioEffectStageModule: VoiceBooster(-2108) LazyInit end
02-22 12:55:35.918  1765  2847 I AGM: graph: print_graph_alias: 2377 GKV Alias 307 | DeviceTX_VoiceActivation_Mic_Instance_Instance_1_DevicePP_Tx_RAW_NLPI_StreamTX_Voice_UI_Stream_Config_Hotword
02-22 12:55:35.939  1765  2847 I AGM: graph: print_graph_alias: 2377 GKV Alias 995 | DeviceTX_VoiceActivation_Mic_Instance_Instance_1_DevicePP_Tx_RAW_NLPI_StreamTX_Voice_UI_Stream_Config_CUSTOM
02-22 12:55:36.326 17715 17715 I EffectManager: isSupportVoiceBoostOnCurrentAudioPath() : path is speaker (0)
02-22 12:55:36.326 17715 17715 I DVFSHelper: isNecessaryToBoostCPU() : isDolbyOn? true, isUHQUpscalerOn? false, isVoiceBoostOn? true, isVolumeNormalizationOn? true
02-22 12:55:36.891  1827 17110 D Hal2AidlMapper: [default] prepareToOpenStream: handle 8822, device AudioDevice{type: AudioDeviceDescription{type: IN_MICROPHONE, connection: }, address: AudioDeviceAddress{id: bottom}}, flags AudioIoFlags{input: 0}, source SEC_BARGEIN_DRIVING, config AudioConfig{base: AudioConfigBase{sampleRate: 16000, channelMask: AudioChannelLayout{layoutMask: 1}, format: AudioFormatDescription{type: PCM, pcm: INT_16_BIT, encoding: }}, offloadInfo: AudioOffloadInfo{base: AudioConfigBase{sampleRate: 0, channelMask: AudioChannelLayout{none: 0}, format: AudioFormatDescription{type: DEFAULT, pcm: DEFAULT, encoding: }}, streamType: VOICE_CALL, bitRatePerSecond: 0, durationUs: 0, hasVideo: false, isStreaming: false, bitWidth: 16, offloadBufferSize: 0, usage: UNKNOWN, encapsulationMode: NONE, contentId: 0, syncId: 0}, frameCount: 0}, mixport config AudioPortConfig{id: 0, portId: 0, sampleRate: (null), channelMask: (null), format: (null), gain: (null), flags: (null), ext: AudioPortExt{unspecified: false}}
02-22 12:55:36.892  1827 17110 I AudioEffectStage: StageAttribute name input_normal_input_voice_changer, io 2, mixerType 3, openDevice 0, threadFlags 0
02-22 12:55:36.901 16793 25807 I BWU@VoiceWakeupInfo: getWakeupLanguage(0) : it_IT(defaultPref : it-IT, keywordPref : it_IT)
02-22 12:55:36.901 16793 25807 I BWU@VoiceWakeupInfo: getWakeupDefaultKeyword Locale : it_IT isSanxingxiaobeiKeywordSupport false
02-22 12:55:36.901 16793 25807 I BWU@VoiceWakeupInfo: getWakeupLanguage(0) : it_IT(defaultPref : it-IT, keywordPref : it_IT)
02-22 12:55:36.901 16793 25807 I BWU@VoiceWakeupInfo: getWakeupKeywordType: bixby
02-22 12:55:36.901 16793 25807 I BWU@VoiceWakeupInfo: getWakeupKeywordType : KeywordType{mode=FIXED, keyword='bixby', supported=true}, mode : 0
02-22 12:55:36.903 16793 25807 I BWU@VoiceWakeupInfo: getMyVoiceString (0) : bixby
02-22 12:55:36.909 16793 25807 I BWU@VoiceWakeupInfo: keyword : hibixby, isKeywordEnrolled : true
02-22 12:55:36.910 16793 25807 I BWU@VoiceWakeupInfo: getWakeupLanguage(0) : it_IT(defaultPref : it-IT, keywordPref : it_IT)
02-22 12:55:36.910 16793 28875 I WakeupKwdDecoderBargein: VerifySetDebugMode(false), savePath: /storage/emulated/0/myvoice/running/
02-22 12:55:36.912 16793 25807 I VoiceActivityDetector: init - check instance
02-22 12:55:36.912 16793 25807 E VoiceActivityDetector: instance is null
02-22 12:55:36.912 16793 25807 I VADLibrary: [VoiceActivityDetector](36) - construct(VER : 4250714)
02-22 12:55:36.912 16793 25807 I VADLibrary: [VoiceActivityDetector](36) - init (mode : Wakeup, channel : 1, samplerate : 16000)
02-22 12:55:36.913 16793 25807 W VoiceActivityDetector: Context is null. Skipped.
02-22 12:55:36.913 16793 25807 I VoiceActivityDetector: Debug mode : OFF
02-22 12:55:36.914 16793 25807 I BWU@VoiceWakeupInfo: getWakeupLanguage(0) : it_IT(defaultPref : it-IT, keywordPref : it_IT)
02-22 12:55:36.914 16793 25807 I BWU@VoiceWakeupInfo: getWakeupDefaultKeyword Locale : it_IT isSanxingxiaobeiKeywordSupport false
02-22 12:55:36.914 16793 25807 I BWU@VoiceWakeupInfo: getWakeupLanguage(0) : it_IT(defaultPref : it-IT, keywordPref : it_IT)
02-22 12:55:36.914 16793 25807 I BWU@VoiceWakeupInfo: getWakeupKeywordType: bixby
02-22 12:55:36.914 16793 25807 I BWU@VerifierAdapter: [bixby_latency] MARK::SoundFeedback : true, VoiceMatch : true, Wakeup Keyword : bixby
02-22 12:55:39.328 17715 17715 I EffectManager: isSupportVoiceBoostOnCurrentAudioPath() : path is speaker (0)
02-22 12:55:39.328 17715 17715 I DVFSHelper: isNecessaryToBoostCPU() : isDolbyOn? true, isUHQUpscalerOn? false, isVoiceBoostOn? true, isVolumeNormalizationOn? true
02-22 12:55:42.332 17715 17715 I EffectManager: isSupportVoiceBoostOnCurrentAudioPath() : path is speaker (0)
02-22 12:55:42.332 17715 17715 I DVFSHelper: isNecessaryToBoostCPU() : isDolbyOn? true, isUHQUpscalerOn? false, isVoiceBoostOn? true, isVolumeNormalizationOn? true
02-22 12:55:45.335 17715 17715 I EffectManager: isSupportVoiceBoostOnCurrentAudioPath() : path is speaker (0)
02-22 12:55:45.335 17715 17715 I DVFSHelper: isNecessaryToBoostCPU() : isDolbyOn? true, isUHQUpscalerOn? false, isVoiceBoostOn? true, isVolumeNormalizationOn? true
02-22 12:55:48.338 17715 17715 I EffectManager: isSupportVoiceBoostOnCurrentAudioPath() : path is speaker (0)
02-22 12:55:48.338 17715 17715 I DVFSHelper: isNecessaryToBoostCPU() : isDolbyOn? true, isUHQUpscalerOn? false, isVoiceBoostOn? true, isVolumeNormalizationOn? true
02-22 12:55:51.339 17715 17715 I EffectManager: isSupportVoiceBoostOnCurrentAudioPath() : path is speaker (0)
02-22 12:55:51.339 17715 17715 I DVFSHelper: isNecessaryToBoostCPU() : isDolbyOn? true, isUHQUpscalerOn? false, isVoiceBoostOn? true, isVolumeNormalizationOn? true
02-22 12:55:54.342 17715 17715 I EffectManager: isSupportVoiceBoostOnCurrentAudioPath() : path is speaker (0)
02-22 12:55:54.342 17715 17715 I DVFSHelper: isNecessaryToBoostCPU() : isDolbyOn? true, isUHQUpscalerOn? false, isVoiceBoostOn? true, isVolumeNormalizationOn? true
02-22 12:55:55.898  8814 10308 I NotifySyncService_8814_10308: onNotificationPosted Id:2131364006 key:-1|com.android.systemui|2131364006|charging_state|10050 PackageName:com.android.systemui IsOngoing:true PostTime:1771761355689 currentDeviceModel.connected: true
02-22 12:55:57.344 17715 17715 I EffectManager: isSupportVoiceBoostOnCurrentAudioPath() : path is speaker (0)
02-22 12:55:57.345 17715 17715 I DVFSHelper: isNecessaryToBoostCPU() : isDolbyOn? true, isUHQUpscalerOn? false, isVoiceBoostOn? true, isVolumeNormalizationOn? true
02-22 12:56:00.346 17715 17715 I EffectManager: isSupportVoiceBoostOnCurrentAudioPath() : path is speaker (0)
02-22 12:56:00.346 17715 17715 I DVFSHelper: isNecessaryToBoostCPU() : isDolbyOn? true, isUHQUpscalerOn? false, isVoiceBoostOn? true, isVolumeNormalizationOn? true
02-22 12:56:02.645 12266 12307 E VoiceSearchConfigProtoU: Unrecognized recognizer for [ja-JP, 3054]: 23. Ignoring it and its associated features.
02-22 12:56:02.645 12266 12307 E VoiceSearchConfigProtoU: Unrecognized recognizer for [ja-JP, 3054]: 22. Ignoring it and its associated features.
02-22 12:56:02.645 12266 12307 E VoiceSearchConfigProtoU: Unrecognized recognizer for [ja-JP, 3054]: 23. Ignoring it and its associated features.
02-22 12:56:02.645 12266 12307 E VoiceSearchConfigProtoU: Unrecognized recognizer for [ja-JP, 3054]: 22. Ignoring it and its associated features.
02-22 12:56:02.645 12266 12307 E VoiceSearchConfigProtoU: Unrecognized recognizer for [ja-JP, 3054]: 23. Ignoring it and its associated features.
02-22 12:56:02.645 12266 12307 E VoiceSearchConfigProtoU: Unrecognized recognizer for [ja-JP, 3054]: 22. Ignoring it and its associated features.
02-22 12:56:02.645 12266 12307 E VoiceSearchConfigProtoU: Unrecognized recognizer for [ja-JP, 3054]: 22. Ignoring it and its associated features.
02-22 12:56:02.645 12266 12307 E VoiceSearchConfigProtoU: Unrecognized recognizer for [ja-JP, 3054]: 22. Ignoring it and its associated features.
02-22 12:56:02.645 12266 12307 E VoiceSearchConfigProtoU: Unrecognized recognizer for [ja-JP, 3056]: 23. Ignoring it and its associated features.
02-22 12:56:02.645 12266 12307 E VoiceSearchConfigProtoU: Unrecognized recognizer for [ja-JP, 3056]: 22. Ignoring it and its associated features.
02-22 12:56:02.645 12266 12307 E VoiceSearchConfigProtoU: Unrecognized recognizer for [ja-JP, 3056]: 23. Ignoring it and its associated features.
02-22 12:56:02.645 12266 12307 E VoiceSearchConfigProtoU: Unrecognized recognizer for [ja-JP, 3056]: 22. Ignoring it and its associated features.
02-22 12:56:02.645 12266 12307 E VoiceSearchConfigProtoU: Unrecognized recognizer for [ja-JP, 3056]: 23. Ignoring it and its associated features.
02-22 12:56:02.645 12266 12307 E VoiceSearchConfigProtoU: Unrecognized recognizer for [ja-JP, 3056]: 22. Ignoring it and its associated features.
02-22 12:56:02.645 12266 12307 E VoiceSearchConfigProtoU: Unrecognized recognizer for [ja-JP, 3056]: 22. Ignoring it and its associated features.
02-22 12:56:02.645 12266 12307 E VoiceSearchConfigProtoU: Unrecognized recognizer for [ja-JP, 3056]: 22. Ignoring it and its associated features.
02-22 12:56:02.646 12266 12307 E VoiceSearchConfigProtoU: Unrecognized recognizer for [ja-JP, 3054]: 23. Ignoring it and its associated features.
02-22 12:56:02.646 12266 12307 E VoiceSearchConfigProtoU: Unrecognized recognizer for [ja-JP, 3054]: 22. Ignoring it and its associated features.
02-22 12:56:02.646 12266 12307 E VoiceSearchConfigProtoU: Unrecognized recognizer for [ja-JP, 3054]: 23. Ignoring it and its associated features.
02-22 12:56:02.646 12266 12307 E VoiceSearchConfigProtoU: Unrecognized recognizer for [ja-JP, 3054]: 22. Ignoring it and its associated features.
02-22 12:56:02.646 12266 12307 E VoiceSearchConfigProtoU: Unrecognized recognizer for [ja-JP, 3054]: 23. Ignoring it and its associated features.
02-22 12:56:02.646 12266 12307 E VoiceSearchConfigProtoU: Unrecognized recognizer for [ja-JP, 3054]: 22. Ignoring it and its associated features.
02-22 12:56:02.646 12266 12307 E VoiceSearchConfigProtoU: Unrecognized recognizer for [ja-JP, 3054]: 22. Ignoring it and its associated features.
02-22 12:56:02.646 12266 12307 E VoiceSearchConfigProtoU: Unrecognized recognizer for [ja-JP, 3054]: 22. Ignoring it and its associated features.
02-22 12:56:02.646 12266 12307 E VoiceSearchConfigProtoU: Unrecognized recognizer for [ja-JP, 3056]: 23. Ignoring it and its associated features.
02-22 12:56:02.646 12266 12307 E VoiceSearchConfigProtoU: Unrecognized recognizer for [ja-JP, 3056]: 22. Ignoring it and its associated features.
02-22 12:56:02.646 12266 12307 E VoiceSearchConfigProtoU: Unrecognized recognizer for [ja-JP, 3056]: 23. Ignoring it and its associated features.
02-22 12:56:02.646 12266 12307 E VoiceSearchConfigProtoU: Unrecognized recognizer for [ja-JP, 3056]: 22. Ignoring it and its associated features.
02-22 12:56:02.646 12266 12307 E VoiceSearchConfigProtoU: Unrecognized recognizer for [ja-JP, 3056]: 23. Ignoring it and its associated features.
02-22 12:56:02.646 12266 12307 E VoiceSearchConfigProtoU: Unrecognized recognizer for [ja-JP, 3056]: 22. Ignoring it and its associated features.
02-22 12:56:02.646 12266 12307 E VoiceSearchConfigProtoU: Unrecognized recognizer for [ja-JP, 3056]: 22. Ignoring it and its associated features.
02-22 12:56:02.646 12266 12307 E VoiceSearchConfigProtoU: Unrecognized recognizer for [ja-JP, 3056]: 22. Ignoring it and its associated features.
02-22 12:56:02.647 12266 12307 E VoiceSearchConfigProtoU: Unrecognized recognizer for [ja-JP, 3054]: 23. Ignoring it and its associated features.
02-22 12:56:02.647 12266 12307 E VoiceSearchConfigProtoU: Unrecognized recognizer for [ja-JP, 3054]: 22. Ignoring it and its associated features.
02-22 12:56:02.647 12266 12307 E VoiceSearchConfigProtoU: Unrecognized recognizer for [ja-JP, 3054]: 23. Ignoring it and its associated features.
02-22 12:56:02.647 12266 12307 E VoiceSearchConfigProtoU: Unrecognized recognizer for [ja-JP, 3054]: 22. Ignoring it and its associated features.
02-22 12:56:02.647 12266 12307 E VoiceSearchConfigProtoU: Unrecognized recognizer for [ja-JP, 3054]: 23. Ignoring it and its associated features.
02-22 12:56:02.647 12266 12307 E VoiceSearchConfigProtoU: Unrecognized recognizer for [ja-JP, 3054]: 22. Ignoring it and its associated features.
02-22 12:56:02.647 12266 12307 E VoiceSearchConfigProtoU: Unrecognized recognizer for [ja-JP, 3054]: 22. Ignoring it and its associated features.
02-22 12:56:02.647 12266 12307 E VoiceSearchConfigProtoU: Unrecognized recognizer for [ja-JP, 3054]: 22. Ignoring it and its associated features.
02-22 12:56:02.647 12266 12307 E VoiceSearchConfigProtoU: Unrecognized recognizer for [ja-JP, 3056]: 23. Ignoring it and its associated features.
02-22 12:56:02.647 12266 12307 E VoiceSearchConfigProtoU: Unrecognized recognizer for [ja-JP, 3056]: 22. Ignoring it and its associated features.
02-22 12:56:02.647 12266 12307 E VoiceSearchConfigProtoU: Unrecognized recognizer for [ja-JP, 3056]: 23. Ignoring it and its associated features.
02-22 12:56:02.647 12266 12307 E VoiceSearchConfigProtoU: Unrecognized recognizer for [ja-JP, 3056]: 22. Ignoring it and its associated features.
02-22 12:56:02.647 12266 12307 E VoiceSearchConfigProtoU: Unrecognized recognizer for [ja-JP, 3056]: 23. Ignoring it and its associated features.
02-22 12:56:02.647 12266 12307 E VoiceSearchConfigProtoU: Unrecognized recognizer for [ja-JP, 3056]: 22. Ignoring it and its associated features.
02-22 12:56:02.647 12266 12307 E VoiceSearchConfigProtoU: Unrecognized recognizer for [ja-JP, 3056]: 22. Ignoring it and its associated features.
02-22 12:56:02.647 12266 12307 E VoiceSearchConfigProtoU: Unrecognized recognizer for [ja-JP, 3056]: 22. Ignoring it and its associated features.
02-22 12:56:02.653 12266 12307 I LPRequestState: Assigning language pack Optional.of(LanguagePackDescriptor{locale=it_IT, version=3056, installType=ZIPFILE_DOWNLOAD, applicationDomains=[1, 2, 3, 4, 5, 6, 7, 11], featuresForDomains={1=[2, 3, 4, 5, 9, 10], 2=[2, 3, 4, 5, 9, 10], 3=[2, 3, 4, 5, 9, 10], 4=[2, 3, 4, 5, 9, 10], 5=[2, 3, 4, 5, 9, 10], 6=[2, 3, 4, 5, 9, 10], 7=[2, 3, 4, 5, 9, 10], 11=[2, 3, 4, 5, 9, 10]}, sizeBytes=55942000, zipfileParams=Optional.of(ZipfileParams{downloadUrl=https://dl.google.com/android/voice/soda/it-IT/v3056/soda-it-IT-v3056.zip, hashValueSha1=BA8ECB30671900DD733686F9A735DB1FF6E00088}), readOnlyParams=Optional.absent()}) for request # kze@13797151
02-22 12:56:02.655 12266 12307 I ZipLPPopulator: MDD.addFileGroup: LanguagePackDescriptor{locale=it_IT, version=3056, installType=ZIPFILE_DOWNLOAD, applicationDomains=[1, 2, 3, 4, 5, 6, 7, 11], featuresForDomains={1=[2, 3, 4, 5, 9, 10], 2=[2, 3, 4, 5, 9, 10], 3=[2, 3, 4, 5, 9, 10], 4=[2, 3, 4, 5, 9, 10], 5=[2, 3, 4, 5, 9, 10], 6=[2, 3, 4, 5, 9, 10], 7=[2, 3, 4, 5, 9, 10], 11=[2, 3, 4, 5, 9, 10]}, sizeBytes=55942000, zipfileParams=Optional.of(ZipfileParams{downloadUrl=https://dl.google.com/android/voice/soda/it-IT/v3056/soda-it-IT-v3056.zip, hashValueSha1=BA8ECB30671900DD733686F9A735DB1FF6E00088}), readOnlyParams=Optional.absent()}
02-22 12:56:02.656 12266 12307 I LPRequestState: Assigning language pack Optional.of(LanguagePackDescriptor{locale=it_IT, version=3056, installType=ZIPFILE_DOWNLOAD, applicationDomains=[1, 2, 3, 4, 5, 6, 7, 11], featuresForDomains={1=[2, 3, 4, 5, 9, 10], 2=[2, 3, 4, 5, 9, 10], 3=[2, 3, 4, 5, 9, 10], 4=[2, 3, 4, 5, 9, 10], 5=[2, 3, 4, 5, 9, 10], 6=[2, 3, 4, 5, 9, 10], 7=[2, 3, 4, 5, 9, 10], 11=[2, 3, 4, 5, 9, 10]}, sizeBytes=55942000, zipfileParams=Optional.of(ZipfileParams{downloadUrl=https://dl.google.com/android/voice/soda/it-IT/v3056/soda-it-IT-v3056.zip, hashValueSha1=BA8ECB30671900DD733686F9A735DB1FF6E00088}), readOnlyParams=Optional.absent()}) for request # kze@f85b2e21
02-22 12:56:02.656 12266 12307 I ZipLPPopulator: Updated file group for group 'langpack-domain_it-IT_3056_zipfile' from location: https://dl.google.com/android/voice/soda/it-IT/v3056/soda-it-IT-v3056.zip
02-22 12:56:02.721 28207 30692 D PhFileGroupPop: Added file groups voice_moods
02-22 12:56:03.346 17715 17715 I EffectManager: isSupportVoiceBoostOnCurrentAudioPath() : path is speaker (0)
02-22 12:56:03.346 17715 17715 I DVFSHelper: isNecessaryToBoostCPU() : isDolbyOn? true, isUHQUpscalerOn? false, isVoiceBoostOn? true, isVolumeNormalizationOn? true
02-22 12:56:03.537 28207 30692 D PhFileGroupPop: Added file groups voice_moods
02-22 12:56:04.952  8224  8224 I HBD     : b updateConfig: [SpaceRowStyleEmailURLDotComItem] true / [SpaceRowStyleEmailURLPeriodItem] true / [SpaceRowStyleJapaneseArrowItem] true / [SpaceRowStyleJapanesePeriodItem] true / [TouchAndHoldSpaceBarTypeItem] cursor_control / [UseToolBarItem] true / [VoiceInputTypeItem] 1 / [DensityItem] 2.8125 / [DisplayWidthItem] 1080 / [DisplayHeightItem] 2213 / [MainTextLabelItem] 1 /  
02-22 12:56:04.952  8224  8224 I HBD     : b updateConfig: [LanguageSwitchingUsingKeyItem] true / [VoiceEnabledItem] true / [PredictionStatusItem] true / [EditorEnterActionItem] -1 /  
02-22 12:56:04.976  8224 21239 I HBD     : l HoneyVoice checkFeature() 0 time: 1
02-22 12:56:04.976  8224 21239 I HBD     : a HoneyVoice isSCSSpeechFeatureEnabled : true 1 ms 
02-22 12:56:05.001  8224  8224 I HBD     : c HoneyVoice setNavigationBarShortcut android.widget.RemoteViews@d73e6a2
02-22 12:56:06.132  8224  8224 I HBD     : c HoneyVoice setNavigationBarShortcut null
02-22 12:56:06.349 17715 17715 I EffectManager: isSupportVoiceBoostOnCurrentAudioPath() : path is speaker (0)
02-22 12:56:06.349 17715 17715 I DVFSHelper: isNecessaryToBoostCPU() : isDolbyOn? true, isUHQUpscalerOn? false, isVoiceBoostOn? true, isVolumeNormalizationOn? true
02-22 12:56:06.783  2277  2863 D WindowManager: requestTransientBars: swipeTarget=Window{34bd2e0 u0 NavigationBarView}, controlTarget=Window{36ca919 u0 com.instaflow.android/com.instagram.mainactivity.InstagramMainActivity}, canShowTransient=false, restorePositionTypes=0x3, from=com.android.server.wm.DisplayPolicy$1.onSwipeFromLeft:81 com.android.server.wm.SystemGesturesPointerEventListener.onPointerEvent:561 
02-22 12:56:08.631  1827  2915 V AudioVoiceBooster: VoiceBooster_Command command 2 cmdSize 0
02-22 12:56:08.631  1827  2915 V AudioVoiceBooster: VoiceBooster_Reset
02-22 12:56:10.471  1827  2915 I AudioEffectStageModule: Lazy fx standby, index -2108, name VoiceBooster
02-22 12:56:10.472  1827  2915 V AudioVoiceBooster: VoiceBoosterLib_Release
02-22 12:56:10.490 16793 16880 I BWU@ForegroundServiceUtil: stopForeground : 0 , com.samsung.android.voicewakeup.alwaysmicon.AecWakeupService@e422e43
02-22 12:56:10.491 16793 25884 I BWU@ForegroundServiceUtil: stopForeground : 0 , com.samsung.android.voicewakeup.alwaysmicon.AecWakeupService@e422e43
02-22 12:56:10.491 16793 25807 I VADLibrary: [VoiceActivityDetector](36) - release
02-22 12:56:10.492 16793 25807 I VADLibrary: [VoiceActivityDetector](36) - destruct
02-22 12:56:10.545  1765 30549 I AGM: graph: print_graph_alias: 2377 GKV Alias 304 | DeviceTX_VoiceActivation_Mic_Instance_Instance_1_DevicePP_Tx_RAW_LPI_StreamTX_Voice_UI_Stream_Config_Hotword
02-22 12:56:10.574  1765 30549 I AGM: graph: print_graph_alias: 2377 GKV Alias 665 | DeviceTX_VoiceActivation_Mic_Instance_Instance_1_DevicePP_Tx_RAW_LPI_StreamTX_Voice_UI_Stream_Config_CUSTOM
02-22 12:56:18.215  8814 10308 I NotifySyncService_8814_10308: onNotificationPosted Id:64278 key:0|com.instagram.android|64278|direct|70404154749;thread_id:340282366841710301244276020156527433726|10896 PackageName:com.instagram.android IsOngoing:false PostTime:1771761377966 currentDeviceModel.connected: true
02-22 12:56:18.939  1827  2915 I AudioFlinger: updateVoiceBoosterState curDevice 2, index 0
02-22 12:56:18.943  1827 17419 I AudioFlinger: set voice booster Latency
02-22 12:56:18.968  1827  2915 V AudioVoiceBooster:  VoiceBooster_Init
02-22 12:56:18.968  1827  2915 V AudioVoiceBooster: VoiceBoosterLib_Create context is 0xb400007798af99b0
02-22 12:56:18.968  1827  2915 I AudioEffectStageModule: VoiceBooster(-2108) LazyInit start
02-22 12:56:18.968  1827  2915 V AudioVoiceBooster: VoiceBooster_Command command 0 cmdSize 28
02-22 12:56:18.968  1827  2915 V AudioVoiceBooster:  VoiceBooster_Init
02-22 12:56:18.968  1827  2915 V AudioVoiceBooster: VoiceBooster_Command command 1 cmdSize 112
02-22 12:56:18.968  1827  2915 V AudioVoiceBooster: VoiceBooster_Command command 9 cmdSize 4
02-22 12:56:18.968  1827  2915 V AudioVoiceBooster: VoiceBooster_Command SET_DEVICE 2
02-22 12:56:18.968  1827  2915 V AudioVoiceBooster: VoiceBooster_Command command 10 cmdSize 8
02-22 12:56:18.968  1827  2915 V AudioVoiceBooster: VoiceBooster_Command SET_VOLUME float 0.010351
02-22 12:56:18.968  1827  2915 V AudioVoiceBooster: VoiceBooster_Command command 3 cmdSize 0
02-22 12:56:18.968  1827  2915 V AudioVoiceBooster: VoiceBooster_Command command 5 cmdSize 48
02-22 12:56:18.968  1827  2915 V AudioVoiceBooster: VoiceBooster_Command EFFECT_CMD_SET_PARAM cmdSize 48 cmdData 0xb4000077a8b58510, *replySize 4, replyData 0x75bb131450
02-22 12:56:18.968  1827  2915 I AudioVoiceBooster: VoiceBooster setPresetTable 2 0 0 0 0 0 0 0 
02-22 12:56:18.968  1827  2915 I AudioEffectStageModule: VoiceBooster(-2108) LazyInit end
02-22 12:56:18.984  1765  2847 I AGM: graph: print_graph_alias: 2377 GKV Alias 307 | DeviceTX_VoiceActivation_Mic_Instance_Instance_1_DevicePP_Tx_RAW_NLPI_StreamTX_Voice_UI_Stream_Config_Hotword
02-22 12:56:19.006  1765  2847 I AGM: graph: print_graph_alias: 2377 GKV Alias 995 | DeviceTX_VoiceActivation_Mic_Instance_Instance_1_DevicePP_Tx_RAW_NLPI_StreamTX_Voice_UI_Stream_Config_CUSTOM
02-22 12:56:19.382 17715 17715 I EffectManager: isSupportVoiceBoostOnCurrentAudioPath() : path is speaker (0)
02-22 12:56:19.382 17715 17715 I DVFSHelper: isNecessaryToBoostCPU() : isDolbyOn? true, isUHQUpscalerOn? false, isVoiceBoostOn? true, isVolumeNormalizationOn? true
02-22 12:56:19.953  1827  8997 D Hal2AidlMapper: [default] prepareToOpenStream: handle 8830, device AudioDevice{type: AudioDeviceDescription{type: IN_MICROPHONE, connection: }, address: AudioDeviceAddress{id: bottom}}, flags AudioIoFlags{input: 0}, source SEC_BARGEIN_DRIVING, config AudioConfig{base: AudioConfigBase{sampleRate: 16000, channelMask: AudioChannelLayout{layoutMask: 1}, format: AudioFormatDescription{type: PCM, pcm: INT_16_BIT, encoding: }}, offloadInfo: AudioOffloadInfo{base: AudioConfigBase{sampleRate: 0, channelMask: AudioChannelLayout{none: 0}, format: AudioFormatDescription{type: DEFAULT, pcm: DEFAULT, encoding: }}, streamType: VOICE_CALL, bitRatePerSecond: 0, durationUs: 0, hasVideo: false, isStreaming: false, bitWidth: 16, offloadBufferSize: 0, usage: UNKNOWN, encapsulationMode: NONE, contentId: 0, syncId: 0}, frameCount: 0}, mixport config AudioPortConfig{id: 0, portId: 0, sampleRate: (null), channelMask: (null), format: (null), gain: (null), flags: (null), ext: AudioPortExt{unspecified: false}}
02-22 12:56:19.956  1827  8997 I AudioEffectStage: StageAttribute name input_normal_input_voice_changer, io 2, mixerType 3, openDevice 0, threadFlags 0
02-22 12:56:19.967 16793 25884 I BWU@VoiceWakeupInfo: getWakeupLanguage(0) : it_IT(defaultPref : it-IT, keywordPref : it_IT)
02-22 12:56:19.967 16793 25884 I BWU@VoiceWakeupInfo: getWakeupDefaultKeyword Locale : it_IT isSanxingxiaobeiKeywordSupport false
02-22 12:56:19.968 16793 25884 I BWU@VoiceWakeupInfo: getWakeupLanguage(0) : it_IT(defaultPref : it-IT, keywordPref : it_IT)
02-22 12:56:19.968 16793 25884 I BWU@VoiceWakeupInfo: getWakeupKeywordType: bixby
02-22 12:56:19.968 16793 25884 I BWU@VoiceWakeupInfo: getWakeupKeywordType : KeywordType{mode=FIXED, keyword='bixby', supported=true}, mode : 0
02-22 12:56:19.968 16793 25884 I BWU@VoiceWakeupInfo: getMyVoiceString (0) : bixby
02-22 12:56:19.976 16793 25884 I BWU@VoiceWakeupInfo: keyword : hibixby, isKeywordEnrolled : true
02-22 12:56:19.976 16793 25884 I BWU@VoiceWakeupInfo: getWakeupLanguage(0) : it_IT(defaultPref : it-IT, keywordPref : it_IT)
02-22 12:56:19.976 16793 28875 I WakeupKwdDecoderBargein: VerifySetDebugMode(false), savePath: /storage/emulated/0/myvoice/running/
02-22 12:56:19.979 16793 25884 I VoiceActivityDetector: init - check instance
02-22 12:56:19.979 16793 25884 E VoiceActivityDetector: instance is null
02-22 12:56:19.979 16793 25884 I VADLibrary: [VoiceActivityDetector](37) - construct(VER : 4250714)
02-22 12:56:19.979 16793 25884 I VADLibrary: [VoiceActivityDetector](37) - init (mode : Wakeup, channel : 1, samplerate : 16000)
02-22 12:56:19.980 16793 25884 W VoiceActivityDetector: Context is null. Skipped.
02-22 12:56:19.980 16793 25884 I VoiceActivityDetector: Debug mode : OFF
02-22 12:56:19.981 16793 25884 I BWU@VoiceWakeupInfo: getWakeupLanguage(0) : it_IT(defaultPref : it-IT, keywordPref : it_IT)
02-22 12:56:19.981 16793 25884 I BWU@VoiceWakeupInfo: getWakeupDefaultKeyword Locale : it_IT isSanxingxiaobeiKeywordSupport false
02-22 12:56:19.981 16793 25884 I BWU@VoiceWakeupInfo: getWakeupLanguage(0) : it_IT(defaultPref : it-IT, keywordPref : it_IT)
02-22 12:56:19.981 16793 25884 I BWU@VoiceWakeupInfo: getWakeupKeywordType: bixby
02-22 12:56:19.981 16793 25884 I BWU@VerifierAdapter: [bixby_latency] MARK::SoundFeedback : true, VoiceMatch : true, Wakeup Keyword : bixby
02-22 12:56:22.386 17715 17715 I EffectManager: isSupportVoiceBoostOnCurrentAudioPath() : path is speaker (0)
02-22 12:56:22.386 17715 17715 I DVFSHelper: isNecessaryToBoostCPU() : isDolbyOn? true, isUHQUpscalerOn? false, isVoiceBoostOn? true, isVolumeNormalizationOn? true
02-22 12:56:25.389 17715 17715 I EffectManager: isSupportVoiceBoostOnCurrentAudioPath() : path is speaker (0)
02-22 12:56:25.390 17715 17715 I DVFSHelper: isNecessaryToBoostCPU() : isDolbyOn? true, isUHQUpscalerOn? false, isVoiceBoostOn? true, isVolumeNormalizationOn? true
02-22 12:56:26.342  8814 10308 I NotifySyncService_8814_10308: onNotificationPosted Id:2131364006 key:-1|com.android.systemui|2131364006|charging_state|10050 PackageName:com.android.systemui IsOngoing:true PostTime:1771761386134 currentDeviceModel.connected: true
02-22 12:56:28.393 17715 17715 I EffectManager: isSupportVoiceBoostOnCurrentAudioPath() : path is speaker (0)
02-22 12:56:28.393 17715 17715 I DVFSHelper: isNecessaryToBoostCPU() : isDolbyOn? true, isUHQUpscalerOn? false, isVoiceBoostOn? true, isVolumeNormalizationOn? true
02-22 12:56:31.397 17715 17715 I EffectManager: isSupportVoiceBoostOnCurrentAudioPath() : path is speaker (0)
02-22 12:56:31.397 17715 17715 I DVFSHelper: isNecessaryToBoostCPU() : isDolbyOn? true, isUHQUpscalerOn? false, isVoiceBoostOn? true, isVolumeNormalizationOn? true
02-22 12:56:34.398 17715 17715 I EffectManager: isSupportVoiceBoostOnCurrentAudioPath() : path is speaker (0)
02-22 12:56:34.398 17715 17715 I DVFSHelper: isNecessaryToBoostCPU() : isDolbyOn? true, isUHQUpscalerOn? false, isVoiceBoostOn? true, isVolumeNormalizationOn? true
02-22 12:56:37.402 17715 17715 I EffectManager: isSupportVoiceBoostOnCurrentAudioPath() : path is speaker (0)
02-22 12:56:37.402 17715 17715 I DVFSHelper: isNecessaryToBoostCPU() : isDolbyOn? true, isUHQUpscalerOn? false, isVoiceBoostOn? true, isVolumeNormalizationOn? true
02-22 12:56:40.406 17715 17715 I EffectManager: isSupportVoiceBoostOnCurrentAudioPath() : path is speaker (0)
02-22 12:56:40.406 17715 17715 I DVFSHelper: isNecessaryToBoostCPU() : isDolbyOn? true, isUHQUpscalerOn? false, isVoiceBoostOn? true, isVolumeNormalizationOn? true
02-22 12:56:43.407 17715 17715 I EffectManager: isSupportVoiceBoostOnCurrentAudioPath() : path is speaker (0)
02-22 12:56:43.407 17715 17715 I DVFSHelper: isNecessaryToBoostCPU() : isDolbyOn? true, isUHQUpscalerOn? false, isVoiceBoostOn? true, isVolumeNormalizationOn? true
02-22 12:56:45.173  1827  2915 V AudioVoiceBooster: VoiceBooster_Command command 2 cmdSize 0
02-22 12:56:45.173  1827  2915 V AudioVoiceBooster: VoiceBooster_Reset
02-22 12:56:46.207  2277  2863 D WindowManager: requestTransientBars: swipeTarget=Window{34bd2e0 u0 NavigationBarView}, controlTarget=Window{36ca919 u0 com.instaflow.android/com.instagram.mainactivity.InstagramMainActivity}, canShowTransient=false, restorePositionTypes=0x3, from=com.android.server.wm.DisplayPolicy$1.onSwipeFromLeft:81 com.android.server.wm.SystemGesturesPointerEventListener.onPointerEvent:561 
02-22 12:56:46.608  8814 10308 I NotifySyncService_8814_10308: onNotificationPosted Id:2131364006 key:-1|com.android.systemui|2131364006|charging_state|10050 PackageName:com.android.systemui IsOngoing:true PostTime:1771761406402 currentDeviceModel.connected: true
02-22 12:56:47.174 16793 16836 I BWU@ForegroundServiceUtil: stopForeground : 0 , com.samsung.android.voicewakeup.alwaysmicon.AecWakeupService@e422e43
02-22 12:56:47.181 16793 25884 I VADLibrary: [VoiceActivityDetector](37) - release
02-22 12:56:47.181 16793 25807 I BWU@ForegroundServiceUtil: stopForeground : 0 , com.samsung.android.voicewakeup.alwaysmicon.AecWakeupService@e422e43
02-22 12:56:47.181 16793 25884 I VADLibrary: [VoiceActivityDetector](37) - destruct
02-22 12:56:47.183  1827  2915 I AudioEffectStageModule: Lazy fx standby, index -2108, name VoiceBooster
02-22 12:56:47.183  1827  2915 V AudioVoiceBooster: VoiceBoosterLib_Release
02-22 12:56:47.255  1765 31038 I AGM: graph: print_graph_alias: 2377 GKV Alias 304 | DeviceTX_VoiceActivation_Mic_Instance_Instance_1_DevicePP_Tx_RAW_LPI_StreamTX_Voice_UI_Stream_Config_Hotword
02-22 12:56:47.278  1765 31038 I AGM: graph: print_graph_alias: 2377 GKV Alias 665 | DeviceTX_VoiceActivation_Mic_Instance_Instance_1_DevicePP_Tx_RAW_LPI_StreamTX_Voice_UI_Stream_Config_CUSTOM
02-22 12:56:47.603  1827  2915 I AudioFlinger: updateVoiceBoosterState curDevice 2, index 0
02-22 12:56:47.606  1827  1827 I AudioFlinger: set voice booster Latency
02-22 12:56:47.627  1827  2915 V AudioVoiceBooster:  VoiceBooster_Init
02-22 12:56:47.627  1827  2915 V AudioVoiceBooster: VoiceBoosterLib_Create context is 0xb400007798b0af10
02-22 12:56:47.627  1827  2915 I AudioEffectStageModule: VoiceBooster(-2108) LazyInit start
02-22 12:56:47.627  1827  2915 V AudioVoiceBooster: VoiceBooster_Command command 0 cmdSize 28
02-22 12:56:47.627  1827  2915 V AudioVoiceBooster:  VoiceBooster_Init
