02-21 22:12:56.033 16759 17038 I python  : [INFO   ] [GL          ] Backend used <sdl2>
02-21 22:12:56.033 16759 17038 I python  : [INFO   ] [GL          ] OpenGL version <b'OpenGL ES 3.2 V@0800.40.1 (GIT@e4a2ccdb56, Icac6f3510c, 1753112526) (Date:07/21/25)'>
02-21 22:12:56.033 16759 17038 I python  : [INFO   ] [GL          ] OpenGL vendor <b'Qualcomm'>
02-21 22:12:56.033 16759 17038 I python  : [INFO   ] [GL          ] OpenGL renderer <b'Adreno (TM) 830'>
02-21 22:12:56.033 16759 17038 I python  : [INFO   ] [GL          ] OpenGL parsed version: 3, 2
02-21 22:12:56.033 16759 17038 I python  : [INFO   ] [GL          ] Texture max size <16384>
02-21 22:12:56.033 16759 17038 I python  : [INFO   ] [GL          ] Texture max units <16>
02-21 22:12:56.041 16759 17038 I python  : [INFO   ] [Window      ] auto add sdl2 input provider
02-21 22:12:56.041 16759 17038 I python  : [INFO   ] [Window      ] virtual keyboard not allowed, single mode, not docked
02-21 22:12:56.100 16759 17038 I python  : [ALLMA_BOOT] Starting Dynamic Library Loader...
02-21 22:12:56.102 16759 17038 I python  : [ALLMA_BOOT] FOUND INTERNAL OPTIMIZED LIB: /data/user/0/org.allma.allma_prime/files/app/_python_bundle/site-packages/llama_cpp/libllama.so
02-21 22:12:56.102 16759 17038 I python  : [ALLMA_BOOT] SKIPPING DOWNLOAD - Using Local Vulkan/Optimized Lib
02-21 22:12:56.140 16759 17038 I python  : ALLMA BOOTSTRAP: on_start
02-21 22:12:56.141 16759 17038 I python  : ALLMA BOOTSTRAP: Requesting Permissions...
02-21 22:12:56.161 16759 17038 I python  : [WARNING] [Base        ] Unknown <android> provider
02-21 22:12:56.161 16759 17038 I python  : [INFO   ] [Base        ] Start application main loop
02-21 22:12:56.163 16759 17038 I python  : [INFO   ] [GL          ] NPOT texture support is available
02-21 22:12:56.578 16759 17077 I python  : [INFO   ] [KivyMD      ] 1.2.0, git-Unknown, 2026-02-08 (installed at "/data/user/0/org.allma.allma_prime/files/app/_python_bundle/site-packages/kivymd/__init__.pyc")
02-21 22:12:56.578 16759 17077 I python  : [WARNING] [KivyMD      ] Version 1.2.0 is deprecated and is no longer supported. Use KivyMD version 2.0.0 from the master branch (pip install https://github.com/kivymd/KivyMD/archive/master.zip)
02-21 22:12:56.622 16759 17077 I python  : [INFO   ] [Clipboard   ] Provider: android
02-21 22:12:56.916 16759 17077 I python  : [WARNING] Transformers library not found. Running in lightweight mode.
02-21 22:12:57.095 16759 17038 I python  : [INFO   ] [[DEBUG] Models Dir] /data/user/0/org.allma.allma_prime/files/models
02-21 22:12:57.096 16759 17038 I python  : [INFO   ] [[DEBUG] Checking gemma at /data/user/0/org.allma.allma_prime/files/models/qwen3-1.7b-q8_0.gguf -> Exists] True
02-21 22:12:57.096 16759 17038 I python  : [INFO   ] [[DEBUG] File size for gemma] 1834426016 bytes (Expected > 1712848896.0)
02-21 22:12:57.096 16759 17038 I python  : [INFO   ] [DEBUG] File gemma seems complete.
02-21 22:12:57.100 16759 17038 I python  : [AllmaInternalApp] Models present. Loading ChatView immediately.
02-21 22:12:57.104 16759 17038 I python  : ChatView: Initializing...
02-21 22:12:57.109 16759 17038 I python  : ChatView: Initializing Core with models_dir=/data/user/0/org.allma.allma_prime/files/models
02-21 22:12:57.109 16759 17038 I python  : [INFO   ] 🧩 SelfMap Initialized. Boundaries defined.
02-21 22:12:57.148 16759 17038 I python  : No memory file found. Starting fresh.
02-21 22:12:57.158 16759 17038 I python  : [INFO   ] ✨ Soul System Initialized (Deterministic Chaos Engine Online)
02-21 22:12:57.158 16759 17038 I python  : [INFO   ] ✅ TemperatureMonitor initialized (Android)
02-21 22:12:57.158 16759 17038 I python  : [WARNING] [Impossibile caricare emotion pipeline] name 'pipeline' is not defined
02-21 22:12:57.160 16759 17038 I python  : [INFO   ] ✨ Soul System Initialized (Deterministic Chaos Engine Online)
02-21 22:12:57.160 16759 17038 I python  : [INFO   ] ✅ CoalescenceProcessor (Evolutionary Personality) Activated.
02-21 22:12:57.160 16759 17038 I python  : [DEBUG  ] [🔒 StructuralCore] Snapshot creato/aggiornato.
02-21 22:12:57.160 16759 17038 I python  : [INFO   ] ✅ V5 Architecture Fully Activated (L1-L4).
02-21 22:12:57.160 16759 17038 I python  : [INFO   ] 🧠 Initializing Legacy Brain Adapter (Deep Mind Awakening)...
02-21 22:12:57.164 16759 17038 I python  : [INFO   ] [🧠 Deep Mind Status] {'curiosity': 'ACTIVE', 'ethics': 'ACTIVE', 'metacognition': 'ACTIVE', 'social': 'ACTIVE', 'creativity': 'ACTIVE', 'meta_learning': 'ACTIVE', 'planning': 'ACTIVE'}
02-21 22:12:57.164 16759 17038 I python  : Transformers not available, using fallback emotion detection.
02-21 22:12:57.164 16759 17038 I python  : [INFO   ] ✅ Context, InfoExtractor, Understanding & Reasoning Engine Activated.
02-21 22:12:57.164 16759 17038 I python  : [INFO   ] ModuleOrchestrator initialized with 500ms budget
02-21 22:12:57.165 16759 17038 I python  : [INFO   ] Registered module 'curiosity' (priority=8, cost=50ms)
02-21 22:12:57.165 16759 17038 I python  : [INFO   ] ✅ Curiosity System integrated (Tier 1)
02-21 22:12:57.165 16759 17038 I python  : [INFO   ] Registered module 'emotional_adaptation' (priority=10, cost=30ms)
02-21 22:12:57.165 16759 17038 I python  : [INFO   ] ✅ Emotional Adaptation System integrated (Tier 1)
02-21 22:12:57.165 16759 17038 I python  : [INFO   ] Registered module 'creativity' (priority=5, cost=20ms)
02-21 22:12:57.165 16759 17038 I python  : [INFO   ] ✅ Creativity System (Muse) integrated (Tier 2)
02-21 22:12:57.165 16759 17038 I python  : [INFO   ] Registered module 'planning' (priority=5, cost=50ms)
02-21 22:12:57.165 16759 17038 I python  : [INFO   ] ✅ Planning Adapter integrated (Tier 2)
02-21 22:12:57.165 16759 17038 I python  : [INFO   ] Registered module 'perception' (priority=5, cost=80ms)
02-21 22:12:57.165 16759 17038 I python  : [INFO   ] ✅ Perception Lite integrated (Tier 2)
02-21 22:12:57.165 16759 17038 I python  : [INFO   ] Registered module 'personality_style' (priority=3, cost=30ms)
02-21 22:12:57.165 16759 17038 I python  : [INFO   ] ✅ Personality Adapter integrated (Tier 2, disabled)
02-21 22:12:57.167 16759 17038 I python  : [INFO   ] Registered module 'meta_learning' (priority=3, cost=60ms)
02-21 22:12:57.167 16759 17038 I python  : [INFO   ] ✅ Meta-Learning System integrated (Tier 3)
02-21 22:12:57.167 16759 17038 I python  : [ERROR  ] [Failed to init Language Processor] name 'LanguageProcessorLite' is not defined
02-21 22:12:57.167 16759 17038 I python  : [ERROR  ] [Failed to init Cognitive Tracker] name 'CognitiveTrackerLite' is not defined
02-21 22:12:57.167 16759 17038 I python  : [INFO   ] 🎯 ModuleOrchestrator initialized with 7 modules
02-21 22:12:57.167 16759 17038 I python  : ChatView: Started conversation 2823dec8-0e01-4a1e-be02-e73cf8570686
02-21 22:12:57.167 16759 17038 I python  : ChatView: Dream System Loop Started.
02-21 22:12:57.168 16759 17082 I python  :  Exception in thread DreamThread:
02-21 22:12:57.171 16759 17082 I python  :  Traceback (most recent call last):
02-21 22:12:57.171 16759 17082 I python  :    File "/Users/erikahu/ALLMA/ALLMA_V4/.buildozer/android/platform/build-arm64-v8a/build/other_builds/python3/arm64-v8a__ndk_target_24/python3/Lib/threading.py", line 1082, in _bootstrap_inner
02-21 22:12:57.171 16759 17082 I python  :    File "/Users/erikahu/ALLMA/ALLMA_V4/.buildozer/android/platform/build-arm64-v8a/build/python-installs/allma_prime/arm64-v8a/jnius/__init__.py", line 85, in jnius_thread_hook
02-21 22:12:57.171 16759 17082 I python  :    File "/Users/erikahu/ALLMA/ALLMA_V4/.buildozer/android/platform/build-arm64-v8a/build/other_builds/python3/arm64-v8a__ndk_target_24/python3/Lib/threading.py", line 1024, in run
02-21 22:12:57.171 16759 17082 I python  :    File "/data/user/0/org.allma.allma_prime/files/allma_brain_v163/allma_model/core/allma_core.py", line 2445, in _dream_worker
02-21 22:12:57.171 16759 17082 I python  :      self.logger.info("🌙 Dream System: Worker Thread Started")
02-21 22:12:57.172 16759 17082 I python  :      ^^^^^^^^^^^
02-21 22:12:57.172 16759 17082 I python  :  AttributeError: 'ALLMACore' object has no attribute 'logger'
02-21 22:12:57.256 16759 17038 I python  : ChatView: TTS Engine Linked.
02-21 22:12:57.257 16759 17038 I python  : [INFO   ] ✅ TemperatureMonitor initialized (Android)
02-21 22:12:57.282 16759 16759 I python  : TTSEngine: Native TTS Initialized Successfully!
02-21 22:12:57.409 16759 17038 I python  : [INFO   ] ✅ UI Output Callback Registered (Logger fallback).
02-21 22:12:57.525 16759 16759 I python  : Loading Web Assets from: /data/user/0/org.allma.allma_prime/files/allma_brain_v163/allma_model/ui/../../assets/web
02-21 22:12:57.549 16759 16759 I python  : WebView Loaded with Robust Inlining & Fake Origin.
02-21 22:12:57.588 16759 17038 I python  : ChatView: STT Engine Linked.
02-21 22:12:57.589 16759 16759 I python  : STT: Recognizer Created on UI Thread
02-21 22:12:57.626 16759 17038 I python  : [INFO   ] [[DEBUG] Models Dir] /data/user/0/org.allma.allma_prime/files/models
02-21 22:12:57.626 16759 17038 I python  : [INFO   ] [[DEBUG] Checking gemma at /data/user/0/org.allma.allma_prime/files/models/qwen3-1.7b-q8_0.gguf -> Exists] True
02-21 22:12:57.626 16759 17038 I python  : [INFO   ] [[DEBUG] File size for gemma] 1834426016 bytes (Expected > 1712848896.0)
02-21 22:12:57.626 16759 17038 I python  : [INFO   ] [DEBUG] File gemma seems complete.
02-21 22:12:57.641 16759 17038 I python  : Toast Error: JVM exception occurred: java.lang.NullPointerException: Can't toast on a thread that has not called Looper.prepare()
02-21 22:12:57.641 16759 17038 I python  : java.lang.NullPointerException: Can't toast on a thread that has not called Looper.prepare()
02-21 22:12:57.641 16759 17038 I python  : 	com.android.internal.util.Preconditions.checkNotNull(Preconditions.java:174)
02-21 22:12:57.641 16759 17038 I python  : 	android.widget.Toast.getLooper(Toast.java:272)
02-21 22:12:57.641 16759 17038 I python  : 	android.widget.Toast.<init>(Toast.java:257)
02-21 22:12:57.641 16759 17038 I python  : 	android.widget.Toast.makeText(Toast.java:789)
02-21 22:12:57.641 16759 17038 I python  : 	android.widget.Toast.makeText(Toast.java:778)
02-21 22:12:57.641 16759 17038 I python  : 	org.libsdl.app.SDLActivity.nativeRunMain(Native Method)
02-21 22:12:57.641 16759 17038 I python  : 	org.libsdl.app.SDLMain.run(SDLActivity.java:1911)
02-21 22:12:57.641 16759 17038 I python  : 	java.lang.Thread.run(Thread.java:1119)
02-21 22:12:57.651 16759 16759 I python  : DEBUG_ALLMA: Starting Edge-to-Edge v0.55 (Robust) on SDK: 36
02-21 22:12:57.780 16759 16759 I python  : DEBUG_ALLMA: Edge-to-Edge v0.55 Applied (With LightBar Flags).
02-21 22:12:58.133 16759 16759 I python  : DEBUG_ALLMA: Starting Edge-to-Edge v0.55 (Robust) on SDK: 36
02-21 22:12:58.134 16759 16759 I python  : DEBUG_ALLMA: Edge-to-Edge v0.55 Applied (With LightBar Flags).
02-21 22:12:59.128 16759 17038 I python  : [AllmaInternalApp] Setup Complete. Switching to Chat.
02-21 22:12:59.924 16759 16759 I python  : DEBUG_ALLMA: Starting Edge-to-Edge v0.55 (Robust) on SDK: 36
02-21 22:12:59.925 16759 16759 I python  : DEBUG_ALLMA: Edge-to-Edge v0.55 Applied (With LightBar Flags).
02-21 22:13:00.395 16759 16759 I python  : Message from WebView: Yccyfyvu
02-21 22:13:00.396 16759 17258 I python  : Processing message: Yccyfyvu
02-21 22:13:00.406 16759 17258 I python  : [INFO   ] [DEBUG       ] Loaded MobileGemmaWrapper from /data/user/0/org.allma.allma_prime/files/allma_brain_v163/allma_model/llm/mobile_gemma_wrapper.py
02-21 22:13:00.406 16759 17258 I python  : [INFO   ] [DEBUG       ] LLAMA_CPP_AVAILABLE value is: True
02-21 22:13:00.406 16759 17258 I python  : [INFO   ] [Initializing Mobile LLM from] /data/user/0/org.allma.allma_prime/files/models
02-21 22:13:00.406 16759 17258 I python  : [INFO   ] [[MobileGemma] File exists! Size] 1834426016 bytes (1749.44 MB)
02-21 22:13:00.406 16759 17258 I python  : [INFO   ] [MobileGemma] Loading model from /data/user/0/org.allma.allma_prime/files/models/qwen3-1.7b-q8_0.gguf ...
02-21 22:13:00.406 16759 17258 I python  : [MobileGemma] Found INTERNAL libggml.so at /data/user/0/org.allma.allma_prime/files/app/_python_bundle/site-packages/llama_cpp/libggml.so
02-21 22:13:00.406 16759 17258 I python  : [MobileGemma] Scanning for libggml dependencies in /data/user/0/org.allma.allma_prime/files/app/_python_bundle/site-packages/llama_cpp...
02-21 22:13:00.407 16759 17258 I python  : [MobileGemma] Pre-loaded backend: libggml-base.so
02-21 22:13:00.407 16759 17258 I python  : [MobileGemma] Pre-loaded backend: libggml-cpu.so
02-21 22:13:00.408 16759 17258 I python  : [MobileGemma] WARN: Failed to load backend libggml-opencl.so: dlopen failed: library "libOpenCL.so" not found: needed by /data/data/org.allma.allma_prime/files/app/_python_bundle/site-packages/llama_cpp/libggml-opencl.so in namespace clns-9
02-21 22:13:00.408 16759 17258 I python  : [MobileGemma] Pre-loading main libggml.so from /data/user/0/org.allma.allma_prime/files/app/_python_bundle/site-packages/llama_cpp/libggml.so...
02-21 22:13:00.408 16759 17258 I python  : [MobileGemma] WARNING: Failed to pre-load libggml.so: dlopen failed: library "libggml-opencl.so" not found: needed by /data/data/org.allma.allma_prime/files/app/_python_bundle/site-packages/llama_cpp/libggml.so in namespace clns-9
02-21 22:13:00.408 16759 17258 I python  : [INFO   ] [MobileGemma] Initializing Llama with path=/data/user/0/org.allma.allma_prime/files/models/qwen3-1.7b-q8_0.gguf...
02-21 22:13:00.408 16759 17258 I python  : [MobileGemma] PRINT DEBUG: Initializing Llama...
02-21 22:13:00.408 16759 17258 I python  : [MobileGemma] Env LLAMA_CPP_LIB set to: /data/user/0/org.allma.allma_prime/files/app/_python_bundle/site-packages/llama_cpp/libllama.so
02-21 22:13:00.408 16759 17258 I python  : [MobileGemma] Resolved libllama.so at /data/user/0/org.allma.allma_prime/files/app/_python_bundle/site-packages/llama_cpp/libllama.so, setting env...
02-21 22:13:00.408 16759 17258 I python  : [MobileGemma] Found system OpenCL at /vendor/lib64/libOpenCL.so
02-21 22:13:00.408 16759 17258 W linker  : library "/vendor/lib64/libOpenCL.so" ("/vendor/lib64/libOpenCL.so") needed or dlopened by "/data/data/org.allma.allma_prime/files/app/_python_bundle/modules/_ctypes.cpython-314-aarch64-linux-android.so" is not accessible for the namespace: [name="clns-9", ld_library_paths="", default_library_paths="/data/app/~~rhhfiSipireiciat99WG6g==/org.allma.allma_prime-chpRjKxFV1VxhvkCXrST_g==/lib/arm64:/data/app/~~rhhfiSipireiciat99WG6g==/org.allma.allma_prime-chpRjKxFV1VxhvkCXrST_g==/base.apk!/lib/arm64-v8a", permitted_paths="/data:/mnt/expand:/data/data/org.allma.allma_prime"]
02-21 22:13:00.409 16759 17258 I python  : [MobileGemma] Failed to load system /vendor/lib64/libOpenCL.so: dlopen failed: library "/vendor/lib64/libOpenCL.so" needed or dlopened by "/data/data/org.allma.allma_prime/files/app/_python_bundle/modules/_ctypes.cpython-314-aarch64-linux-android.so" is not accessible for the namespace "clns-9"
02-21 22:13:00.409 16759 17258 I python  : [MobileGemma] Found system OpenCL at /system/vendor/lib64/libOpenCL.so
02-21 22:13:00.409 16759 17258 W linker  : library "/system/vendor/lib64/libOpenCL.so" ("/vendor/lib64/libOpenCL.so") needed or dlopened by "/data/data/org.allma.allma_prime/files/app/_python_bundle/modules/_ctypes.cpython-314-aarch64-linux-android.so" is not accessible for the namespace: [name="clns-9", ld_library_paths="", default_library_paths="/data/app/~~rhhfiSipireiciat99WG6g==/org.allma.allma_prime-chpRjKxFV1VxhvkCXrST_g==/lib/arm64:/data/app/~~rhhfiSipireiciat99WG6g==/org.allma.allma_prime-chpRjKxFV1VxhvkCXrST_g==/base.apk!/lib/arm64-v8a", permitted_paths="/data:/mnt/expand:/data/data/org.allma.allma_prime"]
02-21 22:13:00.409 16759 17258 I python  : [MobileGemma] Failed to load system /system/vendor/lib64/libOpenCL.so: dlopen failed: library "/system/vendor/lib64/libOpenCL.so" needed or dlopened by "/data/data/org.allma.allma_prime/files/app/_python_bundle/modules/_ctypes.cpython-314-aarch64-linux-android.so" is not accessible for the namespace "clns-9"
02-21 22:13:00.410 16759 17258 I python  : [MobileGemma] WARNING: System libOpenCL.so NOT FOUND or BLOCKED by Namespace.
02-21 22:13:00.410 16759 17258 I python  : [MobileGemma] SUCCESS: Pre-loaded custom OpenCL Proxy from /data/user/0/org.allma.allma_prime/files/app/_python_bundle/site-packages/llama_cpp/libOpenCL.so
02-21 22:13:00.410 16759 17258 I python  : [MobileGemma] Found libggml-opencl.so at /data/user/0/org.allma.allma_prime/files/app/_python_bundle/site-packages/llama_cpp/libggml-opencl.so
02-21 22:13:00.411 16759 17258 I python  : [MobileGemma] CRITICAL ERROR loading libggml-opencl.so: dlopen failed: library "libOpenCL.so" not found: needed by /data/data/org.allma.allma_prime/files/app/_python_bundle/site-packages/llama_cpp/libggml-opencl.so in namespace clns-9
02-21 22:13:00.411 16759 17258 I python  : [ERROR  ] [[MobileGemma] GPU Init Failed] dlopen failed: library "libOpenCL.so" not found: needed by /data/data/org.allma.allma_prime/files/app/_python_bundle/site-packages/llama_cpp/libggml-opencl.so in namespace clns-9
02-21 22:13:00.411 16759 17258 I python  : [MobileGemma] FAILED to pre-load /data/user/0/org.allma.allma_prime/files/app/_python_bundle/site-packages/llama_cpp/libllama.so: dlopen failed: library "libggml.so" not found: needed by /data/data/org.allma.allma_prime/files/app/_python_bundle/site-packages/llama_cpp/libllama.so in namespace clns-9
02-21 22:13:00.414 16759 17258 I python  : [ERROR  ] [[MobileGemma] Error loading model] Shared library with base name 'llama' not found
02-21 22:13:00.415 16759 17258 I python  : [ERROR  ] ❌ Failed to load Mobile Engine.
02-21 22:13:00.417 16759 17258 I python  : [INFO   ] 📜 [Conversation History] Injecting 0 turns into context
02-21 22:13:00.417 16759 17258 I python  : Errore detect_emotion_via_llm: Expecting value: line 1 column 1 (char 0) - Input era: Yccyfyvu
02-21 22:13:00.417 16759 17258 I python  : [DEBUG  ] Memorizzazione interazione per user_id=user_default
02-21 22:13:00.417 16759 17258 I python  : [DEBUG  ] Contenuto=Yccyfyvu...
02-21 22:13:00.426 16759 17258 I python  : [DEBUG  ] Interazione memorizzata con ID=1
02-21 22:13:00.427 16759 17258 I python  : [INFO   ] [🔍 Topic estratto] 'technical'
02-21 22:13:00.427 16759 17258 I python  : [INFO   ] [🔍 Knowledge trovata per 'technical'] 0 items
02-21 22:13:00.427 16759 17258 I python  : [INFO   ] [🔍 Fallback  ] cerco in tutti i topic disponibili...
02-21 22:13:00.427 16759 17258 I python  : [INFO   ] 🧠 Pulsing Deep Mind (Legacy Modules)...
02-21 22:13:00.433 16759 17258 I python  : [INFO   ] [🧠 Deep Mind Active Systems] ['Curiosity', 'Ethics', 'Metacognition', 'Social', 'MetaLearning']
02-21 22:13:00.433 16759 17258 I python  : Raffinamento ruolo per: Yccyfyvu -> ruolo attuale: complemento
02-21 22:13:00.433 16759 17258 I python  : Nuovo ruolo: soggetto
02-21 22:13:00.433 16759 17258 I python  : [INFO   ] [🔍 Rich Context] {'entities': {'persons': ['Yccyfyvu'], 'organizations': [], 'locations': []}, 'topics': [], 'timestamp': 1771708380.4272983}
02-21 22:13:00.433 16759 17258 I python  : [INFO   ] [🧠 Understanding] Intent=affermazione, Syntax=['Yccyfyvu(soggetto)']
02-21 22:13:00.434 16759 17258 I python  : [INFO   ] [⚡ Query semplice] Skip Reasoning Chain.
02-21 22:13:00.434 16759 17258 I python  : [INFO   ] [🧠 PENSIERO  ] Query semplice rilevata (Fast Path). Rispondere direttamente.
02-21 22:13:00.435 16759 17258 I python  : [INFO   ] [✨ Soul Integrated State] Energetic/Enthusiastic, Ti senti piena di vita e vibrante. I tuoi pensieri sono vorticosi e creativi.
02-21 22:13:00.435 16759 17258 I python  : [DEBUG  ] [🧠 IdentityState Computed] M=0.50 S=0.90 E=1.00
02-21 22:13:00.435 16759 17258 I python  : [DEBUG  ] Module 'emotional_adaptation' executed in 0.1ms
02-21 22:13:00.440 16759 17258 I python  : [DEBUG  ] Module 'curiosity' executed in 4.9ms
02-21 22:13:00.440 16759 17258 I python  : [DEBUG  ] Module 'creativity' executed in 0.0ms
02-21 22:13:00.440 16759 17258 I python  : [DEBUG  ] Module 'planning' executed in 0.0ms
02-21 22:13:00.440 16759 17258 I python  : [DEBUG  ] Module 'perception' executed in 0.1ms
02-21 22:13:00.443 16759 17258 I python  : [INFO   ] [🧠 Meta-Learning Result] {'intent': 'meta_learning', 'suggested_style': 'visual', 'suggested_comm': 'direct', 'confidence': 0.5}
02-21 22:13:00.443 16759 17258 I python  : [DEBUG  ] Module 'meta_learning' executed in 2.7ms
02-21 22:13:00.443 16759 17258 I python  : [INFO   ] Orchestrator executed 6 modules in 8.4ms (8/500ms budget)
02-21 22:13:00.443 16759 17258 I python  : [INFO   ] [Generating response for] Yccyfyvu... (Len: 652)
02-21 22:13:00.471 16759 17258 I python  : [ERROR  ] ❌ LLM inference failed. Fallback a response_generator
02-21 22:13:00.471 16759 17258 I python  : [ERROR  ] [Error details] Error: Model not loaded.
02-21 22:13:00.480 16759 17258 I python  : [INFO   ] [🧠 PERMANENT LEARNING] Concetto 'yccyfyvu' salvato nel Database (SQL).
02-21 22:13:00.481 16759 17258 I python  : 💾 MEMORY SAVED (ATOMIC) to /data/data/org.allma.allma_prime/files/app/allma_memory.json
02-21 22:13:02.776 16759 16759 I python  : Message from WebView: Ciao
02-21 22:13:02.776 16759 17301 I python  : Processing message: Ciao
02-21 22:13:02.778 16759 17301 I python  : [INFO   ] [DEBUG       ] Loaded MobileGemmaWrapper from /data/user/0/org.allma.allma_prime/files/allma_brain_v163/allma_model/llm/mobile_gemma_wrapper.py
02-21 22:13:02.778 16759 17301 I python  : [INFO   ] [DEBUG       ] LLAMA_CPP_AVAILABLE value is: True
02-21 22:13:02.778 16759 17301 I python  : [INFO   ] [Initializing Mobile LLM from] /data/user/0/org.allma.allma_prime/files/models
02-21 22:13:02.779 16759 17301 I python  : [INFO   ] [[MobileGemma] File exists! Size] 1834426016 bytes (1749.44 MB)
02-21 22:13:02.779 16759 17301 I python  : [INFO   ] [MobileGemma] Loading model from /data/user/0/org.allma.allma_prime/files/models/qwen3-1.7b-q8_0.gguf ...
02-21 22:13:02.779 16759 17301 I python  : [MobileGemma] Found INTERNAL libggml.so at /data/user/0/org.allma.allma_prime/files/app/_python_bundle/site-packages/llama_cpp/libggml.so
02-21 22:13:02.779 16759 17301 I python  : [MobileGemma] Scanning for libggml dependencies in /data/user/0/org.allma.allma_prime/files/app/_python_bundle/site-packages/llama_cpp...
02-21 22:13:02.780 16759 17301 I python  : [MobileGemma] Pre-loaded backend: libggml-base.so
02-21 22:13:02.780 16759 17301 I python  : [MobileGemma] Pre-loaded backend: libggml-cpu.so
02-21 22:13:02.780 16759 17301 I python  : [MobileGemma] WARN: Failed to load backend libggml-opencl.so: dlopen failed: library "libOpenCL.so" not found: needed by /data/data/org.allma.allma_prime/files/app/_python_bundle/site-packages/llama_cpp/libggml-opencl.so in namespace clns-9
02-21 22:13:02.780 16759 17301 I python  : [MobileGemma] Pre-loading main libggml.so from /data/user/0/org.allma.allma_prime/files/app/_python_bundle/site-packages/llama_cpp/libggml.so...
02-21 22:13:02.781 16759 17301 I python  : [MobileGemma] WARNING: Failed to pre-load libggml.so: dlopen failed: library "libggml-opencl.so" not found: needed by /data/data/org.allma.allma_prime/files/app/_python_bundle/site-packages/llama_cpp/libggml.so in namespace clns-9
02-21 22:13:02.781 16759 17301 I python  : [INFO   ] [MobileGemma] Initializing Llama with path=/data/user/0/org.allma.allma_prime/files/models/qwen3-1.7b-q8_0.gguf...
02-21 22:13:02.781 16759 17301 I python  : [MobileGemma] PRINT DEBUG: Initializing Llama...
02-21 22:13:02.781 16759 17301 I python  : [MobileGemma] Env LLAMA_CPP_LIB set to: /data/user/0/org.allma.allma_prime/files/app/_python_bundle/site-packages/llama_cpp/libllama.so
02-21 22:13:02.781 16759 17301 I python  : [MobileGemma] Resolved libllama.so at /data/user/0/org.allma.allma_prime/files/app/_python_bundle/site-packages/llama_cpp/libllama.so, setting env...
02-21 22:13:02.781 16759 17301 I python  : [MobileGemma] Found system OpenCL at /vendor/lib64/libOpenCL.so
02-21 22:13:02.782 16759 17301 W linker  : library "/vendor/lib64/libOpenCL.so" ("/vendor/lib64/libOpenCL.so") needed or dlopened by "/data/data/org.allma.allma_prime/files/app/_python_bundle/modules/_ctypes.cpython-314-aarch64-linux-android.so" is not accessible for the namespace: [name="clns-9", ld_library_paths="", default_library_paths="/data/app/~~rhhfiSipireiciat99WG6g==/org.allma.allma_prime-chpRjKxFV1VxhvkCXrST_g==/lib/arm64:/data/app/~~rhhfiSipireiciat99WG6g==/org.allma.allma_prime-chpRjKxFV1VxhvkCXrST_g==/base.apk!/lib/arm64-v8a", permitted_paths="/data:/mnt/expand:/data/data/org.allma.allma_prime"]
02-21 22:13:02.782 16759 17301 I python  : [MobileGemma] Failed to load system /vendor/lib64/libOpenCL.so: dlopen failed: library "/vendor/lib64/libOpenCL.so" needed or dlopened by "/data/data/org.allma.allma_prime/files/app/_python_bundle/modules/_ctypes.cpython-314-aarch64-linux-android.so" is not accessible for the namespace "clns-9"
02-21 22:13:02.782 16759 17301 I python  : [MobileGemma] Found system OpenCL at /system/vendor/lib64/libOpenCL.so
02-21 22:13:02.782 16759 17301 W linker  : library "/system/vendor/lib64/libOpenCL.so" ("/vendor/lib64/libOpenCL.so") needed or dlopened by "/data/data/org.allma.allma_prime/files/app/_python_bundle/modules/_ctypes.cpython-314-aarch64-linux-android.so" is not accessible for the namespace: [name="clns-9", ld_library_paths="", default_library_paths="/data/app/~~rhhfiSipireiciat99WG6g==/org.allma.allma_prime-chpRjKxFV1VxhvkCXrST_g==/lib/arm64:/data/app/~~rhhfiSipireiciat99WG6g==/org.allma.allma_prime-chpRjKxFV1VxhvkCXrST_g==/base.apk!/lib/arm64-v8a", permitted_paths="/data:/mnt/expand:/data/data/org.allma.allma_prime"]
02-21 22:13:02.782 16759 17301 I python  : [MobileGemma] Failed to load system /system/vendor/lib64/libOpenCL.so: dlopen failed: library "/system/vendor/lib64/libOpenCL.so" needed or dlopened by "/data/data/org.allma.allma_prime/files/app/_python_bundle/modules/_ctypes.cpython-314-aarch64-linux-android.so" is not accessible for the namespace "clns-9"
02-21 22:13:02.782 16759 17301 I python  : [MobileGemma] WARNING: System libOpenCL.so NOT FOUND or BLOCKED by Namespace.
02-21 22:13:02.782 16759 17301 I python  : [MobileGemma] SUCCESS: Pre-loaded custom OpenCL Proxy from /data/user/0/org.allma.allma_prime/files/app/_python_bundle/site-packages/llama_cpp/libOpenCL.so
02-21 22:13:02.782 16759 17301 I python  : [MobileGemma] Found libggml-opencl.so at /data/user/0/org.allma.allma_prime/files/app/_python_bundle/site-packages/llama_cpp/libggml-opencl.so
02-21 22:13:02.783 16759 17301 I python  : [MobileGemma] CRITICAL ERROR loading libggml-opencl.so: dlopen failed: library "libOpenCL.so" not found: needed by /data/data/org.allma.allma_prime/files/app/_python_bundle/site-packages/llama_cpp/libggml-opencl.so in namespace clns-9
02-21 22:13:02.783 16759 17301 I python  : [ERROR  ] [[MobileGemma] GPU Init Failed] dlopen failed: library "libOpenCL.so" not found: needed by /data/data/org.allma.allma_prime/files/app/_python_bundle/site-packages/llama_cpp/libggml-opencl.so in namespace clns-9
02-21 22:13:02.783 16759 17301 I python  : [MobileGemma] FAILED to pre-load /data/user/0/org.allma.allma_prime/files/app/_python_bundle/site-packages/llama_cpp/libllama.so: dlopen failed: library "libggml.so" not found: needed by /data/data/org.allma.allma_prime/files/app/_python_bundle/site-packages/llama_cpp/libllama.so in namespace clns-9
02-21 22:13:02.785 16759 17301 I python  : [ERROR  ] [[MobileGemma] Error loading model] Shared library with base name 'llama' not found
02-21 22:13:02.785 16759 17301 I python  : [ERROR  ] ❌ Failed to load Mobile Engine.
02-21 22:13:02.788 16759 17301 I python  : [INFO   ] 📜 [Conversation History] Injecting 1 turns into context
02-21 22:13:02.788 16759 17301 I python  : Errore detect_emotion_via_llm: Expecting value: line 1 column 1 (char 0) - Input era: Ciao
02-21 22:13:02.788 16759 17301 I python  : [DEBUG  ] Memorizzazione interazione per user_id=user_default
02-21 22:13:02.788 16759 17301 I python  : [DEBUG  ] Contenuto=Ciao...
02-21 22:13:02.802 16759 17301 I python  : [DEBUG  ] Interazione memorizzata con ID=2
02-21 22:13:02.802 16759 17301 I python  : [INFO   ] [🔍 Topic estratto] 'technical'
02-21 22:13:02.802 16759 17301 I python  : [INFO   ] [🔍 Knowledge trovata per 'technical'] 0 items
02-21 22:13:02.802 16759 17301 I python  : [INFO   ] [🔍 Fallback  ] cerco in tutti i topic disponibili...
02-21 22:13:02.803 16759 17301 I python  : [INFO   ] 🧠 Pulsing Deep Mind (Legacy Modules)...
02-21 22:13:02.803 16759 17301 I python  : [INFO   ] [🧠 Deep Mind Active Systems] ['Curiosity', 'Ethics', 'Metacognition', 'Social', 'MetaLearning']
02-21 22:13:02.803 16759 17301 I python  : Raffinamento ruolo per: Ciao -> ruolo attuale: complemento
02-21 22:13:02.803 16759 17301 I python  : Nuovo ruolo: soggetto
02-21 22:13:02.803 16759 17301 I python  : [INFO   ] [🔍 Rich Context] {'entities': {'persons': ['Ciao'], 'organizations': [], 'locations': []}, 'topics': ['artificial_intelligence'], 'timestamp': 1771708382.8027248}
02-21 22:13:02.804 16759 17301 I python  : [INFO   ] [🧠 Understanding] Intent=saluto, Syntax=['Ciao(soggetto)']
02-21 22:13:02.805 16759 17301 I python  : [INFO   ] [⚡ Query semplice] Skip Reasoning Chain.
02-21 22:13:02.805 16759 17301 I python  : [INFO   ] [🧠 PENSIERO  ] Query semplice rilevata (Fast Path). Rispondere direttamente.
02-21 22:13:02.805 16759 17301 I python  : [INFO   ] [✨ Soul Integrated State] Melancholic/Distant, Ti senti pesante, riflessiva, quasi stanca.
02-21 22:13:02.806 16759 17301 I python  : [DEBUG  ] [🧠 IdentityState Computed] M=0.50 S=0.90 E=1.00
02-21 22:13:02.806 16759 17301 I python  : [DEBUG  ] Module 'emotional_adaptation' executed in 0.1ms
02-21 22:13:02.806 16759 17301 I python  : [DEBUG  ] Module 'curiosity' executed in 0.1ms
02-21 22:13:02.806 16759 17301 I python  : [DEBUG  ] Module 'creativity' executed in 0.0ms
02-21 22:13:02.806 16759 17301 I python  : [DEBUG  ] Module 'planning' executed in 0.0ms
02-21 22:13:02.806 16759 17301 I python  : [DEBUG  ] Module 'perception' executed in 0.1ms
02-21 22:13:02.815 16759 17301 I python  : [INFO   ] [🧠 Meta-Learning Result] {'intent': 'meta_learning', 'suggested_style': 'visual', 'suggested_comm': 'direct', 'confidence': 0.5}
02-21 22:13:02.815 16759 17301 I python  : [DEBUG  ] Module 'meta_learning' executed in 8.7ms
02-21 22:13:02.815 16759 17301 I python  : [INFO   ] Orchestrator executed 6 modules in 9.4ms (9/500ms budget)
02-21 22:13:02.815 16759 17301 I python  : [INFO   ] [Generating response for] Ciao... (Len: 577)
02-21 22:13:02.822 16759 17301 I python  : [ERROR  ] ❌ LLM inference failed. Fallback a response_generator
02-21 22:13:02.822 16759 17301 I python  : [ERROR  ] [Error details] Error: Model not loaded.
02-21 22:13:02.828 16759 17301 I python  : [INFO   ] [🧠 PERMANENT LEARNING] Concetto 'ciao' salvato nel Database (SQL).
02-21 22:13:02.830 16759 17301 I python  : 💾 MEMORY SAVED (ATOMIC) to /data/data/org.allma.allma_prime/files/app/allma_memory.json
02-21 22:13:19.478 16759 17038 I python  : [AllmaInternalApp] Pausing... Saving state.
02-21 22:13:19.489 16759 17038 I python  : 💾 MEMORY SAVED (ATOMIC) to /data/data/org.allma.allma_prime/files/app/allma_memory.json
02-21 22:13:19.491 16759 17038 I python  : [AllmaInternalApp] Memory saved on pause.
