02-08 00:19:48.348 18726 18726 I View    : setRequestedFrameRate frameRate=-4.0, this=android.webkit.WebView{ef79206 VFEDHVC.. ........ 0,0-1080,2340 aid=1073741825}, caller=android.view.ViewGroup.setRequestedFrameRate:9952 WV.rf.o:1 WV.rg.h:118 WV.rg.onDraw:7 com.android.webview.chromium.WebViewChromium.onDraw:19 
02-08 00:19:48.357 18726 18726 I View    : setRequestedFrameRate frameRate=-4.0, this=android.webkit.WebView{ef79206 VFEDHVC.. ........ 0,0-1080,2340 aid=1073741825}, caller=android.view.ViewGroup.setRequestedFrameRate:9952 WV.rf.o:1 WV.rg.h:118 WV.rg.onDraw:7 com.android.webview.chromium.WebViewChromium.onDraw:19 
02-08 00:19:48.365 18726 18726 I View    : setRequestedFrameRate frameRate=-4.0, this=android.webkit.WebView{ef79206 VFEDHVC.. ........ 0,0-1080,2340 aid=1073741825}, caller=android.view.ViewGroup.setRequestedFrameRate:9952 WV.rf.o:1 WV.rg.h:118 WV.rg.onDraw:7 com.android.webview.chromium.WebViewChromium.onDraw:19 
02-08 00:19:48.373 18726 18726 I View    : setRequestedFrameRate frameRate=-4.0, this=android.webkit.WebView{ef79206 VFEDHVC.. ........ 0,0-1080,2340 aid=1073741825}, caller=android.view.ViewGroup.setRequestedFrameRate:9952 WV.rf.o:1 WV.rg.h:118 WV.rg.onDraw:7 com.android.webview.chromium.WebViewChromium.onDraw:19 
02-08 00:19:48.375  2609  2609 I Telecom : SamsungTelecomServiceImpl : isInManagedCall - callingPackage : android / callingUser : UserHandle{0} / hasCrossUserAccess : true
02-08 00:19:48.378  4739  8568 I HoneySpace.NotificationListener: onNotificationPosted com.free.vpn.super.hotspot.open: 0|com.free.vpn.super.hotspot.open|199|null|10648: 0
02-08 00:19:48.378  4739  8568 I HoneySpace.NotificationListener: invalid notification: com.free.vpn.super.hotspot.open UserHandle{0}: canShowBadge is false
02-08 00:19:48.378  4298  4298 D Bubbles : onEntryUpdated : shouldBubbleUp=false ,key=0|com.free.vpn.super.hotspot.open|199|null|10648
02-08 00:19:48.378  4739  7514 I HoneySpace.PackageEventOperator: [AbsFolderViewModel|4464] badge count is updated. com.free.vpn.super.hotspot.open/com.superunlimited.feature.splash.presentation.activity.SplashActivity#UserHandle{0}|79388 : 0
02-08 00:19:48.378  4298  4298 D InterruptionStateProvider:  no Heads up : edgelighting enabled app. 0|com.free.vpn.super.hotspot.open|199|null|10648
02-08 00:19:48.378  4739  9732 I HoneySpace.PackageEventOperator: [WorkspaceViewModel] badge count is updated. com.free.vpn.super.hotspot.open/com.superunlimited.feature.splash.presentation.activity.SplashActivity#UserHandle{0}|79388 : 0
02-08 00:19:48.379  4298  4298 I {OngoingActivityController}: onEntryUpdated and OA data is empty. So update latest task info
02-08 00:19:48.379  4298  4298 D InterruptionStateProvider:  no Heads up : edgelighting enabled app. 0|com.free.vpn.super.hotspot.open|199|null|10648
02-08 00:19:48.380 13198 13410 I NotifySyncService_13198_13410: MSG_NOTIFY_POSTED 
02-08 00:19:48.380 13198 13410 I NotifySyncService_13198_13410: onNotificationPosted Id:199 key:0|com.free.vpn.super.hotspot.open|199|null|10648 PackageName:com.free.vpn.super.hotspot.open IsOngoing:true PostTime:1770506388172 currentDeviceModel.connected: true
02-08 00:19:48.380 13198 13410 I NotifySyncService_13198_13410: onNotificationPosted Id:199 , appName : ExpressVPN
02-08 00:19:48.380 13198 13410 I NotifySyncService_13198_13410:  isOngoing = true isIncomingCall = false
02-08 00:19:48.380 13198 12299 I NotifyLogUtils_13198_12299: isIgnoringBatteryOptimizations false
02-08 00:19:48.382 18726 18726 I View    : setRequestedFrameRate frameRate=-4.0, this=android.webkit.WebView{ef79206 VFEDHVC.. ........ 0,0-1080,2340 aid=1073741825}, caller=android.view.ViewGroup.setRequestedFrameRate:9952 WV.rf.o:1 WV.rg.h:118 WV.rg.onDraw:7 com.android.webview.chromium.WebViewChromium.onDraw:19 
02-08 00:19:48.382  4298  4298 W RefactorFlag: New code path expects SceneContainerFlag to be enabled.
02-08 00:19:48.382  4298  4298 D ExpandableNotifRow: mMaxSmallHeight different before reInflateViews mMaxSmallHeight: 203 mTempSmallHeight:0 0|com.free.vpn.super.hotspot.open|199|null|10648
02-08 00:19:48.382  4298  4298 D ExpandableNotifRow: mMaxSmallHeight different before reInflateViews mMaxSmallHeight: 203 mTempSmallHeight:0 0|com.free.vpn.super.hotspot.open|199|null|10648
02-08 00:19:48.383  4298  4298 I LockscreenNotificationIconsOnlyController: onNotificationInfoUpdated 0
02-08 00:19:48.383  4298  4298 I AODNotificationManager: updateNotification() 
02-08 00:19:48.384  1742  4937 I SnapAlloc: Using graphics libs for alignment calculations
02-08 00:19:48.389  1742  4937 I SnapAlloc: Using graphics libs for alignment calculations
02-08 00:19:48.390 18726 18726 I View    : setRequestedFrameRate frameRate=-4.0, this=android.webkit.WebView{ef79206 VFEDHVC.. ........ 0,0-1080,2340 aid=1073741825}, caller=android.view.ViewGroup.setRequestedFrameRate:9952 WV.rf.o:1 WV.rg.h:118 WV.rg.onDraw:7 com.android.webview.chromium.WebViewChromium.onDraw:19 
02-08 00:19:48.391  4298  4298 I AppIconSolution: return adaptive icon for com.free.vpn.super.hotspot.open, isNight = true
02-08 00:19:48.398 18726 18726 I View    : setRequestedFrameRate frameRate=-4.0, this=android.webkit.WebView{ef79206 VFEDHVC.. ........ 0,0-1080,2340 aid=1073741825}, caller=android.view.ViewGroup.setRequestedFrameRate:9952 WV.rf.o:1 WV.rg.h:118 WV.rg.onDraw:7 com.android.webview.chromium.WebViewChromium.onDraw:19 
02-08 00:19:48.404  4298  4298 W RefactorFlag: New code path expects SceneContainerFlag to be enabled.
02-08 00:19:48.405  4298  4298 D ExpandableNotifRow: mMaxSmallHeight different before reInflateViews mMaxSmallHeight: 203 mTempSmallHeight:0 0|com.free.vpn.super.hotspot.open|199|null|10648
02-08 00:19:48.405  4298  4298 D ExpandableNotifRow: mMaxSmallHeight different before reInflateViews mMaxSmallHeight: 203 mTempSmallHeight:0 0|com.free.vpn.super.hotspot.open|199|null|10648
02-08 00:19:48.405  4298  4298 D ExpandableNotifRow: mMaxSmallHeight different before reInflateViews mMaxSmallHeight: 203 mTempSmallHeight:0 0|com.free.vpn.super.hotspot.open|199|null|10648
02-08 00:19:48.405  4298  4298 D ExpandableNotifRow: mMaxSmallHeight different before reInflateViews mMaxSmallHeight: 203 mTempSmallHeight:0 0|com.free.vpn.super.hotspot.open|199|null|10648
02-08 00:19:48.407 18726 18726 I View    : setRequestedFrameRate frameRate=-4.0, this=android.webkit.WebView{ef79206 VFEDHVC.. ........ 0,0-1080,2340 aid=1073741825}, caller=android.view.ViewGroup.setRequestedFrameRate:9952 WV.rf.o:1 WV.rg.h:118 WV.rg.onDraw:7 com.android.webview.chromium.WebViewChromium.onDraw:19 
02-08 00:19:48.408  4298  4298 I AppIconSolution: return adaptive icon for com.free.vpn.super.hotspot.open, isNight = true
02-08 00:19:48.410 21949 21980 I [WEATHER]SourceFile: {[D47B9FB67834AD135A53BB202562ABF2A13E5252150683E85197328413A22EED]}
02-08 00:19:48.410 21949 21990 I [WEATHER]SourceFile: {[8A329BD7BC06E080C1618F5DB7E0AA6E62D656867817F22732FCC2DE3A6C96AB2253469586033DF6CE5E6A12A1B7ECA813FE1353551A603277B8D3B8316570C3]}
02-08 00:19:48.415 18726 18726 I View    : setRequestedFrameRate frameRate=-4.0, this=android.webkit.WebView{ef79206 VFEDHVC.. ........ 0,0-1080,2340 aid=1073741825}, caller=android.view.ViewGroup.setRequestedFrameRate:9952 WV.rf.o:1 WV.rg.h:118 WV.rg.onDraw:7 com.android.webview.chromium.WebViewChromium.onDraw:19 
02-08 00:19:48.415  1861  2163 I CompositionEngine: [setDisplaySize] size=(434, 42)
02-08 00:19:48.422  4298  4298 W RefactorFlag: New code path expects SceneContainerFlag to be enabled.
02-08 00:19:48.422  4298  4298 D ExpandableNotifRow: mMaxSmallHeight different before reInflateViews mMaxSmallHeight: 203 mTempSmallHeight:0 0|com.free.vpn.super.hotspot.open|199|null|10648
02-08 00:19:48.422  4298  4298 D ExpandableNotifRow: mMaxSmallHeight different before reInflateViews mMaxSmallHeight: 203 mTempSmallHeight:0 0|com.free.vpn.super.hotspot.open|199|null|10648
02-08 00:19:48.422  4298  4298 I LockscreenNotificationIconsOnlyController: onNotificationInfoUpdated 0
02-08 00:19:48.422  4298  4298 I AODNotificationManager: updateNotification() 
02-08 00:19:48.424 18726 18726 I View    : setRequestedFrameRate frameRate=-4.0, this=android.webkit.WebView{ef79206 VFEDHVC.. ........ 0,0-1080,2340 aid=1073741825}, caller=android.view.ViewGroup.setRequestedFrameRate:9952 WV.rf.o:1 WV.rg.h:118 WV.rg.onDraw:7 com.android.webview.chromium.WebViewChromium.onDraw:19 
02-08 00:19:48.432 18726 18726 I View    : setRequestedFrameRate frameRate=-4.0, this=android.webkit.WebView{ef79206 VFEDHVC.. ........ 0,0-1080,2340 aid=1073741825}, caller=android.view.ViewGroup.setRequestedFrameRate:9952 WV.rf.o:1 WV.rg.h:118 WV.rg.onDraw:7 com.android.webview.chromium.WebViewChromium.onDraw:19 
02-08 00:19:48.440 18726 18726 I View    : setRequestedFrameRate frameRate=-4.0, this=android.webkit.WebView{ef79206 VFEDHVC.. ........ 0,0-1080,2340 aid=1073741825}, caller=android.view.ViewGroup.setRequestedFrameRate:9952 WV.rf.o:1 WV.rg.h:118 WV.rg.onDraw:7 com.android.webview.chromium.WebViewChromium.onDraw:19 
02-08 00:19:48.448  1707  5403 D vendor.qti.bluetooth@1.0-wake_lock: Release wakelock is released 
02-08 00:19:48.448 18726 18726 I View    : setRequestedFrameRate frameRate=-4.0, this=android.webkit.WebView{ef79206 VFEDHVC.. ........ 0,0-1080,2340 aid=1073741825}, caller=android.view.ViewGroup.setRequestedFrameRate:9952 WV.rf.o:1 WV.rg.h:118 WV.rg.onDraw:7 com.android.webview.chromium.WebViewChromium.onDraw:19 
02-08 00:19:48.457 18726 18726 I View    : setRequestedFrameRate frameRate=-4.0, this=android.webkit.WebView{ef79206 VFEDHVC.. ........ 0,0-1080,2340 aid=1073741825}, caller=android.view.ViewGroup.setRequestedFrameRate:9952 WV.rf.o:1 WV.rg.h:118 WV.rg.onDraw:7 com.android.webview.chromium.WebViewChromium.onDraw:19 
02-08 00:19:48.465 18726 18726 I View    : setRequestedFrameRate frameRate=-4.0, this=android.webkit.WebView{ef79206 VFEDHVC.. ........ 0,0-1080,2340 aid=1073741825}, caller=android.view.ViewGroup.setRequestedFrameRate:9952 WV.rf.o:1 WV.rg.h:118 WV.rg.onDraw:7 com.android.webview.chromium.WebViewChromium.onDraw:19 
02-08 00:19:48.473 18726 18726 I View    : setRequestedFrameRate frameRate=-4.0, this=android.webkit.WebView{ef79206 VFEDHVC.. ........ 0,0-1080,2340 aid=1073741825}, caller=android.view.ViewGroup.setRequestedFrameRate:9952 WV.rf.o:1 WV.rg.h:118 WV.rg.onDraw:7 com.android.webview.chromium.WebViewChromium.onDraw:19 
02-08 00:19:48.482 18726 18726 I View    : setRequestedFrameRate frameRate=-4.0, this=android.webkit.WebView{ef79206 VFEDHVC.. ........ 0,0-1080,2340 aid=1073741825}, caller=android.view.ViewGroup.setRequestedFrameRate:9952 WV.rf.o:1 WV.rg.h:118 WV.rg.onDraw:7 com.android.webview.chromium.WebViewChromium.onDraw:19 
02-08 00:19:48.490 18726 18726 I View    : setRequestedFrameRate frameRate=-4.0, this=android.webkit.WebView{ef79206 VFEDHVC.. ........ 0,0-1080,2340 aid=1073741825}, caller=android.view.ViewGroup.setRequestedFrameRate:9952 WV.rf.o:1 WV.rg.h:118 WV.rg.onDraw:7 com.android.webview.chromium.WebViewChromium.onDraw:19 
02-08 00:19:48.498 18726 18726 I View    : setRequestedFrameRate frameRate=-4.0, this=android.webkit.WebView{ef79206 VFEDHVC.. ........ 0,0-1080,2340 aid=1073741825}, caller=android.view.ViewGroup.setRequestedFrameRate:9952 WV.rf.o:1 WV.rg.h:118 WV.rg.onDraw:7 com.android.webview.chromium.WebViewChromium.onDraw:19 
02-08 00:19:48.502  1725 21926 I HYPER-HAL: [RequestManager.cpp]releaseLocked(): Released ID : 24224312
02-08 00:19:48.507 18726 18726 I View    : setRequestedFrameRate frameRate=-4.0, this=android.webkit.WebView{ef79206 VFEDHVC.. ........ 0,0-1080,2340 aid=1073741825}, caller=android.view.ViewGroup.setRequestedFrameRate:9952 WV.rf.o:1 WV.rg.h:118 WV.rg.onDraw:7 com.android.webview.chromium.WebViewChromium.onDraw:19 
02-08 00:19:48.512 21949 22004 I WM-WorkerWrapper: Worker result SUCCESS for Work [ id=c15c982f-1ba5-40a0-9b1e-65f00e961ad6, tags={ com.samsung.android.weather.sync.worker.RefreshWorker,refresh } ]
02-08 00:19:48.515 18726 18726 I View    : setRequestedFrameRate frameRate=-4.0, this=android.webkit.WebView{ef79206 VFEDHVC.. ........ 0,0-1080,2340 aid=1073741825}, caller=android.view.ViewGroup.setRequestedFrameRate:9952 WV.rf.o:1 WV.rg.h:118 WV.rg.onDraw:7 com.android.webview.chromium.WebViewChromium.onDraw:19 
02-08 00:19:48.516  1861  2163 I CompositionEngine: [setDisplaySize] size=(434, 42)
02-08 00:19:48.523 18726 18726 I View    : setRequestedFrameRate frameRate=-4.0, this=android.webkit.WebView{ef79206 VFEDHVC.. ........ 0,0-1080,2340 aid=1073741825}, caller=android.view.ViewGroup.setRequestedFrameRate:9952 WV.rf.o:1 WV.rg.h:118 WV.rg.onDraw:7 com.android.webview.chromium.WebViewChromium.onDraw:19 
02-08 00:19:48.532 18726 18726 I View    : setRequestedFrameRate frameRate=-4.0, this=android.webkit.WebView{ef79206 VFEDHVC.. ........ 0,0-1080,2340 aid=1073741825}, caller=android.view.ViewGroup.setRequestedFrameRate:9952 WV.rf.o:1 WV.rg.h:118 WV.rg.onDraw:7 com.android.webview.chromium.WebViewChromium.onDraw:19 
02-08 00:19:48.540 18726 18726 I View    : setRequestedFrameRate frameRate=-4.0, this=android.webkit.WebView{ef79206 VFEDHVC.. ........ 0,0-1080,2340 aid=1073741825}, caller=android.view.ViewGroup.setRequestedFrameRate:9952 WV.rf.o:1 WV.rg.h:118 WV.rg.onDraw:7 com.android.webview.chromium.WebViewChromium.onDraw:19 
02-08 00:19:48.548 18726 18726 I View    : setRequestedFrameRate frameRate=-4.0, this=android.webkit.WebView{ef79206 VFEDHVC.. ........ 0,0-1080,2340 aid=1073741825}, caller=android.view.ViewGroup.setRequestedFrameRate:9952 WV.rf.o:1 WV.rg.h:118 WV.rg.onDraw:7 com.android.webview.chromium.WebViewChromium.onDraw:19 
02-08 00:19:48.554  3856  4002 D SatelliteController: isInCarrierRoamingNbIotNtn: satellite is disabled
02-08 00:19:48.557 18726 18726 I View    : setRequestedFrameRate frameRate=-4.0, this=android.webkit.WebView{ef79206 VFEDHVC.. ........ 0,0-1080,2340 aid=1073741825}, caller=android.view.ViewGroup.setRequestedFrameRate:9952 WV.rf.o:1 WV.rg.h:118 WV.rg.onDraw:7 com.android.webview.chromium.WebViewChromium.onDraw:19 
02-08 00:19:48.565 18726 18726 I View    : setRequestedFrameRate frameRate=-4.0, this=android.webkit.WebView{ef79206 VFEDHVC.. ........ 0,0-1080,2340 aid=1073741825}, caller=android.view.ViewGroup.setRequestedFrameRate:9952 WV.rf.o:1 WV.rg.h:118 WV.rg.onDraw:7 com.android.webview.chromium.WebViewChromium.onDraw:19 
02-08 00:19:48.573 18726 18726 I View    : setRequestedFrameRate frameRate=-4.0, this=android.webkit.WebView{ef79206 VFEDHVC.. ........ 0,0-1080,2340 aid=1073741825}, caller=android.view.ViewGroup.setRequestedFrameRate:9952 WV.rf.o:1 WV.rg.h:118 WV.rg.onDraw:7 com.android.webview.chromium.WebViewChromium.onDraw:19 
02-08 00:19:48.580  2609  2609 I BiometricsBoosting: com.samsung.android.intent.action.BIOMETRIC_AUTHENTICATION_STOP
02-08 00:19:48.580  1725  1874 I HYPER-HAL: [RequestManager.cpp]releaseLocked(): Released ID : 5741745
02-08 00:19:48.582 18726 18726 I View    : setRequestedFrameRate frameRate=-4.0, this=android.webkit.WebView{ef79206 VFEDHVC.. ........ 0,0-1080,2340 aid=1073741825}, caller=android.view.ViewGroup.setRequestedFrameRate:9952 WV.rf.o:1 WV.rg.h:118 WV.rg.onDraw:7 com.android.webview.chromium.WebViewChromium.onDraw:19 
02-08 00:19:48.590 18726 18726 I View    : setRequestedFrameRate frameRate=-4.0, this=android.webkit.WebView{ef79206 VFEDHVC.. ........ 0,0-1080,2340 aid=1073741825}, caller=android.view.ViewGroup.setRequestedFrameRate:9952 WV.rf.o:1 WV.rg.h:118 WV.rg.onDraw:7 com.android.webview.chromium.WebViewChromium.onDraw:19 
02-08 00:19:48.598 18726 18726 I View    : setRequestedFrameRate frameRate=-4.0, this=android.webkit.WebView{ef79206 VFEDHVC.. ........ 0,0-1080,2340 aid=1073741825}, caller=android.view.ViewGroup.setRequestedFrameRate:9952 WV.rf.o:1 WV.rg.h:118 WV.rg.onDraw:7 com.android.webview.chromium.WebViewChromium.onDraw:19 
02-08 00:19:48.606 18726 18726 I View    : setRequestedFrameRate frameRate=-4.0, this=android.webkit.WebView{ef79206 VFEDHVC.. ........ 0,0-1080,2340 aid=1073741825}, caller=android.view.ViewGroup.setRequestedFrameRate:9952 WV.rf.o:1 WV.rg.h:118 WV.rg.onDraw:7 com.android.webview.chromium.WebViewChromium.onDraw:19 
02-08 00:19:48.611 21949 21980 I [WEATHER]SourceFile: {[D2449EC7E8D528C38C87EA2C5F4D40DEAB17C6ACCB102772D8E9066B85CC18C66DBF98D4C1E7A65639445A72EFBD99F8595486FF76A08A5ABF4D3A5DCB75A3C4]}
02-08 00:19:48.611 21949 21980 I [WEATHER]SourceFile: {[C61197A981D4E5FE5D9A030393F2E675A555578BB9A7A92ECAE82909311FAEB17AA21D1EBB0514BE4B5D02EE7B94FB225C19B10A6665F833ACF0B6A1C7E44027]}
02-08 00:19:48.611 21949 21980 I [WEATHER]SourceFile: {[68D54DE84AB95AC39DECBA2B7A5D0A0C12AA78F0466BCFA562A79870843A443100E272954135ADF34FC293B1E1D94530064B9178AF5445DEE25BF7F1564A79FFEC42C5AD562403409B4359A4D3390CFBE8F1588A5A078806A93B06D4E8377B61D0C0BEE35E184B29D98BBB166F9D4393]}
02-08 00:19:48.615 18726 18726 I View    : setRequestedFrameRate frameRate=-4.0, this=android.webkit.WebView{ef79206 VFEDHVC.. ........ 0,0-1080,2340 aid=1073741825}, caller=android.view.ViewGroup.setRequestedFrameRate:9952 WV.rf.o:1 WV.rg.h:118 WV.rg.onDraw:7 com.android.webview.chromium.WebViewChromium.onDraw:19 
02-08 00:19:48.616  1861  2163 I CompositionEngine: [setDisplaySize] size=(434, 42)
02-08 00:19:48.623 18726 18726 I View    : setRequestedFrameRate frameRate=-4.0, this=android.webkit.WebView{ef79206 VFEDHVC.. ........ 0,0-1080,2340 aid=1073741825}, caller=android.view.ViewGroup.setRequestedFrameRate:9952 WV.rf.o:1 WV.rg.h:118 WV.rg.onDraw:7 com.android.webview.chromium.WebViewChromium.onDraw:19 
02-08 00:19:48.631 18726 18726 I View    : setRequestedFrameRate frameRate=-4.0, this=android.webkit.WebView{ef79206 VFEDHVC.. ........ 0,0-1080,2340 aid=1073741825}, caller=android.view.ViewGroup.setRequestedFrameRate:9952 WV.rf.o:1 WV.rg.h:118 WV.rg.onDraw:7 com.android.webview.chromium.WebViewChromium.onDraw:19 
02-08 00:19:48.640 18726 18726 I View    : setRequestedFrameRate frameRate=-4.0, this=android.webkit.WebView{ef79206 VFEDHVC.. ........ 0,0-1080,2340 aid=1073741825}, caller=android.view.ViewGroup.setRequestedFrameRate:9952 WV.rf.o:1 WV.rg.h:118 WV.rg.onDraw:7 com.android.webview.chromium.WebViewChromium.onDraw:19 
02-08 00:19:48.648 18726 18726 I View    : setRequestedFrameRate frameRate=-4.0, this=android.webkit.WebView{ef79206 VFEDHVC.. ........ 0,0-1080,2340 aid=1073741825}, caller=android.view.ViewGroup.setRequestedFrameRate:9952 WV.rf.o:1 WV.rg.h:118 WV.rg.onDraw:7 com.android.webview.chromium.WebViewChromium.onDraw:19 
02-08 00:19:48.656 18726 18726 I View    : setRequestedFrameRate frameRate=-4.0, this=android.webkit.WebView{ef79206 VFEDHVC.. ........ 0,0-1080,2340 aid=1073741825}, caller=android.view.ViewGroup.setRequestedFrameRate:9952 WV.rf.o:1 WV.rg.h:118 WV.rg.onDraw:7 com.android.webview.chromium.WebViewChromium.onDraw:19 
02-08 00:19:48.665 18726 18726 I View    : setRequestedFrameRate frameRate=-4.0, this=android.webkit.WebView{ef79206 VFEDHVC.. ........ 0,0-1080,2340 aid=1073741825}, caller=android.view.ViewGroup.setRequestedFrameRate:9952 WV.rf.o:1 WV.rg.h:118 WV.rg.onDraw:7 com.android.webview.chromium.WebViewChromium.onDraw:19 
02-08 00:19:48.673 18726 18726 I View    : setRequestedFrameRate frameRate=-4.0, this=android.webkit.WebView{ef79206 VFEDHVC.. ........ 0,0-1080,2340 aid=1073741825}, caller=android.view.ViewGroup.setRequestedFrameRate:9952 WV.rf.o:1 WV.rg.h:118 WV.rg.onDraw:7 com.android.webview.chromium.WebViewChromium.onDraw:19 
02-08 00:19:48.680  4739  4789 I HoneySpace.StatusIconTracker: invokeEvent() called with: event = Mobile(bundle=Bundle[mParcelledData.dataSize=256])
02-08 00:19:48.682 18726 18726 I View    : setRequestedFrameRate frameRate=-4.0, this=android.webkit.WebView{ef79206 VFEDHVC.. ........ 0,0-1080,2340 aid=1073741825}, caller=android.view.ViewGroup.setRequestedFrameRate:9952 WV.rf.o:1 WV.rg.h:118 WV.rg.onDraw:7 com.android.webview.chromium.WebViewChromium.onDraw:19 
02-08 00:19:48.690 18726 18726 I View    : setRequestedFrameRate frameRate=-4.0, this=android.webkit.WebView{ef79206 VFEDHVC.. ........ 0,0-1080,2340 aid=1073741825}, caller=android.view.ViewGroup.setRequestedFrameRate:9952 WV.rf.o:1 WV.rg.h:118 WV.rg.onDraw:7 com.android.webview.chromium.WebViewChromium.onDraw:19 
02-08 00:19:48.698 18726 18726 I View    : setRequestedFrameRate frameRate=-4.0, this=android.webkit.WebView{ef79206 VFEDHVC.. ........ 0,0-1080,2340 aid=1073741825}, caller=android.view.ViewGroup.setRequestedFrameRate:9952 WV.rf.o:1 WV.rg.h:118 WV.rg.onDraw:7 com.android.webview.chromium.WebViewChromium.onDraw:19 
02-08 00:19:48.706  4298  4298 D KeyguardSecIndicationPolicy:  remove Item pos = DEFAULT                             , id = 18144, 
02-08 00:19:48.707 18726 18726 I View    : setRequestedFrameRate frameRate=-4.0, this=android.webkit.WebView{ef79206 VFEDHVC.. ........ 0,0-1080,2340 aid=1073741825}, caller=android.view.ViewGroup.setRequestedFrameRate:9952 WV.rf.o:1 WV.rg.h:118 WV.rg.onDraw:7 com.android.webview.chromium.WebViewChromium.onDraw:19 
02-08 00:19:48.713  4298  4298 D KeyguardSecIndicationPolicy:  remove Item pos = DEFAULT                             , id = 18147, 
02-08 00:19:48.715 18726 18726 I View    : setRequestedFrameRate frameRate=-4.0, this=android.webkit.WebView{ef79206 VFEDHVC.. ........ 0,0-1080,2340 aid=1073741825}, caller=android.view.ViewGroup.setRequestedFrameRate:9952 WV.rf.o:1 WV.rg.h:118 WV.rg.onDraw:7 com.android.webview.chromium.WebViewChromium.onDraw:19 
02-08 00:19:48.716  1861  2163 I CompositionEngine: [setDisplaySize] size=(434, 42)
02-08 00:19:48.723 18726 18726 I View    : setRequestedFrameRate frameRate=-4.0, this=android.webkit.WebView{ef79206 VFEDHVC.. ........ 0,0-1080,2340 aid=1073741825}, caller=android.view.ViewGroup.setRequestedFrameRate:9952 WV.rf.o:1 WV.rg.h:118 WV.rg.onDraw:7 com.android.webview.chromium.WebViewChromium.onDraw:19 
02-08 00:19:48.729  1787  1787 I SSC_DAEMON: handleSensorTestReqMsg:88, Sensor type :4, Msg type:9
02-08 00:19:48.730  1787  4608 I SSC_DAEMON: light_event_log:214, light_msg(4/9): 1,1,3,41,41,51
02-08 00:19:48.731 18726 18726 I View    : setRequestedFrameRate frameRate=-4.0, this=android.webkit.WebView{ef79206 VFEDHVC.. ........ 0,0-1080,2340 aid=1073741825}, caller=android.view.ViewGroup.setRequestedFrameRate:9952 WV.rf.o:1 WV.rg.h:118 WV.rg.onDraw:7 com.android.webview.chromium.WebViewChromium.onDraw:19 
02-08 00:19:48.740 18726 18726 I View    : setRequestedFrameRate frameRate=-4.0, this=android.webkit.WebView{ef79206 VFEDHVC.. ........ 0,0-1080,2340 aid=1073741825}, caller=android.view.ViewGroup.setRequestedFrameRate:9952 WV.rf.o:1 WV.rg.h:118 WV.rg.onDraw:7 com.android.webview.chromium.WebViewChromium.onDraw:19 
02-08 00:19:48.748 18726 18726 I View    : setRequestedFrameRate frameRate=-4.0, this=android.webkit.WebView{ef79206 VFEDHVC.. ........ 0,0-1080,2340 aid=1073741825}, caller=android.view.ViewGroup.setRequestedFrameRate:9952 WV.rf.o:1 WV.rg.h:118 WV.rg.onDraw:7 com.android.webview.chromium.WebViewChromium.onDraw:19 
02-08 00:19:48.756 18726 18726 I View    : setRequestedFrameRate frameRate=-4.0, this=android.webkit.WebView{ef79206 VFEDHVC.. ........ 0,0-1080,2340 aid=1073741825}, caller=android.view.ViewGroup.setRequestedFrameRate:9952 WV.rf.o:1 WV.rg.h:118 WV.rg.onDraw:7 com.android.webview.chromium.WebViewChromium.onDraw:19 
02-08 00:19:48.758  2609  3693 I ChimeraGenieUnloadPolicyHandler: LRU list is empty
02-08 00:19:48.765 18726 18726 I View    : setRequestedFrameRate frameRate=-4.0, this=android.webkit.WebView{ef79206 VFEDHVC.. ........ 0,0-1080,2340 aid=1073741825}, caller=android.view.ViewGroup.setRequestedFrameRate:9952 WV.rf.o:1 WV.rg.h:118 WV.rg.onDraw:7 com.android.webview.chromium.WebViewChromium.onDraw:19 
02-08 00:19:48.773 18726 18726 I View    : setRequestedFrameRate frameRate=-4.0, this=android.webkit.WebView{ef79206 VFEDHVC.. ........ 0,0-1080,2340 aid=1073741825}, caller=android.view.ViewGroup.setRequestedFrameRate:9952 WV.rf.o:1 WV.rg.h:118 WV.rg.onDraw:7 com.android.webview.chromium.WebViewChromium.onDraw:19 
02-08 00:19:48.782 18726 18726 I View    : setRequestedFrameRate frameRate=-4.0, this=android.webkit.WebView{ef79206 VFEDHVC.. ........ 0,0-1080,2340 aid=1073741825}, caller=android.view.ViewGroup.setRequestedFrameRate:9952 WV.rf.o:1 WV.rg.h:118 WV.rg.onDraw:7 com.android.webview.chromium.WebViewChromium.onDraw:19 
02-08 00:19:48.790 18726 18726 I View    : setRequestedFrameRate frameRate=-4.0, this=android.webkit.WebView{ef79206 VFEDHVC.. ........ 0,0-1080,2340 aid=1073741825}, caller=android.view.ViewGroup.setRequestedFrameRate:9952 WV.rf.o:1 WV.rg.h:118 WV.rg.onDraw:7 com.android.webview.chromium.WebViewChromium.onDraw:19 
02-08 00:19:48.798 18726 18726 I View    : setRequestedFrameRate frameRate=-4.0, this=android.webkit.WebView{ef79206 VFEDHVC.. ........ 0,0-1080,2340 aid=1073741825}, caller=android.view.ViewGroup.setRequestedFrameRate:9952 WV.rf.o:1 WV.rg.h:118 WV.rg.onDraw:7 com.android.webview.chromium.WebViewChromium.onDraw:19 
02-08 00:19:48.806 18726 18726 I View    : setRequestedFrameRate frameRate=-4.0, this=android.webkit.WebView{ef79206 VFEDHVC.. ........ 0,0-1080,2340 aid=1073741825}, caller=android.view.ViewGroup.setRequestedFrameRate:9952 WV.rf.o:1 WV.rg.h:118 WV.rg.onDraw:7 com.android.webview.chromium.WebViewChromium.onDraw:19 
02-08 00:19:48.812 21949 21980 I [WEATHER]SourceFile: {[8B52EBADBC08863FC6DDBAC96631CF32162F4B3EF1BB5B74796C9CB431FEB96E929AAA77ACFA7292BB20D1B2ACEDDD9168DBFAF1801E65E0DCD395222ED2233C]}
02-08 00:19:48.815 18726 18726 I View    : setRequestedFrameRate frameRate=-4.0, this=android.webkit.WebView{ef79206 VFEDHVC.. ........ 0,0-1080,2340 aid=1073741825}, caller=android.view.ViewGroup.setRequestedFrameRate:9952 WV.rf.o:1 WV.rg.h:118 WV.rg.onDraw:7 com.android.webview.chromium.WebViewChromium.onDraw:19 
02-08 00:19:48.816  1861  2163 I CompositionEngine: [setDisplaySize] size=(434, 42)
02-08 00:19:48.817 21949 21990 I [WEATHER]SourceFile: {[06320AC6E47C5AEDD1F6111BCFF99C9E3BE2C007C6FE7ECF33E0241715247449A60E9616569FF3C034C3805C524176650F42FC3D86A6548EBAB9994704CC03C38C0F7F03284F5BA18458BE984E2F68BF]}
02-08 00:19:48.817 21949 21991 I [WEATHER]SourceFile: {[06320AC6E47C5AEDD1F6111BCFF99C9E3BE2C007C6FE7ECF33E0241715247449A60E9616569FF3C034C3805C5241766530B940E2A90728BD11FB7C4798D67D5E4B8E93866F0D01786B3445FE09859467]}
02-08 00:19:48.818 21949 21991 I GWT:GlanceStateDefinition: [daemonapp] getDataStore: preview-HomeClockAppWidget-widesmall, file exist: false, PreferenceStateDefinition type: true
02-08 00:19:48.818 21949 21991 I GWT:GlanceStateDefinition: [daemonapp] create PreferenceDataStore / preview-HomeClockAppWidget-widesmall , CoroutineScope(coroutineContext=[y0{Active}@44b67ad, Dispatchers.IO])
02-08 00:19:48.819 21949 21981 I GWT:GlanceStateDefinition: [daemonapp] getDataStore: preview-HomeWeatherAppWidget-small, file exist: false, PreferenceStateDefinition type: true
02-08 00:19:48.819 21949 21981 I GWT:GlanceStateDefinition: [daemonapp] create PreferenceDataStore / preview-HomeWeatherAppWidget-small , CoroutineScope(coroutineContext=[y0{Active}@8a1ae73, Dispatchers.IO])
02-08 00:19:48.823 18726 18726 I View    : setRequestedFrameRate frameRate=-4.0, this=android.webkit.WebView{ef79206 VFEDHVC.. ........ 0,0-1080,2340 aid=1073741825}, caller=android.view.ViewGroup.setRequestedFrameRate:9952 WV.rf.o:1 WV.rg.h:118 WV.rg.onDraw:7 com.android.webview.chromium.WebViewChromium.onDraw:19 
02-08 00:19:48.823  2609  3647 I AppWidgetServiceImpl: getAppWidgetInfo() 0, from 0
02-08 00:19:48.824  2609  3647 I AppWidgetServiceImpl: cannot find widget for appWidgetId=0 uid=10243 packageName=com.sec.android.daemonapp
02-08 00:19:48.824  2609  3647 E AppWidgetServiceImpl: getAppWidgetInfo() returns null because widget is null. appWidgetId=0 userId=0
02-08 00:19:48.824  2609  3647 E AppWidgetServiceImpl: widget is null = 0, 0
02-08 00:19:48.824 21949 21980 E AppWidgetManager: App widget provider info is null. PackageName=com.sec.android.daemonapp appWidgetId-0
02-08 00:19:48.824  2609  3647 I AppWidgetServiceImpl: getAppWidgetInfo() 0, from 0
02-08 00:19:48.824  2609  3647 I AppWidgetServiceImpl: cannot find widget for appWidgetId=0 uid=10243 packageName=com.sec.android.daemonapp
02-08 00:19:48.824  2609  3647 E AppWidgetServiceImpl: getAppWidgetInfo() returns null because widget is null. appWidgetId=0 userId=0
02-08 00:19:48.824  2609  3647 E AppWidgetServiceImpl: widget is null = 0, 0
02-08 00:19:48.824 21949 21980 E AppWidgetManager: App widget provider info is null. PackageName=com.sec.android.daemonapp appWidgetId-0
02-08 00:19:48.825 21949 21991 I GWT:GlanceStateDefinition: [daemonapp] getDataStore: preview-HomeClockAppWidget-medium, file exist: false, PreferenceStateDefinition type: true
02-08 00:19:48.825 21949 21991 I GWT:GlanceStateDefinition: [daemonapp] create PreferenceDataStore / preview-HomeClockAppWidget-medium , CoroutineScope(coroutineContext=[y0{Active}@d7edf65, Dispatchers.IO])
02-08 00:19:48.825 21949 21980 I [WEATHER]SourceFile: {[BC81F74DC7D27B1660096E60B8777EEAE43B4532D107FB825386499F198E5F91D72412856693E0609132007B88D1B27FC9CEF6830A19E9D446E1AA490085E0C6579ADE818279B161EFAF15C0C29D5974EF7A80D92C42B1DEEB5542AD19A63C39E9090A33ABA4073AEE21E3FFD85DEB585042459E441453D664FC1B5704B2FD127F5EEE1CD336D369490D718089D8BC647D16D5B72E04C17B7DE48F9D3EB91CFFA47D304838C4F1F2F167C9FC261094FED4C7E8C7AD26DFCC1E3327F23ADC5E30D1B9D5DBB1FDC1B78BE700D9166A30A9F64C241999C923EA68A6B7BF36B280471F9049B1D835859A3BEEBFD8E9528255B1BB7588261E06B2300DFD45BEEC9F55162C982602359E6F208E0EF0914BC834D2188168BA2EB2BCF6E8B10D9B46B633E43FACC53F5D3F502EB7CD4E9F0635CE7C89E117254BBD0FEB769B4239206C80D5F8726BBB8340052598BE0BCA00A519DEB15A4379094193324E4382FE4589E4E2131E780DB24903E0F4D79EAD4D945C717BF72E73F94FE884245B972139ABC142346910B92E84B4A90E72EECB062534FF2320D49CB355CB234EBA3CE5C9FCCBC8024AC57CA75B34BCD3F35BF479B83614A149F8160FAE4E0D7E3EB7F50BC74757E240F3850C16077D2BFFC24B5D1A7B9A0028B46D2D0C724C24310AA9FDC782D6AF6230613C54C35476B24F987C24E6D49D37A3E5D204EE75ED5BA9CC21255C672EE70B6DFBDE5B6FE31BEFE50E2FA0]}
02-08 00:19:48.825 21949 21980 I [WEATHER]SourceFile: {[CFF56E625DFEB6532268174F8C6DF81837FBC5CA00B4798C6EAE3D153EF9ABB5C0AEC79F0EA0375B722286397488E4CE29F41EE7A06E495B4FCEAD07542B2AEA7A2ABDFCCDAABBA2BEC4877A7C13F25DE650771D4209B517BC64A85D25930E9DFAB75FD4815C93FFD1EBE55E42C2DA68606A47354FA118E0994DECB5CCD75AA15C8E17465F911073EBD8C5884DA0D88F9F33E25B54C6C01B38FA56877D080200212C682B5C8C81305BEFE926D264B9791C3100FBB676DEEA0962D5F94F43121332034D8F6878230E4FC864C9FCC47F94C289A641B6560D6DC2BEC71C8D698840CD0557A9CF3A8B459F6117E44AA3DD9C6F0AF92BBC6F48D1B011EAA657233C5B7628DD347A9B07A816DD020FE7B3E54954DAD444841524C469AE63270B8CF815]}
02-08 00:19:48.825 21949 21980 I GWT:GAppWidgetManager: [daemonapp] getGlanceIdByProvider / class com.sec.android.daemonapp.complication.ComplicationWidget
02-08 00:19:48.825 21949 21980 I GWT:GAppWidgetManager: [daemonapp] get receiver list / 9
02-08 00:19:48.825 21949 21997 I GWT:GlanceStateDefinition: [daemonapp] getDataStore: preview-HomeWeatherAppWidget-widesmall, file exist: false, PreferenceStateDefinition type: true
02-08 00:19:48.825 21949 21980 I GWT:GAppWidgetManager: [daemonapp] widget ids / 0
02-08 00:19:48.825 21949 21997 I GWT:GlanceStateDefinition: [daemonapp] create PreferenceDataStore / preview-HomeWeatherAppWidget-widesmall , CoroutineScope(coroutineContext=[y0{Active}@2174648, Dispatchers.IO])
02-08 00:19:48.826 21949 21980 I GWT:GAppWidgetManager: [daemonapp] getGlanceIdByProvider / class com.sec.android.daemonapp.complication.ComplicationWidget
02-08 00:19:48.826 21949 21980 I GWT:GAppWidgetManager: [daemonapp] get receiver list / 9
02-08 00:19:48.826 21949 21980 I GWT:GAppWidgetManager: [daemonapp] widget ids / 0
02-08 00:19:48.826 21949 21980 I [WEATHER]SourceFile: {[F625D8A93BDFF4DE625BEDCBFC120CACBB2763636CAFED54948D73D8D7386AA52D092C7F850DD37069740986D0BC9BA9]}
02-08 00:19:48.826 21949 21980 I [WEATHER]SourceFile: {[2D0B70D783B30825AF6258DF105C4C66EA95D6496579097E283A173058F5E807]}
02-08 00:19:48.827 21949 21980 I [WEATHER]SourceFile: {[57AA676E759F8AD3CE9C26CFD15D6C46C7149A7DC28C9E25723B889968DB7A51]}
02-08 00:19:48.827 21949 21980 I [WEATHER]SourceFile: {[57AA676E759F8AD3CE9C26CFD15D6C466F53C1AA0D30425E99F5E996B260CD05A64EB315AC2727104A656234741C2E11]}
02-08 00:19:48.827 21949 21949 I [WEATHER]SourceFile: {[59682FFB40DA8060A52AE78B14923E5C0398A67EB4786D5B3837A16BF66D4BCAFE42BC4DB976ACFC6FC0F4B1ADC050DF]}
02-08 00:19:48.828 21949 21949 I GWT:GAppWidgetManager: [daemonapp] getGlanceIdByProvider / class com.sec.android.daemonapp.home.HomeAppWidget
02-08 00:19:48.828 21949 21949 I GWT:GAppWidgetManager: [daemonapp] get receiver list / 0
02-08 00:19:48.828 21949 21949 I GWT:GlanceStateDefinition: [daemonapp] getDataStore: appWidget-2, file exist: true, PreferenceStateDefinition type: true
02-08 00:19:48.828 21949 21949 I GWT:GlanceStateDefinition: [daemonapp] getDataStore: appWidget-2, file exist: true, PreferenceStateDefinition type: true
02-08 00:19:48.829 21949 21949 I GWT:GlanceStateDefinition: [daemonapp] getDataStore: appWidget-2, file exist: true, PreferenceStateDefinition type: true
02-08 00:19:48.830  2609  7060 I AppWidgetServiceImpl: getAppWidgetInfo() 2, from 0
02-08 00:19:48.830  2609  7060 I AppWidgetServiceImpl: getAppWidgetInfo() 2, from 0
02-08 00:19:48.831 21949 21990 I GWT:GlanceStateDefinition: [daemonapp] getDataStore: preview-HomeClockAppWidget-large, file exist: false, PreferenceStateDefinition type: true
02-08 00:19:48.831 21949 21990 I GWT:GlanceStateDefinition: [daemonapp] create PreferenceDataStore / preview-HomeClockAppWidget-large , CoroutineScope(coroutineContext=[y0{Active}@1f77719, Dispatchers.IO])
02-08 00:19:48.831 21949 21980 I GWT:GlanceStateDefinition: [daemonapp] getDataStore: preview-HomeWeatherAppWidget-medium, file exist: false, PreferenceStateDefinition type: true
02-08 00:19:48.831 21949 21980 I GWT:GlanceStateDefinition: [daemonapp] create PreferenceDataStore / preview-HomeWeatherAppWidget-medium , CoroutineScope(coroutineContext=[y0{Active}@fd2f9bf, Dispatchers.IO])
02-08 00:19:48.832 18726 18726 I View    : setRequestedFrameRate frameRate=-4.0, this=android.webkit.WebView{ef79206 VFEDHVC.. ........ 0,0-1080,2340 aid=1073741825}, caller=android.view.ViewGroup.setRequestedFrameRate:9952 WV.rf.o:1 WV.rg.h:118 WV.rg.onDraw:7 com.android.webview.chromium.WebViewChromium.onDraw:19 
02-08 00:19:48.833 21949 21949 I [WEATHER]SourceFile: {[B8E6B66D4E1D4965B3896A19A06DF838064D6007DF9ED19DEE44F717AE013B14A46DB240C7858C98075F4970B1538919271CA659D105E1134BA7DD93BC98C4E8C3419EB9B7F32ED1FA2C2BF122A001173E6BA7275EE7205C66DB272181BAC2A20CAC949BEC0F7D5B139303DF2E642C2DB5D2BEDDCE6437B53EA1D2F3064FF73341A9AB0485AD9D3B6832121C6136260BCAABC65757E5CB74F0C00E1544163A1282BF9397A6AD8D970B1F5A42F13DBFB207169A0A46D383B89A68F10B6271C89100C9B172F263812A5A5E3A591CEAA89DBE995CBB8DCAD526D763A95C779585AC60097116E263B970D1F982B3E30B14F7DA83E1E7DE5AB44F313C736DF384BE37CDB5086C26109ED59E9D4F9E04B95F9E948BA287E70680F3AAF5AFA4261ED378539AD5C40DD6D4D1E87444D43718B534AED190645319B14AD4E72B59085258830486D404485076881DA96E1EAE71621559161D999A00FE6B48F0DBBEA997A9354E0B58021D2D653DDA4FB0C33D9D4C37366AC53AAC84520B46F37157A2599BD9E7FF054CE5A508BF4928C27799435C4729F0942CCFC3F0D7318F788F54081D19E6F3E765F60E5E5A71FB0E786C6C0B6ECEDD95FA30E33891F35A71FCEF82B6D861997D0E412B255A7475263A9001C4BC8C51964022DDB8D014582F3B1774E7163BD28C5A5D98BAB3827F770A7237187624FF60DAE15A79BD772405C54645C1CDB3A93BB9B38DF590ABC469E26FF32A1D]}
02-08 00:19:48.833 21949 21949 I [WEATHER]SourceFile: {[3106F2FC763219E07DF49925062B19114CB7FD11BF9B5C37ABD8EB89DBAC040685841C05DE551D6DA1C34DE9D9C05BC47C3F4B056B37297F25C2A90A6D9EFD35664CD8E4C10C6961BCB603FC1B079117BDDDE3CF324EBF514D8504180B1BE4B5A0D0D129C74967045A2D1E201EB20C3B98827A3C907C60100FD9FD6D52BCBDB6C0156804F9C20F364B106E0EFA5B8EE9331B6298AB1C5803D10D3C417D2431F3E092CF3FE26D1AF399B4E06B011F5022F3FFB7D399E318FF1FB4C3B0353EC1417746EF3A2C780FCBBBF4B429E04D2134B33EFE77644A9F4157EAE3083937067564CC18CF2E91822F352BA3937991BEA5FAE3B1844840D72AAD8715DBCC8B391323D7C41AE9036E39A0B746C0096EF6C2E9795064E0831EBDCFF319F80AC763CB54C4DBCCB99A2ED0DBC50617C80504C3FB9336C3708C093E286A05401107368EC17ABF6A86F6E433410097E9D42C6A413B545D524E0B6446D990B25272FF4829936464033AA72424A8C60DCD56B8BF16D4AB0A1A4456E6889341B39F07DF62318FFDC1AF00CB9BB8CED6D045E98424B62C4C288E7652D1578462DC9663A4A79A8FAFB7D5CE5A54967813EFB8A143EE51D5082F0A449763F3AAE5D6406528F6FEB2BD1BC5DBA5F69D5DD952DBA6D21F4D344D05EB99AE319AACF74D0B8E537D3EFD2B8F43536EA68BF88582A4FFA2CC573CB835EB902128880FBD498F909E2F183B9C6066D6919708FFBA7F0B11F10DF4]}
02-08 00:19:48.834 21949 21949 I [WEATHER]SourceFile: {[C3950F3E3A42905AEABD12BE67F5009B5F64AE56271A9339996C2F230EB6A54E29F9EB3855EAC0A6D11C08BA327A35DEC12FAC3DBD37CE219ECFF37633B31F39E1FD7809722A86C76086DCE19110697EEF3BC81B62E5A31DCE8BD9144F3115CA68F8A4AD135AF42EE0B632D4F7708135C1B351436594C0BD955C90A1304D2D3955B44B2476289C002B2869E81F6F5E8AB4E28B5BEF5FF5D1DA0247B260242F00D03619D10DA81BD627DE5C221C0C7D99E2BA1C507863D1635D2A5B9F43BCEBE958E40D72636057D9D956DF17C80ECD05E4067F43CE2D088EF1534C8480370CE81C614D71C172BB74372726E79187A86BD3632D8F47C4C1E570EBD8CB995532DB00AE6D013216F6DB2AF9CBF69BBC2A2450A5DA195FADD6A3EC185046715EBBD73CD4DC12383D9F9D29D761E04AB064781528DF2503207B2F9107DD2D8E7223F961A41B5DE16CBAF87E4BC987E22DA2AF60C80F084BF38771F408D639C559955ACEBB41470C0B881B7AD7A8BB298AF4D81A9D9C99FF8AAD720E0BC7A388017095A055FF109C9CBFE436818111C9B397FC49A6F003EA687E25BA7AEA51735A7AD47335BC93FF73E3590ADCFC7895E63A9FDD383DDA3619F23FAD76B4FA137B2A1BB53FB29C7D9D198A9891F6FAC1226C96901D812E49A02F6EA731260DB886DA5D5DE2C5B1DBA1FFB55F889C8AEB6BF351F0FBDC756C6E12ECA6F444AADE6F80B869F994489D759FB14C11E83AEA6DA6F7]}
02-08 00:19:48.834 21949 21949 I [WEATHER]SourceFile: {[189B4E5566C00E379FE2032F3E813B9285991B5035DEC229DCB1568DB28EADCA845668157B0589C897B2BA68B42852BBB6485BD0C5D54882B23ED4EE87A7D6E03C25A5831A0497F460EACD58EA8CE988B84591014D57A0AAB0EACE4CC74923038C8D94DEB70F0D68BFC9E818CD552459BAE10E5D38C85E622BB171EE21D0B2E4C369B2CDEAE074313A3D827C574ADD94555D29FF04A825EAA67A7F513C24618AF2FA047717CCE3CF306CA5D658F90A02C2AD6D360274D638B5F01F0E9D997CD5E7733EEB37B5B525AD1E5D4500116A62860EE95834519DB5135083BBFAAF4EFAA3B0CDBC769F9FAF36A2018E1BD785F1CF67236B8DBBB7437A92D4048F1AAFBFFDEE9DC5E9BA32ABAC212C2C8617D0703CA93C3684EEA099C798FCC43065037FB29DA498E8700DAE0159DAEFDBDEEC4960D1B93012BDB019DD2AC5429253B8C6CD6E377E8224E5655BA72DD56E57415E30AA2BBBD5A28327CF5CA025FEB5F06C5E9DEA95C3CBA921F3314401C7D027FAD0DC933B94D1B8323183DC127F09B4A02E955B81283620E380024714D7E9FA1FCD157CEF8F4AFD75A15520BA330EBD4A34ED5F69CF5FF04784E8DACB45211D8EA71062F88B599187CD4B6661E351A4801F19A0410354C90D015BABC2EBEB404BAF1288DF3F6975E7538ED59C62DF1E715F1EEADA76F4A79DEFE5844E054FA8F29F605AA675256D5FD5A6A11C32AE33B5D21BF56A145EE9557BF32D92BEE1649B]}
02-08 00:19:48.834 21949 21949 I [WEATHER]SourceFile: {[C01AE34C652A37B5C498DA8E4995E241348C9483BFD07BFCE6472DC194E390D569E74BAAE806F994337B0E4708132E3FAA95581E48478C145B8369AA084150AD307E5E78B07491167B09C710BEEAA6B444777910B58B8E764A89EE605BE01606FD8F5064B99E7429B30A7D98E7A3CC91A6CE2504C0F820B258D7DAEA47A73D5B982668C4E65AE253092965DDE265A51F7303BD063BF42A82C4638901D0BC84DE3AA365A1B54AED788F3C11B8A6F923A117DF11EB343D73FE23A26F768F7D24E6E112A28DC16EA734A0173B5B78E34D5B4BB1F12B7F80CD114E90911073B17C5252F012A50010B7B424572ED84F688B429B4CAAF3BDB668B229AFB0FB4B1E3F141E6F2FD758D47BECB9E8F393B816345903F957C75835F458AA32F59069D61C6CF187C32E1E2E0276DE7A94A8E357524257C25FB7FB19CD43A4FB264FED0E658413CE403AF14BD8EE830902AACE5A5BCD6A2C55CB12AA3F51AF05D1F9667EE52EF8C2D57A1D010F75113B1AE57332F2F39D4844591DAFE86412F3A41DFC158E2A1ED029943A2D667FDC1B641FBA3017AF4D9138F7D2667817760CCBEC3BDBF0D68D3095153C373746432CEBCB21ABA9F512F15D6740DEB218A23C7A4963D94B00CD9D5338489D03E4A12462672111AD4118464CF2E24C50ACE0343812F6A00956F96884277AA13889297854C4488B3A2CCBFF8441FFD25218EBBAA9CCE06FA562FB9FB69C89889F786093BBDD2EC20080]}
02-08 00:19:48.834 21949 21949 I [WEATHER]SourceFile: {[FDB50F52067FADAF4A164A544006B8B1F44623B7778F2E74B36E6C6C815DAB1A2EBC804BC5B07E025590AD5D98E325A3541418608F49AEA19C0AF886565A3C567DC96A9FCDE61680DD33834717848B0926E9A2DD396815DAB4F12453A481703DD9312EA85619899C5FBC758AE13A8B9ED0AA2017CD1D35F8A50C6980C3A33A33D54D01564F6F73012AD4257F633A185280EDD20608FBE5ADF4204E458BC2549AEDD51F6F45F90C892F7743BF70AA2A7933BA00CC9C8B0B9E55AE62E32CEC17712B33843EEB4EB2154EB463343E7D91A5CA75C7265D1F0429FBA70AE5A540A76DBEE29A9A143E0E7B1030E567FD32EED3E3A5E3C19CEDF2A620520AD23349F0D0E49297528AE8B98E62B7F1D9CEDD87987247894237E981A83FDD424B9A177F14911B1D12AEB4E91772C703ADFFEDD9FA29F4BB0F34D81116D6EF246D473FF3D2DA0948C4623C4272695C91D5EF7AD32F31AD769BD5079E203A4576520547EDC90CDE865A43ED95D3C9776844C2C77CA2A84341FC83FB3E45FCC79CEEC5D0379AEF80918BFA91F2739BD0C1413B42C8C4F279E7366177F5E0A9D1C1C9EB5889D91CAE9268AF8FA16A8861C3D889E61BA671629FF053D363CD770B957F6D9CDD594ADA688C10DD757BC362545CD8BD2644092CC5C3BB46A92A33F0E08E83ED1F96CC315DE4E6F7AA9367AAF5FAC83B0BCD2CD6FA30B53C733734F78BAE5318143AE185328166676663D00392AA0BA9EB75]}
02-08 00:19:48.834 21949 21949 I [WEATHER]SourceFile: {[595FDA53748826D9A41D83857538FF363581FF96D0EE90198076818070C7D0E1A6963A81A6414B8DB19B3E06C634227601DFFBCE10546F96FFB00FD44B91E6A42014397EF8CADD8C3EC651642E7589EBD013725C057A422AC664C2755F0B5E54FF276AC1C5A9AAF7BCF848C022EA893E83E8058F219A6DD6D6FA92271480BCBA4E101F7789E3B7DC0552C53957EA92AFDCBEB5B65841BF6F6143F285858F4D00DDEF6CF327F050C17DF14712AC5B09C49276D9EC01A034FE0C52318918030A4A962C855F2856C4AB703115AF7804EDFE09719FFCECA7A2132926189CF501690F36453236C3835EB2A93BCDC7EFA9F77DF2833681CD5AB1F5C133DD042FCAE6230F05FEE22F933CF7587BB7A301B518AFA9D2C6133295BE1C73747659580B8665F8B737ED873591A1202CD84CAB273ED450FD7C05069349E78E6DC715E2657C4FE2650B96729B98BFAA7C02E4F2E0ECC5BB996C53445531083AE96FB4F288D80CF21ACB1D51A06CFE4FC6CACAD1B958E61526751E70FE74C8423A86B1DDA20EEB2B48923C6402C9E33C5C0E6DE85ABCE474F7B66BC9A74839ABAF61E49F89AC7748052B84F6334E6D52BBCF8C9345FF3B6DD7429BE2AFD686C124DDA0F886EC320F0451D5737CAC8A3E646709B97E608414283273C1CDF1020081E71148FEB077]}
02-08 00:19:48.836 21949 21992 I GWT:GlanceStateDefinition: [daemonapp] getDataStore: preview-HomeWeatherAppWidget-large, file exist: false, PreferenceStateDefinition type: true
02-08 00:19:48.836  2609  7060 I AppWidgetServiceImpl: getAppWidgetInfo() 2, from 0
02-08 00:19:48.836 21949 21992 I GWT:GlanceStateDefinition: [daemonapp] create PreferenceDataStore / preview-HomeWeatherAppWidget-large , CoroutineScope(coroutineContext=[y0{Active}@e5030b6, Dispatchers.IO])
02-08 00:19:48.836 21949 21991 I GWT:PreviewState: [daemonapp] isUpdateAvailable : true
02-08 00:19:48.836 21949 21991 I GWT:PreviewState: [daemonapp] request update preview size / mixed
02-08 00:19:48.837 21949 21949 I GWT:SessionManager: [daemonapp] isSessionRunning(appWidget-2)==true(true, true)
02-08 00:19:48.837 21949 21949 W GWT:SessionManager: [daemonapp] Update Requested on MAIN THREAD!! Use Dispatchers.Default instead Main. If DO NOT, it will cause ANR and update cancelled frequently
02-08 00:19:48.837 21949 21949 W GWT:SessionManager:     at W1.t.d(null:328)
02-08 00:19:48.837 21949 21949 W GWT:SessionManager:     at W1.r.invokeSuspend(null:12)
02-08 00:19:48.837 21949 21949 W GWT:SessionManager:     at q7.a.resumeWith(null:7)
02-08 00:19:48.837 21949 21949 W GWT:SessionManager:     at S8.K.run(null:109)
02-08 00:19:48.837 21949 21949 W GWT:SessionManager:     at android.os.Handler.handleCallback(Handler.java:995)
02-08 00:19:48.837 21949 21949 W GWT:SessionManager:     at android.os.Handler.dispatchMessage(Handler.java:103)
02-08 00:19:48.837 21949 21949 W GWT:SessionManager:     at android.os.Looper.loopOnce(Looper.java:273)
02-08 00:19:48.837 21949 21949 W GWT:SessionManager:     at android.os.Looper.loop(Looper.java:363)
02-08 00:19:48.837 21949 21949 W GWT:SessionManager:     at android.app.ActivityThread.main(ActivityThread.java:10060)
02-08 00:19:48.837 21949 21949 W GWT:SessionManager:     at java.lang.reflect.Method.invoke(Method.java:-2)
02-08 00:19:48.837 21949 21949 W GWT:SessionManager:     at com.android.internal.os.RuntimeInit$MethodAndArgsCaller.run(RuntimeInit.java:632)
02-08 00:19:48.837 21949 21949 W GWT:SessionManager:     at com.android.internal.os.ZygoteInit.main(ZygoteInit.java:975)
02-08 00:19:48.837 21949 21949 I GWT:AppWidget: [daemonapp] Update AppWidgetId(appWidgetId=2) widget / isRunning : true
02-08 00:19:48.837 21949 21949 I GWT:GlanceSession: [daemonapp] sendEvent:r1.k@41ebe35, eventChannel:false, false
02-08 00:19:48.837 21949 21949 I GWT:GlanceSession: [daemonapp] receiveEvent: r1.k@41ebe35
02-08 00:19:48.837 21949 21949 I GWT:AppWidgetSession: [daemonapp] Received UpdateGlanceState event for session(appWidget-2)
02-08 00:19:48.837 21949 21949 I GWT:GlanceStateDefinition: [daemonapp] getDataStore: appWidget-2, file exist: true, PreferenceStateDefinition type: true
02-08 00:19:48.837 21949 21991 I GWT:PreviewState: [daemonapp] updateAppWidgetPreview / com.sec.android.daemonapp.home.HomeClockAppWidget@8ef6253, class com.sec.android.daemonapp.appwidget.WeatherAppWidget, AppWidgetProviderInfo(UserHandle{0}/ComponentInfo{com.sec.android.daemonapp/com.sec.android.daemonapp.appwidget.WeatherAppWidget})
02-08 00:19:48.837 21949 21991 I GWT:CoroutineSession: [daemonapp] runComposition com.sec.android.daemonapp.home.HomeClockAppWidget widget / S1.p@803d0af
02-08 00:19:48.837 21949 21949 I GWT:AppWidgetSession: [daemonapp] widget-AppWidgetId(appWidgetId=2) collectAsState M.e@2a1fe2a
02-08 00:19:48.838 21949 21949 I [WEATHER]SourceFile: {[91D98E1F0F4C8BD0991F91764D72F5189A5B43E69DE9BC1E416A8A13619FBFAF2BA4FB4CB61929A078BADDEB85E8A765]}
02-08 00:19:48.838 21949 21949 I [WEATHER]SourceFile: {[2F4E79CE7129871FD2174F0286A05820554739F52F7ABBD9A75F0F5083CEB3E0A865A723B2268BC81B3835A8F5630B5309CA4E26F340515F9B21DF0C3F03D5DD61049783F8477156B60F072B3EA358547E18DB96D5F9583A63330E42F2F9A290]}
02-08 00:19:48.838 21949 22030 I GWT:GlanceStateDefinition: [daemonapp] getDataStore: preview-HomeClockAppWidget-widesmall, file exist: true, PreferenceStateDefinition type: true
02-08 00:19:48.838 21949 22030 I GWT:GlanceStateDefinition: [daemonapp] getDataStore: preview-HomeClockAppWidget-medium, file exist: true, PreferenceStateDefinition type: true
02-08 00:19:48.838 21949 22030 I GWT:GlanceStateDefinition: [daemonapp] getDataStore: preview-HomeClockAppWidget-large, file exist: true, PreferenceStateDefinition type: true
02-08 00:19:48.838 21949 22030 I GWT:GlobalSnapshotManager: [daemonapp] GlobalSnapshotMonitor observes MutableState(value=true)@95679557
02-08 00:19:48.838 21949 21949 I GlanceTemplate: [daemonapp] appWidgetDescription=true, appWidgetBackground=gradient, shape=none, appWidgetLabel=false, colors=ColorProviders(primary=[day=ff387aff night=ff387aff], onPrimary=[day=fffafaff night=fffafaff], primaryContainer=[day=19000000 night=19ffffff], onPrimaryContainer=[day=ff010102 night=fffafaff], background=[day=99fcfcff night=99010102], onBackground=[day=ff010102 night=fffafaff], surface=[day=80f2f2f2 night=80262626], onSurface=[day=cc000000 night=ccffffff], surfaceVariant=[day=ffff00ff night=ffff00ff], onSurfaceVariant=[day=99000000 night=99ffffff], inverseOnSurface=[day=fffafaff night=ff010102], inverseSurface=[day=99010102 night=99fafaff]
02-08 00:19:48.838 21949 21995 I GWT:GlobalSnapshotManager: [daemonapp] GlobalSnapshotMonitor observes MutableState(value=M.e@b301ff2)@212087654
02-08 00:19:48.840 18726 18726 I View    : setRequestedFrameRate frameRate=-4.0, this=android.webkit.WebView{ef79206 VFEDHVC.. ........ 0,0-1080,2340 aid=1073741825}, caller=android.view.ViewGroup.setRequestedFrameRate:9952 WV.rf.o:1 WV.rg.h:118 WV.rg.onDraw:7 com.android.webview.chromium.WebViewChromium.onDraw:19 
02-08 00:19:48.841 21949 21949 I GWT:AppWidgetSession: [daemonapp] processEmittableTree / AppWidgetId(appWidgetId=2) / main
02-08 00:19:48.841 21949 21949 I GWT:GlanceStateDefinition: [daemonapp] getDataStore: appWidgetLayout-2, file exist: true, PreferenceStateDefinition type: false
02-08 00:19:48.842  2609  3647 I AppWidgetServiceImpl: getAppWidgetInfo() 2, from 0
02-08 00:19:48.843 21949 22000 I GWT:PreviewState: [daemonapp] isUpdateAvailable : true
02-08 00:19:48.843 21949 22000 I GWT:PreviewState: [daemonapp] request update preview size / mixed
02-08 00:19:48.843 21949 22000 I GWT:PreviewState: [daemonapp] updateAppWidgetPreview / com.sec.android.daemonapp.home.HomeWeatherAppWidget@7aa6d84, class com.sec.android.daemonapp.appwidget.WeatherForecastWidget, AppWidgetProviderInfo(UserHandle{0}/ComponentInfo{com.sec.android.daemonapp/com.sec.android.daemonapp.appwidget.WeatherForecastWidget})
02-08 00:19:48.844 21949 21949 I GWT:AppWidgetSession: [daemonapp] UpdateAppWidget / 2, android.widget.RemoteViews@907096d / lastViewId : 68
02-08 00:19:48.844 21949 21949 I AppWidgetManager: updateAppWidget() appWidgetIds = [2]
02-08 00:19:48.844  2609  3647 I AppWidgetServiceImpl: Null RemoteViews on updateAppWidgetIds
02-08 00:19:48.845 21949 21949 I GWT:GlanceStateDefinition: [daemonapp] getDataStore: appWidgetLayout-2, file exist: true, PreferenceStateDefinition type: false
02-08 00:19:48.848 18726 18726 I View    : setRequestedFrameRate frameRate=-4.0, this=android.webkit.WebView{ef79206 VFEDHVC.. ........ 0,0-1080,2340 aid=1073741825}, caller=android.view.ViewGroup.setRequestedFrameRate:9952 WV.rf.o:1 WV.rg.h:118 WV.rg.onDraw:7 com.android.webview.chromium.WebViewChromium.onDraw:19 
02-08 00:19:48.856 18726 18726 I View    : setRequestedFrameRate frameRate=-4.0, this=android.webkit.WebView{ef79206 VFEDHVC.. ........ 0,0-1080,2340 aid=1073741825}, caller=android.view.ViewGroup.setRequestedFrameRate:9952 WV.rf.o:1 WV.rg.h:118 WV.rg.onDraw:7 com.android.webview.chromium.WebViewChromium.onDraw:19 
02-08 00:19:48.860  1826  1871 E HeatmapThread: ECT Thread time in milliseconds: 1770506388
02-08 00:19:48.861  1826  1871 D HeatmapThread: !@ batteryplugType : 2
