02-08 00:19:49.256 21949 21980 I GlanceTemplate: [daemonapp] appWidgetDescription=true, appWidgetBackground=gradient, shape=none, appWidgetLabel=false, colors=ColorProviders(primary=[day=ff387aff night=ff387aff], onPrimary=[day=fffafaff night=fffafaff], primaryContainer=[day=19000000 night=19ffffff], onPrimaryContainer=[day=ff010102 night=fffafaff], background=[day=99fcfcff night=99010102], onBackground=[day=ff010102 night=fffafaff], surface=[day=80f2f2f2 night=80262626], onSurface=[day=cc000000 night=ccffffff], surfaceVariant=[day=ffff00ff night=ffff00ff], onSurfaceVariant=[day=99000000 night=99ffffff], inverseOnSurface=[day=fffafaff night=ff010102], inverseSurface=[day=99010102 night=99fafaff]
02-08 00:19:49.256 22074 22130 I NewsWidget-Manager: init
02-08 00:19:49.257  2609  5209 D CompatChangeReporter: Compat change id reported: 297989574; UID 10349; state: ENABLED
02-08 00:19:49.257 18726 18726 I View    : setRequestedFrameRate frameRate=-4.0, this=android.webkit.WebView{ef79206 VFEDHVC.. ........ 0,0-1080,2340 aid=1073741825}, caller=android.view.ViewGroup.setRequestedFrameRate:9952 WV.rf.o:1 WV.rg.h:118 WV.rg.onDraw:7 com.android.webview.chromium.WebViewChromium.onDraw:19 
02-08 00:19:49.257  2609  7073 D ConnectivityService: Returning UNBLOCKED NetworkInfo to uid=10349
02-08 00:19:49.257 22074 22152 I NetworkErrorManager: onNetworkRecovered
02-08 00:19:49.257 22074 22152 I SamsungAccountNetworkState: onNetworkRecovered
02-08 00:19:49.257 22074 22152 I NetworkCallbackWrapper: onCapabilitiesChanged: not validated -> validated
02-08 00:19:49.257 21949 21980 I GWT:TemplateAppWidget: [daemonapp] [template-1.1.17] providePreview: widgetId=AppWidgetId(appWidgetId=-1)
02-08 00:19:49.257  2609  2759 I ActivityManager: com.samsung.android.app.dressroom is exempt from freezer by list
02-08 00:19:49.258 21949 21980 I [WEATHER]SourceFile: {[5D5BB7EFA29BC6A1BA47F879F4943E143D19D498C789F24087BD49C47E6549CF7C93071587F237DAAE978FABE837558EB9D675BAE9B87B8CA222634E4EC55A3F]}
02-08 00:19:49.258 22074 22152 I NetworkErrorManager: onAvailable
02-08 00:19:49.258 21949 21980 I [WEATHER]SourceFile: {[D08C2CB8B4289FCDF37DD6694CE5F7707A84C188EA1246D9C120089E1FBE76E34409078EEE0378108E11F2CA7979C0257A945524B4AB2F8734D4580FB5C351B892A510A87358A2967D5ED5DA72C37552834BCFEEAF468ECA76FF0B3F003EF592]}
02-08 00:19:49.258 22074 22152 W Settings: Setting airplane_mode_on has moved from android.provider.Settings.System to android.provider.Settings.Global, returning read-only value.
02-08 00:19:49.258 21949 21980 I GlanceTemplate: [daemonapp] appWidgetDescription=true, appWidgetBackground=gradient, shape=none, appWidgetLabel=false, colors=ColorProviders(primary=[day=ff387aff night=ff387aff], onPrimary=[day=fffafaff night=fffafaff], primaryContainer=[day=19000000 night=19ffffff], onPrimaryContainer=[day=ff010102 night=fffafaff], background=[day=99fcfcff night=99010102], onBackground=[day=ff010102 night=fffafaff], surface=[day=80f2f2f2 night=80262626], onSurface=[day=cc000000 night=ccffffff], surfaceVariant=[day=ffff00ff night=ffff00ff], onSurfaceVariant=[day=99000000 night=99ffffff], inverseOnSurface=[day=fffafaff night=ff010102], inverseSurface=[day=99010102 night=99fafaff]
02-08 00:19:49.258 22074 22152 I NetworkErrorManager: onNetworkRecovered
02-08 00:19:49.258 22074 22152 I SamsungAccountNetworkState: onNetworkRecovered
02-08 00:19:49.259 21949 21980 I GWT:TemplateAppWidget: [daemonapp] [template-1.1.17] providePreview: widgetId=AppWidgetId(appWidgetId=-1)
02-08 00:19:49.259 22074 22152 I NetworkCallbackWrapper: blocked : true
02-08 00:19:49.259 21949 21980 I [WEATHER]SourceFile: {[5D5BB7EFA29BC6A1BA47F879F4943E143D19D498C789F24087BD49C47E6549CF8E164BCBD3C58880429999C6AE12F529]}
02-08 00:19:49.259 21949 21980 I [WEATHER]SourceFile: {[D08C2CB8B4289FCDF37DD6694CE5F7707A84C188EA1246D9C120089E1FBE76E30A5B020D4BD0E34B0C507B244BE306595FFFA9EB6823ECCA60303807DBD125B1AECB7B8949B8070BE85FD8A65290267458A406D8670B3F574DB3AE7C12E099B3]}
02-08 00:19:49.259 22074 22152 I NetworkCallbackWrapper: blocked : false
02-08 00:19:49.259 21949 21980 I GlanceTemplate: [daemonapp] appWidgetDescription=true, appWidgetBackground=gradient, shape=none, appWidgetLabel=false, colors=ColorProviders(primary=[day=ff387aff night=ff387aff], onPrimary=[day=fffafaff night=fffafaff], primaryContainer=[day=19000000 night=19ffffff], onPrimaryContainer=[day=ff010102 night=fffafaff], background=[day=99fcfcff night=99010102], onBackground=[day=ff010102 night=fffafaff], surface=[day=80f2f2f2 night=80262626], onSurface=[day=cc000000 night=ccffffff], surfaceVariant=[day=ffff00ff night=ffff00ff], onSurfaceVariant=[day=99000000 night=99ffffff], inverseOnSurface=[day=fffafaff night=ff010102], inverseSurface=[day=99010102 night=99fafaff]
02-08 00:19:49.259 22074 22130 I NewsWidget-Installed: state : home2x1=0, home3x1=0, home2x2=0, home3x2=0, home4x2=0, home5x2=0, cover4x2=0, cover2x2=0, cover4x4=0, brief2x1=0, 3rdparty=0, LauncherPackageName=com.sec.android.app.launcher, SdkVersion=36
02-08 00:19:49.260 21949 21980 I GWT:FontUtils: calculated to be the minSize 10.0(1) 28 px
02-08 00:19:49.260 21949 21980 I GWT:FontUtils: calculated to be the minSize 10.0(1) 28 px
02-08 00:19:49.260 21949 21980 I GWT:TemplateAppWidget: [daemonapp] [template-1.1.17] providePreview: widgetId=AppWidgetId(appWidgetId=-1)
02-08 00:19:49.260 21949 21980 I [WEATHER]SourceFile: {[5D5BB7EFA29BC6A1BA47F879F4943E143D19D498C789F24087BD49C47E6549CF5CFF0055090FAB652AC040A58E094512]}
02-08 00:19:49.260 21949 21980 I [WEATHER]SourceFile: {[D08C2CB8B4289FCDF37DD6694CE5F7707A84C188EA1246D9C120089E1FBE76E3DB2A7CA87E844E3C34A4A261629494D8F39BC6672F1568560171F1E901C95536409E04A641F262EC9765CF819E6AA274BCE54EABC124FCB5119DB1BCBC6574F4]}
02-08 00:19:49.260  2609  5209 I AppWidgetServiceImpl: getInstalledProvidersForProfiles lock in com.samsung.android.app.spage
02-08 00:19:49.260 21949 21980 I GlanceTemplate: [daemonapp] appWidgetDescription=true, appWidgetBackground=gradient, shape=none, appWidgetLabel=false, colors=ColorProviders(primary=[day=ff387aff night=ff387aff], onPrimary=[day=fffafaff night=fffafaff], primaryContainer=[day=19000000 night=19ffffff], onPrimaryContainer=[day=ff010102 night=fffafaff], background=[day=99fcfcff night=99010102], onBackground=[day=ff010102 night=fffafaff], surface=[day=80f2f2f2 night=80262626], onSurface=[day=cc000000 night=ccffffff], surfaceVariant=[day=ffff00ff night=ffff00ff], onSurfaceVariant=[day=99000000 night=99ffffff], inverseOnSurface=[day=fffafaff night=ff010102], inverseSurface=[day=99010102 night=99fafaff]
02-08 00:19:49.260  2609  5209 I AppWidgetServiceImpl: getInstalledProvidersForProfiles lock exit 3
02-08 00:19:49.261 22074 22159 I SamsungAccountRepositoryImpl: updateAccountInfo - query auth
02-08 00:19:49.261 22074 22133 I SamsungAccountRepositoryImpl: updateAccountInfo - query auth
02-08 00:19:49.261 22074 22129 I SamsungAccountService: bindService
02-08 00:19:49.261  2609  2758 I AppWidgetServiceImpl: handleSaveMessage 0
02-08 00:19:49.262 21949 21980 I GWT:FontUtils: calculated to be the minSize 10.0(1) 28 px
02-08 00:19:49.262  2609  3691 D BackgroundInstallControlService: Package event received: 0
02-08 00:19:49.262 21949 21980 I GWT:FontUtils: calculated to be the minSize 10.0(1) 28 px
02-08 00:19:49.263 22074 22127 I NewsWidget-Repository: setDisplayTipCard (homeWidget:true) (coverWidget:false)
02-08 00:19:49.265 21949 21980 I GWT:GlanceStateDefinition: [daemonapp] getDataStore: appWidgetLayout--1, file exist: true, PreferenceStateDefinition type: false
02-08 00:19:49.265 18726 18726 I View    : setRequestedFrameRate frameRate=-4.0, this=android.webkit.WebView{ef79206 VFEDHVC.. ........ 0,0-1080,2340 aid=1073741825}, caller=android.view.ViewGroup.setRequestedFrameRate:9952 WV.rf.o:1 WV.rg.h:118 WV.rg.onDraw:7 com.android.webview.chromium.WebViewChromium.onDraw:19 
02-08 00:19:49.267 22074 22161 I SmpManager: hasConsentedPN:true 
02-08 00:19:49.267 21949 21980 I GWT:PreviewSession: [daemonapp] Generated previews : [(small, colorful, android.widget.RemoteViews@8961d68), (widesmall, colorful, android.widget.RemoteViews@b506581), (medium, colorful, android.widget.RemoteViews@2eeb626), (large, colorful, android.widget.RemoteViews@2875267)]
02-08 00:19:49.267 22074 22074 I IndexesSearchHelper: support : true, oobe : false
02-08 00:19:49.267 22074 22074 I IndexesSearchHelper: request force sync menu list
02-08 00:19:49.267 22074 22174 I SmpManager: initialize SMP ---
02-08 00:19:49.267  2609  5209 D AppWidgetServiceImpl: com.sec.android.daemonapp.appwidget.WeatherForecastWidget preview API Record : 1 / 1089792745
02-08 00:19:49.267  2609  5209 D AppWidgetServiceImpl: All preview data has been used for preview state / preview size : 4 / 30, 1
02-08 00:19:49.267  2609  5209 D AppWidgetServiceImpl: updateTemplatePreviewCategoriesLocked 30, 0
02-08 00:19:49.267  2609  3691 D BackgroundInstallControlService: Package event received: 0
02-08 00:19:49.268 21949 21980 I GWT:GlanceSession: [daemonapp] sendEvent:u1.a@5415cc6, eventChannel:false, false
02-08 00:19:49.268 21949 21981 I GWT:GlanceSession: [daemonapp] receiveEvents : capacity=2147483647,data=[(<BUFFERED>,u1.a@5415cc6)]
02-08 00:19:49.268 21949 21981 I GWT:GlanceSession: [daemonapp] receiveEvent: u1.a@5415cc6
02-08 00:19:49.268 21949 21981 I GWT:CoroutineSession: [daemonapp] Cancel com.sec.android.daemonapp.home.HomeWeatherAppWidget session(S1.p@ec63fb4) coroutine
02-08 00:19:49.268 21949 21981 W System.err: java.util.concurrent.CancellationException: Finish coroutine session
02-08 00:19:49.268 21949 21981 W System.err: 	at u1.k.j(Unknown Source:69)
02-08 00:19:49.268 21949 21981 W System.err: 	at u1.k.f(Unknown Source:8)
02-08 00:19:49.268 21949 21981 W System.err: 	at W1.m.h(Unknown Source:240)
02-08 00:19:49.268 21949 21981 W System.err: 	at u1.j.invokeSuspend(Unknown Source:472)
02-08 00:19:49.268 21949 21981 W System.err: 	at q7.a.resumeWith(Unknown Source:7)
02-08 00:19:49.268 21949 21981 W System.err: 	at S8.K.run(Unknown Source:109)
02-08 00:19:49.268 21949 21981 W System.err: 	at I3.n.run(Unknown Source:256)
02-08 00:19:49.268 21949 21981 W System.err: 	at Z8.j.run(Unknown Source:2)
02-08 00:19:49.268 21949 21981 W System.err: 	at Z8.a.run(Unknown Source:93)
02-08 00:19:49.268 22074 22174 I SmpLog  : [SMP] init. D:false O:INTEGRATED_BASED S:true M:false P:FCM_ONLY_MODE A:a
02-08 00:19:49.268 21949 21990 W GWT:PreviewSessionManager: [daemonapp] PreviewSession is finished by java.util.concurrent.CancellationException: Finish coroutine session
02-08 00:19:49.268 21949 21990 I GWT:PreviewState: [daemonapp] updateAppWidgetPreview elapsed : 426
02-08 00:19:49.268 26299 26299 I SamsungAccount: [AIDLRequestService] OnCreate Service
02-08 00:19:49.269 26299 26299 I SamsungAccount: [AIDLRequestService] OnBind
02-08 00:19:49.270 26299 26299 I SamsungAccount: [AIDLRequestService] [InAIDL] Service bound
02-08 00:19:49.270  1614  1614 D Zygote  : Forked child process 22176
02-08 00:19:49.271 22074 22134 I SystemRepository: [DeviceInfo] MCC : 222 / CCC : IT / SCC : IT / NCC : IT / OC : EUX / LO : it-IT
02-08 00:19:49.272  2609  2760 I ActivityManager: Start proc 22176:com.samsung.android.app.dressroom/1000 for broadcast {com.samsung.android.app.dressroom/com.samsung.android.weather.api.receiver.WeatherDataSyncSecureReceiver}
02-08 00:19:49.272  2609  2760 I ActivityManager: ProcessObserver broadcast disabled
02-08 00:19:49.273 18726 18726 I View    : setRequestedFrameRate frameRate=-4.0, this=android.webkit.WebView{ef79206 VFEDHVC.. ........ 0,0-1080,2340 aid=1073741825}, caller=android.view.ViewGroup.setRequestedFrameRate:9952 WV.rf.o:1 WV.rg.h:118 WV.rg.onDraw:7 com.android.webview.chromium.WebViewChromium.onDraw:19 
02-08 00:19:49.274 22074 22175 I SmpLog  : [SMP] Test mode: false, v:3.3.14.0, com.samsung.android.app.spage
02-08 00:19:49.274 22074 22175 I SmpLog  : [SMP] ptype:fcm, token:...hWnyo (142), D:false, O:INTEGRATED_BASED, S:false, M:false, P:FCM_ONLY_MODE
02-08 00:19:49.275 22074 22175 I SmpLog  : [SMP] SEND BR : smp init success
02-08 00:19:49.281  1614  1614 D Zygote  : Forked child process 22177
02-08 00:19:49.282  2609  2760 I ActivityManager: Start proc 22177:com.android.settings.intelligence/u0a134 for content provider {com.android.settings.intelligence/com.samsung.android.settings.intelligence.search.provider.SettingSearchProvider}
02-08 00:19:49.282  2609  2760 I ActivityManager: ProcessObserver broadcast disabled
02-08 00:19:49.283 18726 18726 I View    : setRequestedFrameRate frameRate=-4.0, this=android.webkit.WebView{ef79206 VFEDHVC.. ........ 0,0-1080,2340 aid=1073741825}, caller=android.view.ViewGroup.setRequestedFrameRate:9952 WV.rf.o:1 WV.rg.h:118 WV.rg.onDraw:7 com.android.webview.chromium.WebViewChromium.onDraw:19 
02-08 00:19:49.285 22074 22169 I NewsEditionCacheDataSource: edition : samsung-news-italy
02-08 00:19:49.285 22074 22174 I SamsungAccountSignManager: addListener [#3 / 3] [Normal] g
02-08 00:19:49.285 22074 22174 I PushRepositoryImpl: onSmpInitialized
02-08 00:19:49.285  4298  5862 D WPI     : GetCurrentPrecipitation] origin amount : 0.0 convert amount : 0.0
02-08 00:19:49.287 22074 22166 I SmpManager: setOptIn - marketing consent :false
02-08 00:19:49.287  4298  5862 D WPI     : GetVisibility] origin : 10.0 convert : 10.0
02-08 00:19:49.287 22074 22174 I PushRepositoryImpl: resolveFailureHistory : [failure_token_update]
02-08 00:19:49.287  4499  5054 I WPI     : aqi]  title: IQA category: EPA value: 103.0 level: 3
02-08 00:19:49.287  4499  5054 I WPI     : aqi]  title: Polveri sottili category: EPA value: 47.28 level: 1
02-08 00:19:49.287  4499  5054 I WPI     : aqi]  title: PM2,5 category: EPA value: 38.0 level: 3
02-08 00:19:49.287  4298  5862 D WPI     : GetPressure] origin : 1007.3 convert : 1007.3
02-08 00:19:49.287 22074 22174 I SmpLog  : [SMP] get push type : fcm
02-08 00:19:49.287 22074 22174 I SmpLog  : [SMP] get token : ...hWnyo (142)
02-08 00:19:49.287 22074 22174 I SmpLog  : [SMP] get push type : fcm
02-08 00:19:49.287 22074 22174 I SmpLog  : [SMP] get token : ...hWnyo (142)
02-08 00:19:49.287 22074 22174 E PushRepositoryImpl: updateToken fail : com.samsung.android.app.spage.news.domain.push.exception.d: guid required
02-08 00:19:49.289 18726 18726 I View    : setRequestedFrameRate frameRate=-4.0, this=android.webkit.WebView{ef79206 VFEDHVC.. ........ 0,0-1080,2340 aid=1073741825}, caller=android.view.ViewGroup.setRequestedFrameRate:9952 WV.rf.o:1 WV.rg.h:118 WV.rg.onDraw:7 com.android.webview.chromium.WebViewChromium.onDraw:19 
02-08 00:19:49.289 22176 22176 I d.app.dressroom: Using CollectorTypeCMC GC.
02-08 00:19:49.290  4298  5862 D WPI     : GetWind] origin : 4.0 convert : 4.0
02-08 00:19:49.290  4298  5862 I WPI     : GetAQI] cpType: TWC, deviceCountryCode: IT, locationCountryCode: IT
02-08 00:19:49.290  4298  5862 I WPI     : GetAQI] TWC
02-08 00:19:49.290  4298  5862 I WPI     : aqi]  title: IQA category: EPA value: 103.0 level: 3
02-08 00:19:49.290  4298  5862 I WPI     : GetAQI] cpType: TWC, deviceCountryCode: IT, locationCountryCode: IT
02-08 00:19:49.290  4298  5862 I WPI     : GetAQI] TWC
02-08 00:19:49.290  4298  5862 I WPI     : aqi]  title: Polveri sottili category: EPA value: 47.28 level: 1
02-08 00:19:49.290  4298  5862 I WPI     : GetAQI] cpType: TWC, deviceCountryCode: IT, locationCountryCode: IT
02-08 00:19:49.290  4298  5862 I WPI     : GetAQI] TWC
02-08 00:19:49.290  4298  5862 I WPI     : aqi]  title: PM2,5 category: EPA value: 38.0 level: 3
02-08 00:19:49.291  4298  5862 D WPI     : ReviseWeatherData] data permission : com.samsung.android.app.aodservice-1
02-08 00:19:49.291  4298  5862 D WPI     : has no permission for write data
02-08 00:19:49.291  4298  5862 D WPI     : has no permission for generate data
02-08 00:19:49.291  4298  5862 D WPI     : fetch weathers : size = 1  favorite]  internalCode : 1  expansionCode : 25  icon : 26  temp : 8 
02-08 00:19:49.292 22176 22176 E d.app.dressroom: Not starting debugger since process cannot load the jdwp agent.
02-08 00:19:49.292  4298  5862 I WeatherDataFetcher: refreshWeatherSetting: WeatherAppState=ENABLED, favoriteLocationKey=86fe425fa79c9b5868d54e3af5704375245c6886357563f664076e435c0c2b99
02-08 00:19:49.292 22074 22174 I SmpLog  : [SMP] set guid
02-08 00:19:49.296 22177 22177 I gs.intelligence: Using CollectorTypeCMC GC.
02-08 00:19:49.298 18726 18726 I View    : setRequestedFrameRate frameRate=-4.0, this=android.webkit.WebView{ef79206 VFEDHVC.. ........ 0,0-1080,2340 aid=1073741825}, caller=android.view.ViewGroup.setRequestedFrameRate:9952 WV.rf.o:1 WV.rg.h:118 WV.rg.onDraw:7 com.android.webview.chromium.WebViewChromium.onDraw:19 
02-08 00:19:49.299 22177 22177 E gs.intelligence: Not starting debugger since process cannot load the jdwp agent.
02-08 00:19:49.300  4298  5862 I WeatherDataFetcher: refreshWeatherDB: 86fe425fa79c9b5868d54e3af5704375245c6886357563f664076e435c0c2b99, iconNum=26, temperature=8
02-08 00:19:49.301 22177 22177 D nativeloader: Load libframework-connectivity-tiramisu-jni.so using APEX ns com_android_tethering for caller /apex/com.android.tethering/javalib/framework-connectivity-t.jar: ok
02-08 00:19:49.302  4298  5862 I WeatherManager: updateWeatherData: isAppEnabled=true, isFavoriteLocationExist=true, temperature=8, locationCount=1
02-08 00:19:49.303 22177 22177 D ActivityThread: setConscryptValidator
02-08 00:19:49.303 22177 22177 D ActivityThread: setConscryptValidator - put
02-08 00:19:49.306 18726 18726 I View    : setRequestedFrameRate frameRate=-4.0, this=android.webkit.WebView{ef79206 VFEDHVC.. ........ 0,0-1080,2340 aid=1073741825}, caller=android.view.ViewGroup.setRequestedFrameRate:9952 WV.rf.o:1 WV.rg.h:118 WV.rg.onDraw:7 com.android.webview.chromium.WebViewChromium.onDraw:19 
02-08 00:19:49.306  5491  5581 V OsAgent : broadcastSystemEvent - 7
02-08 00:19:49.310 22177 22177 D ApplicationLoaders: Returning zygote-cached class loader: /system_ext/framework/androidx.window.extensions.jar
02-08 00:19:49.310 22177 22177 D ApplicationLoaders: Returning zygote-cached class loader: /system_ext/framework/androidx.window.sidecar.jar
02-08 00:19:49.310 22177 22177 D ApplicationLoaders: Returning zygote-cached class loader: /system/framework/org.apache.http.legacy.jar
02-08 00:19:49.314 18726 18726 I View    : setRequestedFrameRate frameRate=-4.0, this=android.webkit.WebView{ef79206 VFEDHVC.. ........ 0,0-1080,2340 aid=1073741825}, caller=android.view.ViewGroup.setRequestedFrameRate:9952 WV.rf.o:1 WV.rg.h:118 WV.rg.onDraw:7 com.android.webview.chromium.WebViewChromium.onDraw:19 
02-08 00:19:49.316  1861  2163 I CompositionEngine: [setDisplaySize] size=(434, 42)
02-08 00:19:49.319 22177 22177 D nativeloader: Configuring clns-shared-9 for other apk /system/priv-app/SecSettingsIntelligence/SecSettingsIntelligence.apk. target_sdk_version=33, uses_libraries=, library_path=/system/priv-app/SecSettingsIntelligence/lib/arm64:/system/lib64:/system_ext/lib64, permitted_path=/data:/mnt/expand:/data/user/0/com.android.settings.intelligence:/system/priv-app/SecSettingsIntelligence:/system/lib64:/system_ext/lib64
02-08 00:19:49.322 18726 18726 I View    : setRequestedFrameRate frameRate=-4.0, this=android.webkit.WebView{ef79206 VFEDHVC.. ........ 0,0-1080,2340 aid=1073741825}, caller=android.view.ViewGroup.setRequestedFrameRate:9952 WV.rf.o:1 WV.rg.h:118 WV.rg.onDraw:7 com.android.webview.chromium.WebViewChromium.onDraw:19 
02-08 00:19:49.330 18726 18726 I View    : setRequestedFrameRate frameRate=-4.0, this=android.webkit.WebView{ef79206 VFEDHVC.. ........ 0,0-1080,2340 aid=1073741825}, caller=android.view.ViewGroup.setRequestedFrameRate:9952 WV.rf.o:1 WV.rg.h:118 WV.rg.onDraw:7 com.android.webview.chromium.WebViewChromium.onDraw:19 
02-08 00:19:49.331 22177 22177 V GraphicsEnvironment: Currently set values for:
02-08 00:19:49.331 22177 22177 V GraphicsEnvironment:   angle_gl_driver_selection_pkgs=[]
02-08 00:19:49.331 22177 22177 V GraphicsEnvironment:   angle_gl_driver_selection_values=[]
02-08 00:19:49.331 22177 22177 V GraphicsEnvironment: com.android.settings.intelligence is not listed in per-application setting
02-08 00:19:49.331 22177 22177 V GraphicsEnvironment: ANGLE allowlist from config: 
02-08 00:19:49.331 22177 22177 V GraphicsEnvironment: com.android.settings.intelligence is not listed in ANGLE allowlist or settings, returning default
02-08 00:19:49.332  1707  6127 I vendor.qti.bluetooth@1.0-ibs_handler: DeviceSleep: TX Awake, Sending SLEEP_IND
02-08 00:19:49.332  1707  6127 D vendor.qti.bluetooth@1.0-ibs_handler: SerialClockVote: vote for UART CLK OFF
02-08 00:19:49.339 18726 18726 I View    : setRequestedFrameRate frameRate=-4.0, this=android.webkit.WebView{ef79206 VFEDHVC.. ........ 0,0-1080,2340 aid=1073741825}, caller=android.view.ViewGroup.setRequestedFrameRate:9952 WV.rf.o:1 WV.rg.h:118 WV.rg.onDraw:7 com.android.webview.chromium.WebViewChromium.onDraw:19 
02-08 00:19:49.340  2225  2225 I CNSS    : cnss_open_log_file: directory /data/vendor/log/wifi/ created
02-08 00:19:49.345 22177 22177 E ashmem  : Pinning is deprecated since Android Q. Please use trim or other methods.
02-08 00:19:49.348 18726 18726 I View    : setRequestedFrameRate frameRate=-4.0, this=android.webkit.WebView{ef79206 VFEDHVC.. ........ 0,0-1080,2340 aid=1073741825}, caller=android.view.ViewGroup.setRequestedFrameRate:9952 WV.rf.o:1 WV.rg.h:118 WV.rg.onDraw:7 com.android.webview.chromium.WebViewChromium.onDraw:19 
02-08 00:19:49.351 22177 22177 I IndexDatabaseHelper: Using schema version: 131
02-08 00:19:49.351 22177 22177 I IndexDatabaseHelper: Index is fine
02-08 00:19:49.356 18726 18726 I View    : setRequestedFrameRate frameRate=-4.0, this=android.webkit.WebView{ef79206 VFEDHVC.. ........ 0,0-1080,2340 aid=1073741825}, caller=android.view.ViewGroup.setRequestedFrameRate:9952 WV.rf.o:1 WV.rg.h:118 WV.rg.onDraw:7 com.android.webview.chromium.WebViewChromium.onDraw:19 
02-08 00:19:49.362 22176 22176 I DRoom|WallpaperApplication: attachBaseContext start
02-08 00:19:49.362 22177 22177 I CategorizingManager: initAccessibilityUserInfo()
02-08 00:19:49.364 18726 18726 I View    : setRequestedFrameRate frameRate=-4.0, this=android.webkit.WebView{ef79206 VFEDHVC.. ........ 0,0-1080,2340 aid=1073741825}, caller=android.view.ViewGroup.setRequestedFrameRate:9952 WV.rf.o:1 WV.rg.h:118 WV.rg.onDraw:7 com.android.webview.chromium.WebViewChromium.onDraw:19 
02-08 00:19:49.366  2609  2609 I Telecom : SamsungTelecomServiceImpl : isInManagedCall - callingPackage : android / callingUser : UserHandle{0} / hasCrossUserAccess : true
02-08 00:19:49.370  4739  8568 I HoneySpace.NotificationListener: onNotificationPosted com.free.vpn.super.hotspot.open: 0|com.free.vpn.super.hotspot.open|199|null|10648: 0
02-08 00:19:49.370  4298  4298 D Bubbles : onEntryUpdated : shouldBubbleUp=false ,key=0|com.free.vpn.super.hotspot.open|199|null|10648
02-08 00:19:49.370  4739  8568 I HoneySpace.NotificationListener: invalid notification: com.free.vpn.super.hotspot.open UserHandle{0}: canShowBadge is false
02-08 00:19:49.370 13198 13410 I NotifySyncService_13198_13410: MSG_NOTIFY_POSTED 
02-08 00:19:49.370  4739 31711 I HoneySpace.PackageEventOperator: [AbsFolderViewModel|4464] badge count is updated. com.free.vpn.super.hotspot.open/com.superunlimited.feature.splash.presentation.activity.SplashActivity#UserHandle{0}|79388 : 0
02-08 00:19:49.370 13198 13410 I NotifySyncService_13198_13410: onNotificationPosted Id:199 key:0|com.free.vpn.super.hotspot.open|199|null|10648 PackageName:com.free.vpn.super.hotspot.open IsOngoing:true PostTime:1770506389163 currentDeviceModel.connected: true
02-08 00:19:49.370  4739 24086 I HoneySpace.PackageEventOperator: [WorkspaceViewModel] badge count is updated. com.free.vpn.super.hotspot.open/com.superunlimited.feature.splash.presentation.activity.SplashActivity#UserHandle{0}|79388 : 0
02-08 00:19:49.370 13198 13410 I NotifySyncService_13198_13410: onNotificationPosted Id:199 , appName : ExpressVPN
02-08 00:19:49.370 13198 13410 I NotifySyncService_13198_13410:  isOngoing = true isIncomingCall = false
02-08 00:19:49.370 13198 12299 I NotifyLogUtils_13198_12299: isIgnoringBatteryOptimizations false
02-08 00:19:49.370  4298  4298 D InterruptionStateProvider:  no Heads up : edgelighting enabled app. 0|com.free.vpn.super.hotspot.open|199|null|10648
02-08 00:19:49.370  4298  4298 I {OngoingActivityController}: onEntryUpdated and OA data is empty. So update latest task info
02-08 00:19:49.371  4298  4298 D InterruptionStateProvider:  no Heads up : edgelighting enabled app. 0|com.free.vpn.super.hotspot.open|199|null|10648
02-08 00:19:49.373 18726 18726 I View    : setRequestedFrameRate frameRate=-4.0, this=android.webkit.WebView{ef79206 VFEDHVC.. ........ 0,0-1080,2340 aid=1073741825}, caller=android.view.ViewGroup.setRequestedFrameRate:9952 WV.rf.o:1 WV.rg.h:118 WV.rg.onDraw:7 com.android.webview.chromium.WebViewChromium.onDraw:19 
02-08 00:19:49.373  4298  4298 W RefactorFlag: New code path expects SceneContainerFlag to be enabled.
02-08 00:19:49.373  4298  4298 D ExpandableNotifRow: mMaxSmallHeight different before reInflateViews mMaxSmallHeight: 203 mTempSmallHeight:0 0|com.free.vpn.super.hotspot.open|199|null|10648
02-08 00:19:49.373  4298  4298 D ExpandableNotifRow: mMaxSmallHeight different before reInflateViews mMaxSmallHeight: 203 mTempSmallHeight:0 0|com.free.vpn.super.hotspot.open|199|null|10648
02-08 00:19:49.374  4298  4298 I LockscreenNotificationIconsOnlyController: onNotificationInfoUpdated 0
02-08 00:19:49.374  4298  4298 I AODNotificationManager: updateNotification() 
02-08 00:19:49.375  1742  4937 I SnapAlloc: Using graphics libs for alignment calculations
02-08 00:19:49.376 22177 22177 D WM-WrkMgrInitializer: Initializing WorkManager with default configuration.
02-08 00:19:49.378  1742  4937 I SnapAlloc: Using graphics libs for alignment calculations
02-08 00:19:49.381  4298  4298 I AppIconSolution: return adaptive icon for com.free.vpn.super.hotspot.open, isNight = true
02-08 00:19:49.382 18726 18726 I View    : setRequestedFrameRate frameRate=-4.0, this=android.webkit.WebView{ef79206 VFEDHVC.. ........ 0,0-1080,2340 aid=1073741825}, caller=android.view.ViewGroup.setRequestedFrameRate:9952 WV.rf.o:1 WV.rg.h:118 WV.rg.onDraw:7 com.android.webview.chromium.WebViewChromium.onDraw:19 
02-08 00:19:49.387 22177 22177 D WM-PackageManagerHelper: Skipping component enablement for androidx.work.impl.background.systemjob.SystemJobService
02-08 00:19:49.387 22177 22177 D WM-Schedulers: Created SystemJobScheduler and enabled SystemJobService
02-08 00:19:49.388 22176 22176 W WallpaperResourcesInfo: parseCmfInfo: empty cmf detected. wp item index=0
02-08 00:19:49.388 22176 22176 W WallpaperResourcesInfo: parseCmfInfo: empty cmf detected. wp item index=0
02-08 00:19:49.388 22176 22176 W WallpaperResourcesInfo: parseCmfInfo: empty cmf detected. wp item index=0
02-08 00:19:49.388 22176 22176 W WallpaperResourcesInfo: parseCmfInfo: empty cmf detected. wp item index=0
02-08 00:19:49.388 22176 22176 W WallpaperResourcesInfo: parseCmfInfo: empty cmf detected. wp item index=0
02-08 00:19:49.388 22176 22176 W WallpaperResourcesInfo: init: failed to get app context. context=android.app.ContextImpl@9072d7e(com.samsung.android.app.dressroom), resPkgContext=android.app.ContextImpl@55ef2df
02-08 00:19:49.389 22177 22201 I SettingSearchProvider: call() method : requestIndexing, calling package : com.samsung.android.app.spage
02-08 00:19:49.389 18726 18726 I View    : setRequestedFrameRate frameRate=-4.0, this=android.webkit.WebView{ef79206 VFEDHVC.. ........ 0,0-1080,2340 aid=1073741825}, caller=android.view.ViewGroup.setRequestedFrameRate:9952 WV.rf.o:1 WV.rg.h:118 WV.rg.onDraw:7 com.android.webview.chromium.WebViewChromium.onDraw:19 
02-08 00:19:49.389 22176 22176 W WallpaperResourcesInfo: init: mContext=android.app.ContextImpl@505d9f5
02-08 00:19:49.391 22177 22177 I SecSettingsIntelligenceApplication: onCreate start time : 1770506389391
02-08 00:19:49.391 22177 22177 I SecSettingsIntelligenceApplication: onCreate end took: 0ms
02-08 00:19:49.391 22177 22209 I SecSettingsIntelligenceApplication: thread run start time : 1770506389391
02-08 00:19:49.392  2609  3647 I ActivityManager: Changes in 10134 19 to 11, 0 to 128
02-08 00:19:49.393 22177 22209 D SamsungAnalytics605068: [Tracker] Tracker start:6.05.068
02-08 00:19:49.393 22177 22209 I SecSettingsIntelligenceApplication: SALogging init took time : 2ms
02-08 00:19:49.393 22177 22211 D CompatChangeReporter: Compat change id reported: 183155436; UID 10134; state: ENABLED
02-08 00:19:49.393 22177 22209 I Utils   : setComponentEnableSettings() com.samsung.android.settings.intelligence.test.SearchTestProvider state already set as 2
02-08 00:19:49.393 22177 22209 I SecSettingsIntelligenceApplication: SearchTestProvider init took time : 0ms
02-08 00:19:49.393 22177 22209 I Utils   : setComponentEnableSettings() com.samsung.android.settings.intelligence.widget.receiver.BatteryWidgetReceiver state already set as 1
02-08 00:19:49.393 22177 22209 W PerformanceInfo: start time : 1770506389393
02-08 00:19:49.394 22177 22209 W PerformanceInfo: device totalMem=11654475776, availMem=1887326208, advertisedMem=17179869184, threshold=226492416, lowMemory=false
02-08 00:19:49.394 22177 22209 W PerformanceInfo: low memory device false
02-08 00:19:49.394 22177 22209 W PerformanceInfo: success getMemoryInfo, took time : 1
02-08 00:19:49.394 22177 22209 I SecSettingsIntelligenceApplication: BatteryWidgetReceiver init took time : 1ms
02-08 00:19:49.394  6819 29501 I NowBrief.SecWeatherApi: requestInsightInfo, ret: false
02-08 00:19:49.395  4298  4298 W RefactorFlag: New code path expects SceneContainerFlag to be enabled.
02-08 00:19:49.396  4298  4298 D ExpandableNotifRow: mMaxSmallHeight different before reInflateViews mMaxSmallHeight: 203 mTempSmallHeight:0 0|com.free.vpn.super.hotspot.open|199|null|10648
02-08 00:19:49.396  4298  4298 D ExpandableNotifRow: mMaxSmallHeight different before reInflateViews mMaxSmallHeight: 203 mTempSmallHeight:0 0|com.free.vpn.super.hotspot.open|199|null|10648
02-08 00:19:49.396  4298  4298 D ExpandableNotifRow: mMaxSmallHeight different before reInflateViews mMaxSmallHeight: 203 mTempSmallHeight:0 0|com.free.vpn.super.hotspot.open|199|null|10648
02-08 00:19:49.396  4298  4298 D ExpandableNotifRow: mMaxSmallHeight different before reInflateViews mMaxSmallHeight: 203 mTempSmallHeight:0 0|com.free.vpn.super.hotspot.open|199|null|10648
02-08 00:19:49.398 22177 22211 D SamsungAnalytics605068: [Setting Sender] No status log
02-08 00:19:49.398 22177 22211 D SamsungAnalytics605068: [PropertyLogBuildClient] No Property log
02-08 00:19:49.398 18726 18726 I View    : setRequestedFrameRate frameRate=-4.0, this=android.webkit.WebView{ef79206 VFEDHVC.. ........ 0,0-1080,2340 aid=1073741825}, caller=android.view.ViewGroup.setRequestedFrameRate:9952 WV.rf.o:1 WV.rg.h:118 WV.rg.onDraw:7 com.android.webview.chromium.WebViewChromium.onDraw:19 
02-08 00:19:49.398 22177 22201 D knoxsdk/filelog: init failure : /data/log/knoxsdk.log.0.2.lck
02-08 00:19:49.400  4298  4298 I AppIconSolution: return adaptive icon for com.free.vpn.super.hotspot.open, isNight = true
02-08 00:19:49.406 18726 18726 I View    : setRequestedFrameRate frameRate=-4.0, this=android.webkit.WebView{ef79206 VFEDHVC.. ........ 0,0-1080,2340 aid=1073741825}, caller=android.view.ViewGroup.setRequestedFrameRate:9952 WV.rf.o:1 WV.rg.h:118 WV.rg.onDraw:7 com.android.webview.chromium.WebViewChromium.onDraw:19 
02-08 00:19:49.406  2609  7073 D RestrictionPolicy: isSettingsChangesAllowedAsUser, userId 0 : true
02-08 00:19:49.408 22177 22201 I SettingSearchProvider: type : nonIndexableKeys, authority : com.samsung.android.app.spage.ui.settings.search.customindexessearchprovider
02-08 00:19:49.410 22074 22074 I AgeLimitRepository: Show invalid account, 0
02-08 00:19:49.410 22074 22074 I NewsWidget-Manager: setWidgetEnable : true
02-08 00:19:49.410  2609  7086 D PackageManager: setEnabledSetting : userId = 0 packageName = com.samsung.android.app.spage cmp = com.samsung.android.app.spage.news.ui.widget.NewsWidgetReceiverCard newState = 1 callingPackage = com.samsung.android.app.spage
02-08 00:19:49.410  2609  7086 D ApplicationPolicy: getApplicationStateEnabled : pkg = com.samsung.android.app.spage userId : 0
02-08 00:19:49.411  2609  7086 D ApplicationPolicy: getApplicationComponentState : pkg = com.samsung.android.app.spage userId : 0
02-08 00:19:49.411  2609  7086 D PackageManager: setEnabledSetting : userId = 0 packageName = com.samsung.android.app.spage cmp = com.samsung.android.app.spage.news.ui.widget.NewsWidgetReceiverCover newState = 1 callingPackage = com.samsung.android.app.spage
02-08 00:19:49.411  2609  7086 D ApplicationPolicy: getApplicationStateEnabled : pkg = com.samsung.android.app.spage userId : 0
02-08 00:19:49.411  2609  7086 D ApplicationPolicy: getApplicationComponentState : pkg = com.samsung.android.app.spage userId : 0
02-08 00:19:49.411  2609  7073 D PackageManager: setEnabledSetting : userId = 0 packageName = com.samsung.android.app.spage cmp = com.samsung.android.app.spage.news.ui.widget.NewsWidgetProvider2x2 newState = 1 callingPackage = com.samsung.android.app.spage
02-08 00:19:49.411  2609  7073 D ApplicationPolicy: getApplicationStateEnabled : pkg = com.samsung.android.app.spage userId : 0
02-08 00:19:49.411  2609  7073 D ApplicationPolicy: getApplicationComponentState : pkg = com.samsung.android.app.spage userId : 0
02-08 00:19:49.411  2609  3647 D PackageManager: setEnabledSetting : userId = 0 packageName = com.samsung.android.app.spage cmp = com.samsung.android.app.spage.news.ui.widget.NewsWidgetProvider4x2 newState = 1 callingPackage = com.samsung.android.app.spage
02-08 00:19:49.411  2609  3647 D ApplicationPolicy: getApplicationStateEnabled : pkg = com.samsung.android.app.spage userId : 0
02-08 00:19:49.411  2609  3647 D ApplicationPolicy: getApplicationComponentState : pkg = com.samsung.android.app.spage userId : 0
02-08 00:19:49.411  2609  3647 D PackageManager: setEnabledSetting : userId = 0 packageName = com.samsung.android.app.spage cmp = com.samsung.android.app.spage.news.ui.widget.NewsWidgetProviderListCover newState = 1 callingPackage = com.samsung.android.app.spage
02-08 00:19:49.411  2609  3647 D ApplicationPolicy: getApplicationStateEnabled : pkg = com.samsung.android.app.spage userId : 0
02-08 00:19:49.411  2609  3647 D ApplicationPolicy: getApplicationComponentState : pkg = com.samsung.android.app.spage userId : 0
02-08 00:19:49.412  2609  7073 D PackageManager: setEnabledSetting : userId = 0 packageName = com.samsung.android.app.spage cmp = com.samsung.android.app.spage.news.ui.widget.NewsWidgetProvider2x2Cover newState = 1 callingPackage = com.samsung.android.app.spage
02-08 00:19:49.412  2609  7073 D ApplicationPolicy: getApplicationStateEnabled : pkg = com.samsung.android.app.spage userId : 0
02-08 00:19:49.412  2609  7073 D ApplicationPolicy: getApplicationComponentState : pkg = com.samsung.android.app.spage userId : 0
02-08 00:19:49.412  2609  7086 D PackageManager: setEnabledSetting : userId = 0 packageName = com.samsung.android.app.spage cmp = com.samsung.android.app.spage.news.ui.widget.NewsWidgetProvider4x2Cover newState = 1 callingPackage = com.samsung.android.app.spage
02-08 00:19:49.412  2609  7086 D ApplicationPolicy: getApplicationStateEnabled : pkg = com.samsung.android.app.spage userId : 0
02-08 00:19:49.412  2609  7086 D ApplicationPolicy: getApplicationComponentState : pkg = com.samsung.android.app.spage userId : 0
02-08 00:19:49.412 22074 22131 I SmpManager: samsung account sign in
02-08 00:19:49.412 22074 22131 I SmpLog  : [SMP] get push type : fcm
02-08 00:19:49.412 22074 22131 I SmpLog  : [SMP] get token : ...hWnyo (142)
02-08 00:19:49.412 22074 22131 I SmpLog  : [SMP] get push type : fcm
02-08 00:19:49.412 22074 22131 I SmpLog  : [SMP] get token : ...hWnyo (142)
02-08 00:19:49.412 22074 22131 I SmpLog  : [SMP] get push type : fcm
02-08 00:19:49.412 22074 22131 I SmpLog  : [SMP] get token : ...hWnyo (142)
02-08 00:19:49.412 22074 22174 I AccountInfoSyncManager: onNewUser updateLegal
02-08 00:19:49.412 22074 22131 E PushRepositoryImpl: updateToken fail : com.samsung.android.app.spage.news.domain.push.exception.d: guid required
02-08 00:19:49.412 22074 22174 I LegalRepository: loadServerLegal true
02-08 00:19:49.412 22074 22135 I SamsungAccountRepositoryImpl: setSignState false
02-08 00:19:49.412 22074 22074 I WPI     : onReceive] secure data sync action : true pkg : com.samsung.android.app.spage
02-08 00:19:49.412 22074 22074 I SamsungAccountService: requestUserAgreement : onServiceConnected start
02-08 00:19:49.413 22074 22174 I SamsungAccountRepositoryImpl: updateAccountInfo - query auth
02-08 00:19:49.413 26299 26320 I SamsungAccount: [AIDLInterfaceBinder] [InAIDL] registerCallback start. Package = app.spage.
02-08 00:19:49.414 26299 26320 I SamsungAccount: [CallbackManager] [InAIDL-CallbackManager] registerCallback
02-08 00:19:49.414 26299 26320 I SamsungAccount: [CallbackManager] [InAIDL-CallbackManager] registerCallback success. Package = app.spage.
02-08 00:19:49.414 26299 26320 I SamsungAccount: [AIDLInterfaceBinder] [InAIDL] registerCallback end. registrationCode : Y29tLnNhbXN1bmcuYW5kcm9pZC5hcHAuc3BhZ2U2. Package = app.spage.
02-08 00:19:49.414 26299 26390 I SamsungAccount: [PermissionsUtils] checkPrivilegedPhonePermissionOfCallingPackage
02-08 00:19:49.414 26299 26390 I SamsungAccount: [PermissionsUtils] hasPrivilegedPhonePermission : true
02-08 00:19:49.414 26299 26390 I SamsungAccount: [AIDLInterfaceBinder] [InAIDL] requestAccessToken { additional:user_id,api_server_url,is_child_account,marketing_email_receive,region_cc,region_mcc,birthday,} Package = app.spage.
02-08 00:19:49.414  4298  4298 W RefactorFlag: New code path expects SceneContainerFlag to be enabled.
02-08 00:19:49.414  4298  4298 D ExpandableNotifRow: mMaxSmallHeight different before reInflateViews mMaxSmallHeight: 203 mTempSmallHeight:0 0|com.free.vpn.super.hotspot.open|199|null|10648
02-08 00:19:49.414  4298  4298 D ExpandableNotifRow: mMaxSmallHeight different before reInflateViews mMaxSmallHeight: 203 mTempSmallHeight:0 0|com.free.vpn.super.hotspot.open|199|null|10648
02-08 00:19:49.415 26299 26390 I SamsungAccount: [DigitalLegacyMode] isDigitalLegacyMode: false
02-08 00:19:49.415  2609  3647 I ActivityManager: Changes in 10349 11 to 19, 128 to 0
02-08 00:19:49.415  2609  3647 I ActivityManager: Changes in 10134 11 to 19, 128 to 0
02-08 00:19:49.415 22074 22131 I SmpLog  : [SMP] set guid
02-08 00:19:49.415  4298  4298 I LockscreenNotificationIconsOnlyController: onNotificationInfoUpdated 0
02-08 00:19:49.415  4298  4298 I AODNotificationManager: updateNotification() 
02-08 00:19:49.416 18726 18726 I View    : setRequestedFrameRate frameRate=-4.0, this=android.webkit.WebView{ef79206 VFEDHVC.. ........ 0,0-1080,2340 aid=1073741825}, caller=android.view.ViewGroup.setRequestedFrameRate:9952 WV.rf.o:1 WV.rg.h:118 WV.rg.onDraw:7 com.android.webview.chromium.WebViewChromium.onDraw:19 
02-08 00:19:49.417  1861  2163 I CompositionEngine: [setDisplaySize] size=(434, 42)
02-08 00:19:49.418 26299 26424 I SamsungAccount: [CallbackInfo] [InAIDL-CallbackManager] setRunningRequestType :1
02-08 00:19:49.419 26299 26424 I SamsungAccount: [NetworkStateUtil] == networkStateCheck == true
02-08 00:19:49.419 26299 26424 I SamsungAccount: [AccountManagerUtil] isSamsungAccountSignedIn : true
02-08 00:19:49.420 22074 22135 I WPI     : fetch profile : Profile(countryCode=IT, salesCode=EUX, oneUiVersion=80000, firstApi=35)
02-08 00:19:49.420 22074 22135 I WPI     : WeatherApiConfigurator] SUCCESS pkg : com.samsung.android.app.spage-1.0.45
02-08 00:19:49.421 26299 26424 I SamsungAccount: [SignatureInfoDbHelper] searchOnUser(fromDb) - [10/26mm5][app.spage.][64/3291d] => matched
02-08 00:19:49.421 26299 26424 I SamsungAccount: [AccessTokenRunnable] [InAIDL-AccessTokenRunnable] runProcess start. Package = app.spage.
02-08 00:19:49.421 22074 22135 I WPI     : fetch profile : Profile(countryCode=IT, salesCode=EUX, oneUiVersion=80000, firstApi=35)
02-08 00:19:49.422 26299 26424 I SamsungAccount: [DeviceManager] first Api Level : 35
02-08 00:19:49.422 26299 26424 I SamsungAccount: [DeviceRegistrationManager] check phoneType for B OS upgrade FOTA case
02-08 00:19:49.422 26299 26424 I SamsungAccount: [DeviceManager] salesCode : EUX
02-08 00:19:49.422 18726 18726 I View    : setRequestedFrameRate frameRate=-4.0, this=android.webkit.WebView{ef79206 VFEDHVC.. ........ 0,0-1080,2340 aid=1073741825}, caller=android.view.ViewGroup.setRequestedFrameRate:9952 WV.rf.o:1 WV.rg.h:118 WV.rg.onDraw:7 com.android.webview.chromium.WebViewChromium.onDraw:19 
02-08 00:19:49.423 26299 26424 I SamsungAccount: [DeviceManager] isNewLduProdCode : false
02-08 00:19:49.423 26299 26424 I SamsungAccount: [CountryCodeUtil] isChinaCountryCode : false
02-08 00:19:49.423 26299 26424 I SamsungAccount: [ChildAccount] isChildAccount : false
02-08 00:19:49.423 26299 26424 I SamsungAccount: [AccountLinkPref] isGoogleLinked = false
02-08 00:19:49.423 26299 26424 I SamsungAccount: [AccountLinkPref] isWeChatLinked = false
02-08 00:19:49.423 26299 26424 I SamsungAccount: [AccessTokenRunnable] [InAIDL-AccessTokenRunnable] isCheckBasicProfile = true, needToCheckServer = false. Package = app.spage.
02-08 00:19:49.423 26299 26424 I SamsungAccount: [AccessTokenRunnable] [InAIDL-AccessTokenRunnable] isAccessTokenReusable. Package = app.spage.
02-08 00:19:49.423 26299 26424 I SamsungAccount: [AccessTokenRunnable] [InAIDL-AccessTokenRunnable] checkAndSetAccessToken. scope is null or empty. Package = app.spage.
02-08 00:19:49.425 26299 26424 I SamsungAccount: [AccessTokenRunnable] [InAIDL-AccessTokenRunnable] expiredAccessToken is empty. Package = app.spage.
02-08 00:19:49.425 26299 26424 I SamsungAccount: [AccessTokenRunnable] [InAIDL-AccessTokenRunnable] curTimeSec = 1770506389, TimeGap = 93387. Package = app.spage.
02-08 00:19:49.425 26299 26424 I SamsungAccount: [AccessTokenRunnable] [InAIDL-AccessTokenRunnable] accessToken is expired. remove cached token. Package = app.spage.
02-08 00:19:49.427 26299 26424 I SamsungAccount: [AccessTokenRunnable] [InAIDL-AccessTokenRunnable] isAccessTokenReusable : false. Package = app.spage.
02-08 00:19:49.427 26299 26424 I SamsungAccount: [AccessTokenRunnable] [InAIDL-AccessTokenRunnable] AccessToken can't be reused. Need AuthTncMandatory Check. Package = app.spage.
02-08 00:19:49.427 26299 26424 I SamsungAccount: [AuthWithTncMandatoryUtil] runAuthWithTncMandatoryValidation
02-08 00:19:49.427 26299 26424 I SamsungAccount: [UpdateVersionInfoUtil] retry within one day.
02-08 00:19:49.427 26299 26424 I SamsungAccount: [AuthWithTncMandatoryUtil] requestAuthWithTncMandatory
02-08 00:19:49.427 26299 26424 I SamsungAccount: [AuthWithTncMandatoryUtil] Running Mode is AuthWithTncMandatory
02-08 00:19:49.428 26299 26424 I SamsungAccount: [TPMU]  SIMState     :SIM_STATE_READY
02-08 00:19:49.428 26299 26424 I SamsungAccount: [CountryCodeUtil] isChinaCountryCode : false
02-08 00:19:49.429 26299 26424 I SamsungAccount: [TPMU] getMccFromUsim
02-08 00:19:49.429 26299 26424 I SamsungAccount: [MccManager] saveMccToPreference Start
02-08 00:19:49.429 26299 26424 I SamsungAccount: [MccManager] saveMccToPreference, mcc is same with previous mcc
02-08 00:19:49.429 26299 26424 I SamsungAccount: [DeviceManager] salesCode : EUX
02-08 00:19:49.429 26299 26424 I SamsungAccount: [DeviceManager] isNewLduProdCode : false
02-08 00:19:49.429 26299 26424 I SamsungAccount: [CountryCodeUtil] isChinaCountryCode : false
02-08 00:19:49.429 26299 26424 I SamsungAccount: [DeviceManager] first Api Level : 35
02-08 00:19:49.429 26299 26424 I SamsungAccount: [DeviceRegistrationManager] check phoneType for B OS upgrade FOTA case
02-08 00:19:49.429 26299 26424 I SamsungAccount: [DeviceRegistrationManager] PhoneType : 1
02-08 00:19:49.429 26299 26424 I SamsungAccount: [DeviceManager] salesCode : EUX
02-08 00:19:49.429 26299 26424 I SamsungAccount: [DeviceManager] isNewLduProdCode : false
02-08 00:19:49.429  6460 22213 D AdvertisingIdClient: AdvertisingIdClient already created.
02-08 00:19:49.430  6460 22213 D AdvertisingIdClient: AdvertisingIdClient is not bounded. Starting to bind it...
02-08 00:19:49.430 18726 18726 I View    : setRequestedFrameRate frameRate=-4.0, this=android.webkit.WebView{ef79206 VFEDHVC.. ........ 0,0-1080,2340 aid=1073741825}, caller=android.view.ViewGroup.setRequestedFrameRate:9952 WV.rf.o:1 WV.rg.h:118 WV.rg.onDraw:7 com.android.webview.chromium.WebViewChromium.onDraw:19 
02-08 00:19:49.431 26299 26424 I SamsungAccount: [CountryCodeUtil] isChinaCountryCode : false
02-08 00:19:49.432 26299 26424 I SamsungAccount: [CountryCodeUtil] isChinaCountryCode : false
02-08 00:19:49.433  6460 22213 D AdvertisingIdClient: AdvertisingIdClient is bounded
02-08 00:19:49.433 26299 26424 I SamsungAccount: [DeviceManager] isTablet : false
02-08 00:19:49.433 26299 26424 I SamsungAccount: [DigitalLegacyMode] isDigitalLegacyMode: false
02-08 00:19:49.433 26299 26424 I SamsungAccount: [UserManagerUtil] Current UserHandle is = 0
02-08 00:19:49.433 26299 26424 I SamsungAccount: [DigitalLegacyMode] isDigitalLegacyMode: false
02-08 00:19:49.433 26299 26424 I SamsungAccount: [UserManagerUtil] Current UserHandle is = 0
02-08 00:19:49.434 26299 26424 I SamsungAccount: [AuthRequest]  authWithTncMandatory go 
02-08 00:19:49.434  6460 22213 I AdvertisingIdClient: shouldSendLog 1091911926
02-08 00:19:49.434  6460 22213 I AdvertisingIdClient: GetInfoInternal elapse 5ms
02-08 00:19:49.439 18726 18726 I View    : setRequestedFrameRate frameRate=-4.0, this=android.webkit.WebView{ef79206 VFEDHVC.. ........ 0,0-1080,2340 aid=1073741825}, caller=android.view.ViewGroup.setRequestedFrameRate:9952 WV.rf.o:1 WV.rg.h:118 WV.rg.onDraw:7 com.android.webview.chromium.WebViewChromium.onDraw:19 
02-08 00:19:49.444 22074 22135 I WPI     : aqi]  title: IQA category: EPA value: 103.0 level: 3
02-08 00:19:49.444 22074 22135 I WPI     : aqi]  title: Polveri sottili category: EPA value: 47.28 level: 1
02-08 00:19:49.444 22074 22135 I WPI     : aqi]  title: PM2,5 category: EPA value: 38.0 level: 3
02-08 00:19:49.447 26299 26424 I SamsungAccount: [RequestClient(Volley)] (3) apiName : prepareAuthWithTncMandatory
02-08 00:19:49.447 18726 18726 I View    : setRequestedFrameRate frameRate=-4.0, this=android.webkit.WebView{ef79206 VFEDHVC.. ........ 0,0-1080,2340 aid=1073741825}, caller=android.view.ViewGroup.setRequestedFrameRate:9952 WV.rf.o:1 WV.rg.h:118 WV.rg.onDraw:7 com.android.webview.chromium.WebViewChromium.onDraw:19 
02-08 00:19:49.448 26299 26424 I SamsungAccount: [TPMU]  SIMState     :SIM_STATE_READY
02-08 00:19:49.448 26299 26424 I SamsungAccount: [CountryCodeUtil] isChinaCountryCode : false
02-08 00:19:49.448 26299 26424 I SamsungAccount: [TPMU] getMccFromUsim
02-08 00:19:49.448 26299 26424 I SamsungAccount: [MccManager] saveMccToPreference Start
02-08 00:19:49.448 26299 26424 I SamsungAccount: [MccManager] saveMccToPreference, mcc is same with previous mcc
02-08 00:19:49.449 26299 26424 I SamsungAccount: [NetworkStateUtil] == networkStateCheck == true
02-08 00:19:49.449 26299 26424 I SamsungAccount: [RequestClient(Volley)] (3) executeFuture
02-08 00:19:49.449 26299 26424 I SamsungAccount: [RequestClient(Volley)] (3) makeStringRequest : POST
02-08 00:19:49.449 26299 10115 I SamsungAccount: [RequestClient(Volley)] (3) getBody, return super
02-08 00:19:49.450 22176 22176 I DRoom|DeviceUtils: checkIssueTracker: no UT device
02-08 00:19:49.450 22176 22176 I DRoom|DeviceUtils: checkSecLogLevel: false
02-08 00:19:49.450 22176 22176 I DRoom|DeviceUtils: checkDebuggable: false
02-08 00:19:49.450 22176 22176 I DRoom|WallpaperApplication: attachBaseContext end
02-08 00:19:49.455 18726 18726 I View    : setRequestedFrameRate frameRate=-4.0, this=android.webkit.WebView{ef79206 VFEDHVC.. ........ 0,0-1080,2340 aid=1073741825}, caller=android.view.ViewGroup.setRequestedFrameRate:9952 WV.rf.o:1 WV.rg.h:118 WV.rg.onDraw:7 com.android.webview.chromium.WebViewChromium.onDraw:19 
02-08 00:19:49.458 22176 22176 I DRoom|DressRoomProvider: onCreate
02-08 00:19:49.461 22176 22176 I DRoom|DressRoomGtsProvider: onCreate
02-08 00:19:49.463 22176 22176 I GTS_CELL:  version 1.2.28
02-08 00:19:49.463 22176 22176 I DRoom|WallpaperApplication: WallpaperApp onCreate Start
02-08 00:19:49.464 18726 18726 I View    : setRequestedFrameRate frameRate=-4.0, this=android.webkit.WebView{ef79206 VFEDHVC.. ........ 0,0-1080,2340 aid=1073741825}, caller=android.view.ViewGroup.setRequestedFrameRate:9952 WV.rf.o:1 WV.rg.h:118 WV.rg.onDraw:7 com.android.webview.chromium.WebViewChromium.onDraw:19 
02-08 00:19:49.464  6819 29501 I NowBrief.SecWeatherApi: getTodayWeather, ret: false
02-08 00:19:49.466 22176 22176 W DRoom|DRoomUiThreadMonitor: UiThreadMonitor is disabled
02-08 00:19:49.467 22176 22176 I SamsungAnalytics605079: Tracker start:6.05.079
02-08 00:19:49.468 22176 22176 I DIAGMON_SDK[605079]: DiagMonAgent type: 2
02-08 00:19:49.469 22176 22176 I DIAGMON_SDK[605079][4I4-399-485249] : generated SR object
02-08 00:19:49.469 22176 22176 I DRoom|SALogging: initStatus
02-08 00:19:49.469 22176 22220 E ashmem  : Pinning is deprecated since Android Q. Please use trim or other methods.
02-08 00:19:49.470 22176 22176 I DRoom|291042|GenerativeDataMigrator: migration() : no migration needed
02-08 00:19:49.470  2609  3699 D SemWifiTrafficPoller: getSoftApTotalTrafficInBytes:1779298657
02-08 00:19:49.470 22176 22222 I DRoom|291042|ProfileStackDataSource: Check and migrate stack data source if necessary.
02-08 00:19:49.470 22176 22222 I DRoom|291042|ProfileStackDataSource: oldVersion = 1, cur version = 1
02-08 00:19:49.470 22176 22222 I DRoom|291042|ProfileKeyDataSource: Do migrate for home action.
02-08 00:19:49.470 22176 22222 I DRoom|291042|ProfileKeyDataSource: Do migrate for lock action.
