02-08 00:19:49.470 22176 22223 I DRoom|291042|RemoveExpiredSmartCardData: run
02-08 00:19:49.470 22176 22220 I SamsungAnalytics605079: register setting status
02-08 00:19:49.471 22176 22176 I [RoutineSdk3.0-3.1.4]: RoutineSdkImpl: setHandler - actionHandler initialized
02-08 00:19:49.471 22176 22176 I DRoom|291042|WallpaperApplication: WallpaperApp onCreate End
02-08 00:19:49.473 18726 18726 I View    : setRequestedFrameRate frameRate=-4.0, this=android.webkit.WebView{ef79206 VFEDHVC.. ........ 0,0-1080,2340 aid=1073741825}, caller=android.view.ViewGroup.setRequestedFrameRate:9952 WV.rf.o:1 WV.rg.h:118 WV.rg.onDraw:7 com.android.webview.chromium.WebViewChromium.onDraw:19 
02-08 00:19:49.474 22176 22176 I WPI     : onReceive] secure data sync action : true pkg : com.samsung.android.app.dressroom
02-08 00:19:49.481 18726 18726 I View    : setRequestedFrameRate frameRate=-4.0, this=android.webkit.WebView{ef79206 VFEDHVC.. ........ 0,0-1080,2340 aid=1073741825}, caller=android.view.ViewGroup.setRequestedFrameRate:9952 WV.rf.o:1 WV.rg.h:118 WV.rg.onDraw:7 com.android.webview.chromium.WebViewChromium.onDraw:19 
02-08 00:19:49.482  1707  5403 D vendor.qti.bluetooth@1.0-wake_lock: Release wakelock is released 
02-08 00:19:49.483 22176 22225 I WPI     : fetch profile : Profile(countryCode=IT, salesCode=EUX, oneUiVersion=80000, firstApi=35)
02-08 00:19:49.483 22176 22225 I WPI     : WeatherApiConfigurator] SIG_MATCHED pkg : com.samsung.android.app.dressroom-1.0.49
02-08 00:19:49.483 22176 22225 I WPI     : WeatherApiConfigurator] SUCCESS pkg : com.samsung.android.app.dressroom-1.0.49
02-08 00:19:49.485 22176 22225 I WPI     : fetch profile : Profile(countryCode=IT, salesCode=EUX, oneUiVersion=80000, firstApi=35)
02-08 00:19:49.489 18726 18726 I View    : setRequestedFrameRate frameRate=-4.0, this=android.webkit.WebView{ef79206 VFEDHVC.. ........ 0,0-1080,2340 aid=1073741825}, caller=android.view.ViewGroup.setRequestedFrameRate:9952 WV.rf.o:1 WV.rg.h:118 WV.rg.onDraw:7 com.android.webview.chromium.WebViewChromium.onDraw:19 
02-08 00:19:49.497 18726 18726 I View    : setRequestedFrameRate frameRate=-4.0, this=android.webkit.WebView{ef79206 VFEDHVC.. ........ 0,0-1080,2340 aid=1073741825}, caller=android.view.ViewGroup.setRequestedFrameRate:9952 WV.rf.o:1 WV.rg.h:118 WV.rg.onDraw:7 com.android.webview.chromium.WebViewChromium.onDraw:19 
02-08 00:19:49.501  2609  3773 D NetdEventListenerService: DNS Requested by 179, 10121(com.osp.app.signin), SUCCESS, 50ms
02-08 00:19:49.504  1761  2586 I thermal_core: pivot(AP) : 501, skin : 412
02-08 00:19:49.506 18726 18726 I View    : setRequestedFrameRate frameRate=-4.0, this=android.webkit.WebView{ef79206 VFEDHVC.. ........ 0,0-1080,2340 aid=1073741825}, caller=android.view.ViewGroup.setRequestedFrameRate:9952 WV.rf.o:1 WV.rg.h:118 WV.rg.onDraw:7 com.android.webview.chromium.WebViewChromium.onDraw:19 
02-08 00:19:49.507 22176 22225 I WPI     : aqi]  title: IQA category: EPA value: 103.0 level: 3
02-08 00:19:49.507 22176 22225 I WPI     : aqi]  title: Polveri sottili category: EPA value: 47.28 level: 1
02-08 00:19:49.508 22176 22225 I WPI     : aqi]  title: PM2,5 category: EPA value: 38.0 level: 3
02-08 00:19:49.514 18726 18726 I View    : setRequestedFrameRate frameRate=-4.0, this=android.webkit.WebView{ef79206 VFEDHVC.. ........ 0,0-1080,2340 aid=1073741825}, caller=android.view.ViewGroup.setRequestedFrameRate:9952 WV.rf.o:1 WV.rg.h:118 WV.rg.onDraw:7 com.android.webview.chromium.WebViewChromium.onDraw:19 
02-08 00:19:49.515 22075 22094 W System  : A resource failed to call AbstractCursor.close. 
02-08 00:19:49.515 22075 22094 W System  : A resource failed to call AbstractCursor.close. 
02-08 00:19:49.515 22075 22094 W System  : A resource failed to call AbstractCursor.close. 
02-08 00:19:49.515 22075 22094 W System  : A resource failed to call AbstractCursor.close. 
02-08 00:19:49.515 22075 22094 W System  : A resource failed to call AbstractCursor.close. 
02-08 00:19:49.515 22075 22094 W System  : A resource failed to call AbstractCursor.close. 
02-08 00:19:49.515 22075 22094 W System  : A resource failed to call AbstractCursor.close. 
02-08 00:19:49.515 22075 22094 W System  : A resource failed to call AbstractCursor.close. 
02-08 00:19:49.515 22075 22094 W System  : A resource failed to call AbstractCursor.close. 
02-08 00:19:49.515 22075 22094 W System  : A resource failed to call AbstractCursor.close. 
02-08 00:19:49.515 22075 22094 W System  : A resource failed to call AbstractCursor.close. 
02-08 00:19:49.515 22075 22094 W System  : A resource failed to call AbstractCursor.close. 
02-08 00:19:49.515 22075 22094 W System  : A resource failed to call AbstractCursor.close. 
02-08 00:19:49.515 22075 22094 W System  : A resource failed to call AbstractCursor.close. 
02-08 00:19:49.515 22075 22094 W System  : A resource failed to call AbstractCursor.close. 
02-08 00:19:49.515 22075 22094 W System  : A resource failed to call AbstractCursor.close. 
02-08 00:19:49.515 22075 22094 W System  : A resource failed to call AbstractCursor.close. 
02-08 00:19:49.515 22075 22094 W System  : A resource failed to call AbstractCursor.close. 
02-08 00:19:49.515 22075 22094 W System  : A resource failed to call AbstractCursor.close. 
02-08 00:19:49.515 22075 22094 W System  : A resource failed to call AbstractCursor.close. 
02-08 00:19:49.515 22075 22094 W System  : A resource failed to call AbstractCursor.close. 
02-08 00:19:49.515 22075 22094 W System  : A resource failed to call AbstractCursor.close. 
02-08 00:19:49.515 22075 22094 W System  : A resource failed to call AbstractCursor.close. 
02-08 00:19:49.515 22075 22094 W System  : A resource failed to call AbstractCursor.close. 
02-08 00:19:49.515 22075 22094 W System  : A resource failed to call AbstractCursor.close. 
02-08 00:19:49.515 22075 22094 W System  : A resource failed to call AbstractCursor.close. 
02-08 00:19:49.515 22075 22094 W System  : A resource failed to call AbstractCursor.close. 
02-08 00:19:49.515 22075 22094 W System  : A resource failed to call AbstractCursor.close. 
02-08 00:19:49.515 22075 22094 W System  : A resource failed to call AbstractCursor.close. 
02-08 00:19:49.515 22075 22094 W System  : A resource failed to call AbstractCursor.close. 
02-08 00:19:49.515 22075 22094 W System  : A resource failed to call AbstractCursor.close. 
02-08 00:19:49.515 22075 22094 W System  : A resource failed to call AbstractCursor.close. 
02-08 00:19:49.515 22075 22094 W System  : A resource failed to call AbstractCursor.close. 
02-08 00:19:49.515 22075 22094 W System  : A resource failed to call AbstractCursor.close. 
02-08 00:19:49.515 22075 22094 W System  : A resource failed to call AbstractCursor.close. 
02-08 00:19:49.515 22075 22094 W System  : A resource failed to call AbstractCursor.close. 
02-08 00:19:49.515 22075 22094 W System  : A resource failed to call AbstractCursor.close. 
02-08 00:19:49.515 22075 22094 W System  : A resource failed to call AbstractCursor.close. 
02-08 00:19:49.515 22075 22094 W System  : A resource failed to call AbstractCursor.close. 
02-08 00:19:49.515 22075 22094 W System  : A resource failed to call AbstractCursor.close. 
02-08 00:19:49.515 22075 22094 W System  : A resource failed to call AbstractCursor.close. 
02-08 00:19:49.515 22075 22094 W System  : A resource failed to call AbstractCursor.close. 
02-08 00:19:49.515 22075 22094 W System  : A resource failed to call AbstractCursor.close. 
02-08 00:19:49.515 22075 22094 W System  : A resource failed to call AbstractCursor.close. 
02-08 00:19:49.515 22075 22094 W System  : A resource failed to call AbstractCursor.close. 
02-08 00:19:49.515 22075 22094 W System  : A resource failed to call AbstractCursor.close. 
02-08 00:19:49.515 22075 22094 W System  : A resource failed to call AbstractCursor.close. 
02-08 00:19:49.515 22075 22094 W System  : A resource failed to call AbstractCursor.close. 
02-08 00:19:49.515 22075 22094 W System  : A resource failed to call AbstractCursor.close. 
02-08 00:19:49.515 22075 22094 W System  : A resource failed to call AbstractCursor.close. 
02-08 00:19:49.515 22075 22094 W System  : A resource failed to call AbstractCursor.close. 
02-08 00:19:49.515 22075 22094 W System  : A resource failed to call AbstractCursor.close. 
02-08 00:19:49.515 22075 22094 W System  : A resource failed to call AbstractCursor.close. 
02-08 00:19:49.515 22075 22094 W System  : A resource failed to call AbstractCursor.close. 
02-08 00:19:49.515 22075 22094 W System  : A resource failed to call AbstractCursor.close. 
02-08 00:19:49.515 22075 22094 W System  : A resource failed to call AbstractCursor.close. 
02-08 00:19:49.515 22075 22094 W System  : A resource failed to call AbstractCursor.close. 
02-08 00:19:49.515 22075 22094 W System  : A resource failed to call AbstractCursor.close. 
02-08 00:19:49.515 22075 22094 W System  : A resource failed to call AbstractCursor.close. 
02-08 00:19:49.515 22075 22094 W System  : A resource failed to call AbstractCursor.close. 
02-08 00:19:49.515 22075 22094 W System  : A resource failed to call AbstractCursor.close. 
02-08 00:19:49.515 22075 22094 W System  : A resource failed to call AbstractCursor.close. 
02-08 00:19:49.515 22075 22094 W System  : A resource failed to call AbstractCursor.close. 
02-08 00:19:49.515 22075 22094 W System  : A resource failed to call AbstractCursor.close. 
02-08 00:19:49.515 22075 22094 W System  : A resource failed to call AbstractCursor.close. 
02-08 00:19:49.515 22075 22094 W System  : A resource failed to call AbstractCursor.close. 
02-08 00:19:49.515 22075 22094 W System  : A resource failed to call AbstractCursor.close. 
02-08 00:19:49.515 22075 22094 W System  : A resource failed to call AbstractCursor.close. 
02-08 00:19:49.515 22075 22094 W System  : A resource failed to call AbstractCursor.close. 
02-08 00:19:49.515 22075 22094 W System  : A resource failed to call AbstractCursor.close. 
02-08 00:19:49.515 22075 22094 W System  : A resource failed to call AbstractCursor.close. 
02-08 00:19:49.515 22075 22094 W System  : A resource failed to call AbstractCursor.close. 
02-08 00:19:49.515 22075 22094 W System  : A resource failed to call AbstractCursor.close. 
02-08 00:19:49.515 22075 22094 W System  : A resource failed to call AbstractCursor.close. 
02-08 00:19:49.515 22075 22094 W System  : A resource failed to call AbstractCursor.close. 
02-08 00:19:49.515 22075 22094 W System  : A resource failed to call AbstractCursor.close. 
02-08 00:19:49.515 22075 22094 W System  : A resource failed to call AbstractCursor.close. 
02-08 00:19:49.515 22075 22094 W System  : A resource failed to call AbstractCursor.close. 
02-08 00:19:49.515 22075 22094 W System  : A resource failed to call AbstractCursor.close. 
02-08 00:19:49.515 22075 22094 W System  : A resource failed to call AbstractCursor.close. 
02-08 00:19:49.515 22075 22094 W System  : A resource failed to call AbstractCursor.close. 
02-08 00:19:49.515 22075 22094 W System  : A resource failed to call AbstractCursor.close. 
02-08 00:19:49.515 22075 22094 W System  : A resource failed to call AbstractCursor.close. 
02-08 00:19:49.515 22075 22094 W System  : A resource failed to call AbstractCursor.close. 
02-08 00:19:49.515 22075 22094 W System  : A resource failed to call AbstractCursor.close. 
02-08 00:19:49.515 22075 22094 W System  : A resource failed to call AbstractCursor.close. 
02-08 00:19:49.515 22075 22094 W System  : A resource failed to call AbstractCursor.close. 
02-08 00:19:49.515 22075 22094 W System  : A resource failed to call AbstractCursor.close. 
02-08 00:19:49.515 22075 22094 W System  : A resource failed to call AbstractCursor.close. 
02-08 00:19:49.515 22075 22094 W System  : A resource failed to call AbstractCursor.close. 
02-08 00:19:49.515 22075 22094 W System  : A resource failed to call AbstractCursor.close. 
02-08 00:19:49.515 22075 22094 W System  : A resource failed to call AbstractCursor.close. 
02-08 00:19:49.515 22075 22094 W System  : A resource failed to call AbstractCursor.close. 
02-08 00:19:49.515 22075 22094 W System  : A resource failed to call AbstractCursor.close. 
02-08 00:19:49.515 22075 22094 W System  : A resource failed to call AbstractCursor.close. 
02-08 00:19:49.515 22075 22094 W System  : A resource failed to call AbstractCursor.close. 
02-08 00:19:49.515 22075 22094 W System  : A resource failed to call AbstractCursor.close. 
02-08 00:19:49.515 22075 22094 W System  : A resource failed to call AbstractCursor.close. 
02-08 00:19:49.515 22075 22094 W System  : A resource failed to call AbstractCursor.close. 
02-08 00:19:49.515 22075 22094 W System  : A resource failed to call AbstractCursor.close. 
02-08 00:19:49.515 22075 22094 W System  : A resource failed to call AbstractCursor.close. 
02-08 00:19:49.515 22075 22094 W System  : A resource failed to call AbstractCursor.close. 
02-08 00:19:49.515 22075 22094 W System  : A resource failed to call AbstractCursor.close. 
02-08 00:19:49.515 22075 22094 W System  : A resource failed to call AbstractCursor.close. 
02-08 00:19:49.515 22075 22094 W System  : A resource failed to call AbstractCursor.close. 
02-08 00:19:49.515 22075 22094 W System  : A resource failed to call AbstractCursor.close. 
02-08 00:19:49.515 22075 22094 W System  : A resource failed to call AbstractCursor.close. 
02-08 00:19:49.515 22075 22094 W System  : A resource failed to call AbstractCursor.close. 
02-08 00:19:49.515 22075 22094 W System  : A resource failed to call AbstractCursor.close. 
02-08 00:19:49.515 22075 22094 W System  : A resource failed to call AbstractCursor.close. 
02-08 00:19:49.515 22075 22094 W System  : A resource failed to call AbstractCursor.close. 
02-08 00:19:49.515 22075 22094 W System  : A resource failed to call AbstractCursor.close. 
02-08 00:19:49.515 22075 22094 W System  : A resource failed to call AbstractCursor.close. 
02-08 00:19:49.515 22075 22094 W System  : A resource failed to call AbstractCursor.close. 
02-08 00:19:49.515 22075 22094 W System  : A resource failed to call AbstractCursor.close. 
02-08 00:19:49.515 22075 22094 W System  : A resource failed to call AbstractCursor.close. 
02-08 00:19:49.515 22075 22094 W System  : A resource failed to call AbstractCursor.close. 
02-08 00:19:49.515 22075 22094 W System  : A resource failed to call AbstractCursor.close. 
02-08 00:19:49.515 22075 22094 W System  : A resource failed to call AbstractCursor.close. 
02-08 00:19:49.515 22075 22094 W System  : A resource failed to call AbstractCursor.close. 
02-08 00:19:49.515 22075 22094 W System  : A resource failed to call AbstractCursor.close. 
02-08 00:19:49.515 22075 22094 W System  : A resource failed to call AbstractCursor.close. 
02-08 00:19:49.515 22075 22094 W System  : A resource failed to call AbstractCursor.close. 
02-08 00:19:49.515 22075 22094 W System  : A resource failed to call AbstractCursor.close. 
02-08 00:19:49.515 22075 22094 W System  : A resource failed to call AbstractCursor.close. 
02-08 00:19:49.515 22075 22094 W System  : A resource failed to call AbstractCursor.close. 
02-08 00:19:49.515 22075 22094 W System  : A resource failed to call AbstractCursor.close. 
02-08 00:19:49.515 22075 22094 W System  : A resource failed to call AbstractCursor.close. 
02-08 00:19:49.515 22075 22094 W System  : A resource failed to call AbstractCursor.close. 
02-08 00:19:49.515 22075 22094 W System  : A resource failed to call AbstractCursor.close. 
02-08 00:19:49.515 22075 22094 W System  : A resource failed to call AbstractCursor.close. 
02-08 00:19:49.515 22075 22094 W System  : A resource failed to call AbstractCursor.close. 
02-08 00:19:49.515 22075 22094 W System  : A resource failed to call AbstractCursor.close. 
02-08 00:19:49.515 22075 22094 W System  : A resource failed to call AbstractCursor.close. 
02-08 00:19:49.515 22075 22094 W System  : A resource failed to call AbstractCursor.close. 
02-08 00:19:49.515 22075 22094 W System  : A resource failed to call AbstractCursor.close. 
02-08 00:19:49.515 22075 22094 W System  : A resource failed to call AbstractCursor.close. 
02-08 00:19:49.515 22075 22094 W System  : A resource failed to call AbstractCursor.close. 
02-08 00:19:49.515 22075 22094 W System  : A resource failed to call AbstractCursor.close. 
02-08 00:19:49.516 22075 22094 W System  : A resource failed to call AbstractCursor.close. 
02-08 00:19:49.516 22075 22094 W System  : A resource failed to call AbstractCursor.close. 
02-08 00:19:49.516 22075 22094 W System  : A resource failed to call AbstractCursor.close. 
02-08 00:19:49.516 22075 22094 W System  : A resource failed to call AbstractCursor.close. 
02-08 00:19:49.516 22075 22094 W System  : A resource failed to call AbstractCursor.close. 
02-08 00:19:49.516 22075 22094 W System  : A resource failed to call AbstractCursor.close. 
02-08 00:19:49.516 22075 22094 W System  : A resource failed to call AbstractCursor.close. 
02-08 00:19:49.516 22075 22094 W System  : A resource failed to call AbstractCursor.close. 
02-08 00:19:49.516 22075 22094 W System  : A resource failed to call AbstractCursor.close. 
02-08 00:19:49.516 22075 22094 W System  : A resource failed to call AbstractCursor.close. 
02-08 00:19:49.516 22075 22094 W System  : A resource failed to call AbstractCursor.close. 
02-08 00:19:49.516 22075 22094 W System  : A resource failed to call AbstractCursor.close. 
02-08 00:19:49.516 22075 22094 W System  : A resource failed to call AbstractCursor.close. 
02-08 00:19:49.516 22075 22094 W System  : A resource failed to call AbstractCursor.close. 
02-08 00:19:49.516 22075 22094 W System  : A resource failed to call AbstractCursor.close. 
02-08 00:19:49.516 22075 22094 W System  : A resource failed to call AbstractCursor.close. 
02-08 00:19:49.516 22075 22094 W System  : A resource failed to call AbstractCursor.close. 
02-08 00:19:49.516 22075 22094 W System  : A resource failed to call AbstractCursor.close. 
02-08 00:19:49.516 22075 22094 W System  : A resource failed to call AbstractCursor.close. 
02-08 00:19:49.516 22075 22094 W System  : A resource failed to call AbstractCursor.close. 
02-08 00:19:49.516 22075 22094 W System  : A resource failed to call AbstractCursor.close. 
02-08 00:19:49.516 22075 22094 W System  : A resource failed to call AbstractCursor.close. 
02-08 00:19:49.516 22075 22094 W System  : A resource failed to call AbstractCursor.close. 
02-08 00:19:49.516 22075 22094 W System  : A resource failed to call AbstractCursor.close. 
02-08 00:19:49.516 22075 22094 W System  : A resource failed to call AbstractCursor.close. 
02-08 00:19:49.516 22075 22094 W System  : A resource failed to call AbstractCursor.close. 
02-08 00:19:49.516 22075 22094 W System  : A resource failed to call AbstractCursor.close. 
02-08 00:19:49.516 22075 22094 W System  : A resource failed to call AbstractCursor.close. 
02-08 00:19:49.516 22075 22094 W System  : A resource failed to call AbstractCursor.close. 
02-08 00:19:49.516 22075 22094 W System  : A resource failed to call AbstractCursor.close. 
02-08 00:19:49.516 22075 22094 W System  : A resource failed to call AbstractCursor.close. 
02-08 00:19:49.516 22075 22094 W System  : A resource failed to call AbstractCursor.close. 
02-08 00:19:49.516 22075 22094 W System  : A resource failed to call AbstractCursor.close. 
02-08 00:19:49.516 22075 22094 W System  : A resource failed to call AbstractCursor.close. 
02-08 00:19:49.516 22075 22094 W System  : A resource failed to call AbstractCursor.close. 
02-08 00:19:49.516 22075 22094 W System  : A resource failed to call AbstractCursor.close. 
02-08 00:19:49.516 22075 22094 W System  : A resource failed to call AbstractCursor.close. 
02-08 00:19:49.516 22075 22094 W System  : A resource failed to call AbstractCursor.close. 
02-08 00:19:49.516 22075 22094 W System  : A resource failed to call AbstractCursor.close. 
02-08 00:19:49.516 22075 22094 W System  : A resource failed to call AbstractCursor.close. 
02-08 00:19:49.516 22075 22094 W System  : A resource failed to call AbstractCursor.close. 
02-08 00:19:49.516 22075 22094 W System  : A resource failed to call AbstractCursor.close. 
02-08 00:19:49.516 22075 22094 W System  : A resource failed to call AbstractCursor.close. 
02-08 00:19:49.516 22075 22094 W System  : A resource failed to call AbstractCursor.close. 
02-08 00:19:49.516 22075 22094 W System  : A resource failed to call AbstractCursor.close. 
02-08 00:19:49.516 22075 22094 W System  : A resource failed to call AbstractCursor.close. 
02-08 00:19:49.516 22075 22094 W System  : A resource failed to call AbstractCursor.close. 
02-08 00:19:49.516 22075 22094 W System  : A resource failed to call AbstractCursor.close. 
02-08 00:19:49.516 22075 22094 W System  : A resource failed to call AbstractCursor.close. 
02-08 00:19:49.516 22075 22094 W System  : A resource failed to call AbstractCursor.close. 
02-08 00:19:49.516 22075 22094 W System  : A resource failed to call AbstractCursor.close. 
02-08 00:19:49.516 22075 22094 W System  : A resource failed to call AbstractCursor.close. 
02-08 00:19:49.516 22075 22094 W System  : A resource failed to call AbstractCursor.close. 
02-08 00:19:49.516 22075 22094 W System  : A resource failed to call AbstractCursor.close. 
02-08 00:19:49.516 22075 22094 W System  : A resource failed to call AbstractCursor.close. 
02-08 00:19:49.516 22075 22094 W System  : A resource failed to call AbstractCursor.close. 
02-08 00:19:49.516 22075 22094 W System  : A resource failed to call AbstractCursor.close. 
02-08 00:19:49.516 22075 22094 W System  : A resource failed to call AbstractCursor.close. 
02-08 00:19:49.516 22075 22094 W System  : A resource failed to call AbstractCursor.close. 
02-08 00:19:49.516 22075 22094 W System  : A resource failed to call AbstractCursor.close. 
02-08 00:19:49.516 22075 22094 W System  : A resource failed to call AbstractCursor.close. 
02-08 00:19:49.516 22075 22094 W System  : A resource failed to call AbstractCursor.close. 
02-08 00:19:49.516 22075 22094 W System  : A resource failed to call AbstractCursor.close. 
02-08 00:19:49.516 22075 22094 W System  : A resource failed to call AbstractCursor.close. 
02-08 00:19:49.516 22075 22094 W System  : A resource failed to call AbstractCursor.close. 
02-08 00:19:49.516 22075 22094 W System  : A resource failed to call AbstractCursor.close. 
02-08 00:19:49.516 22075 22094 W System  : A resource failed to call AbstractCursor.close. 
02-08 00:19:49.516 22075 22094 W System  : A resource failed to call AbstractCursor.close. 
02-08 00:19:49.516 22075 22094 W System  : A resource failed to call AbstractCursor.close. 
02-08 00:19:49.516 22075 22094 W System  : A resource failed to call AbstractCursor.close. 
02-08 00:19:49.516 22075 22094 W System  : A resource failed to call AbstractCursor.close. 
02-08 00:19:49.516 22075 22094 W System  : A resource failed to call AbstractCursor.close. 
02-08 00:19:49.516 22075 22094 W System  : A resource failed to call AbstractCursor.close. 
02-08 00:19:49.516 22075 22094 W System  : A resource failed to call AbstractCursor.close. 
02-08 00:19:49.516 22075 22094 W System  : A resource failed to call AbstractCursor.close. 
02-08 00:19:49.516 22075 22094 W System  : A resource failed to call AbstractCursor.close. 
02-08 00:19:49.516 22075 22094 W System  : A resource failed to call AbstractCursor.close. 
02-08 00:19:49.516 22075 22094 W System  : A resource failed to call AbstractCursor.close. 
02-08 00:19:49.516 22075 22094 W System  : A resource failed to call AbstractCursor.close. 
02-08 00:19:49.516 22075 22094 W System  : A resource failed to call AbstractCursor.close. 
02-08 00:19:49.516 22075 22094 W System  : A resource failed to call AbstractCursor.close. 
02-08 00:19:49.516 22075 22094 W System  : A resource failed to call AbstractCursor.close. 
02-08 00:19:49.516 22075 22094 W System  : A resource failed to call AbstractCursor.close. 
02-08 00:19:49.516 22075 22094 W System  : A resource failed to call AbstractCursor.close. 
02-08 00:19:49.516 22075 22094 W System  : A resource failed to call AbstractCursor.close. 
02-08 00:19:49.516 22075 22094 W System  : A resource failed to call AbstractCursor.close. 
02-08 00:19:49.516 22075 22094 W System  : A resource failed to call AbstractCursor.close. 
02-08 00:19:49.516 22075 22094 W System  : A resource failed to call AbstractCursor.close. 
02-08 00:19:49.516 22075 22094 W System  : A resource failed to call AbstractCursor.close. 
02-08 00:19:49.516 22075 22094 W System  : A resource failed to call AbstractCursor.close. 
02-08 00:19:49.516 22075 22094 W System  : A resource failed to call AbstractCursor.close. 
02-08 00:19:49.516 22075 22094 W System  : A resource failed to call AbstractCursor.close. 
02-08 00:19:49.516 22075 22094 W System  : A resource failed to call AbstractCursor.close. 
02-08 00:19:49.516 22075 22094 W System  : A resource failed to call AbstractCursor.close. 
02-08 00:19:49.516 22075 22094 W System  : A resource failed to call AbstractCursor.close. 
02-08 00:19:49.516 22075 22094 W System  : A resource failed to call AbstractCursor.close. 
02-08 00:19:49.516 22075 22094 W System  : A resource failed to call AbstractCursor.close. 
02-08 00:19:49.516 22075 22094 W System  : A resource failed to call AbstractCursor.close. 
02-08 00:19:49.516 22075 22094 W System  : A resource failed to call AbstractCursor.close. 
02-08 00:19:49.516 22075 22094 W System  : A resource failed to call AbstractCursor.close. 
02-08 00:19:49.516 22075 22094 W System  : A resource failed to call AbstractCursor.close. 
02-08 00:19:49.516 22075 22094 W System  : A resource failed to call AbstractCursor.close. 
02-08 00:19:49.516 22075 22094 W System  : A resource failed to call AbstractCursor.close. 
02-08 00:19:49.516 22075 22094 W System  : A resource failed to call AbstractCursor.close. 
02-08 00:19:49.516 22075 22094 W System  : A resource failed to call AbstractCursor.close. 
02-08 00:19:49.516 22075 22094 W System  : A resource failed to call AbstractCursor.close. 
02-08 00:19:49.516 22075 22094 W System  : A resource failed to call AbstractCursor.close. 
02-08 00:19:49.516 22075 22094 W System  : A resource failed to call AbstractCursor.close. 
02-08 00:19:49.516 22075 22094 W System  : A resource failed to call AbstractCursor.close. 
02-08 00:19:49.516 22075 22094 W System  : A resource failed to call AbstractCursor.close. 
02-08 00:19:49.516 22075 22094 W System  : A resource failed to call AbstractCursor.close. 
02-08 00:19:49.516 22075 22094 W System  : A resource failed to call AbstractCursor.close. 
02-08 00:19:49.516 22075 22094 W System  : A resource failed to call AbstractCursor.close. 
02-08 00:19:49.516 22075 22094 W System  : A resource failed to call AbstractCursor.close. 
02-08 00:19:49.516 22075 22094 W System  : A resource failed to call AbstractCursor.close. 
02-08 00:19:49.516 22075 22094 W System  : A resource failed to call AbstractCursor.close. 
02-08 00:19:49.516 22075 22094 W System  : A resource failed to call AbstractCursor.close. 
02-08 00:19:49.516 22075 22094 W System  : A resource failed to call AbstractCursor.close. 
02-08 00:19:49.516 22075 22094 W System  : A resource failed to call AbstractCursor.close. 
02-08 00:19:49.516 22075 22094 W System  : A resource failed to call AbstractCursor.close. 
02-08 00:19:49.516 22075 22094 W System  : A resource failed to call AbstractCursor.close. 
02-08 00:19:49.516 22075 22094 W System  : A resource failed to call AbstractCursor.close. 
02-08 00:19:49.516 22075 22094 W System  : A resource failed to call AbstractCursor.close. 
02-08 00:19:49.516 22075 22094 W System  : A resource failed to call AbstractCursor.close. 
02-08 00:19:49.516 22075 22094 W System  : A resource failed to call AbstractCursor.close. 
02-08 00:19:49.516 22075 22094 W System  : A resource failed to call AbstractCursor.close. 
02-08 00:19:49.516 22075 22094 W System  : A resource failed to call AbstractCursor.close. 
02-08 00:19:49.516 22075 22094 W System  : A resource failed to call AbstractCursor.close. 
02-08 00:19:49.517 22075 22094 W System  : A resource failed to call AbstractCursor.close. 
02-08 00:19:49.517 22075 22094 W System  : A resource failed to call AbstractCursor.close. 
02-08 00:19:49.517 22075 22094 W System  : A resource failed to call AbstractCursor.close. 
02-08 00:19:49.517 22075 22094 W System  : A resource failed to call AbstractCursor.close. 
02-08 00:19:49.517 22075 22094 W System  : A resource failed to call CursorWindow.close. 
02-08 00:19:49.517 22075 22094 W System  : A resource failed to call AbstractCursor.close. 
02-08 00:19:49.517 22075 22094 W System  : A resource failed to call CursorWindow.close. 
02-08 00:19:49.517 22075 22094 W System  : A resource failed to call AbstractCursor.close. 
02-08 00:19:49.517 22075 22094 W System  : A resource failed to call CursorWindow.close. 
02-08 00:19:49.517 22075 22094 W System  : A resource failed to call AbstractCursor.close. 
02-08 00:19:49.517 22075 22094 W System  : A resource failed to call CursorWindow.close. 
02-08 00:19:49.517 22075 22094 W System  : A resource failed to call AbstractCursor.close. 
02-08 00:19:49.517  1861  2163 I CompositionEngine: [setDisplaySize] size=(434, 42)
02-08 00:19:49.522 18726 18726 I View    : setRequestedFrameRate frameRate=-4.0, this=android.webkit.WebView{ef79206 VFEDHVC.. ........ 0,0-1080,2340 aid=1073741825}, caller=android.view.ViewGroup.setRequestedFrameRate:9952 WV.rf.o:1 WV.rg.h:118 WV.rg.onDraw:7 com.android.webview.chromium.WebViewChromium.onDraw:19 
02-08 00:19:49.526  6819 29501 I NowBrief.SecWeatherApi: getHourlyWeather, ret: false
02-08 00:19:49.530 18726 18726 I View    : setRequestedFrameRate frameRate=-4.0, this=android.webkit.WebView{ef79206 VFEDHVC.. ........ 0,0-1080,2340 aid=1073741825}, caller=android.view.ViewGroup.setRequestedFrameRate:9952 WV.rf.o:1 WV.rg.h:118 WV.rg.onDraw:7 com.android.webview.chromium.WebViewChromium.onDraw:19 
02-08 00:19:49.535  1721 25049 D AHAL_ModulePrimary_QTI: getVendorParameters: id count: 1
02-08 00:19:49.539 18726 18726 I View    : setRequestedFrameRate frameRate=-4.0, this=android.webkit.WebView{ef79206 VFEDHVC.. ........ 0,0-1080,2340 aid=1073741825}, caller=android.view.ViewGroup.setRequestedFrameRate:9952 WV.rf.o:1 WV.rg.h:118 WV.rg.onDraw:7 com.android.webview.chromium.WebViewChromium.onDraw:19 
02-08 00:19:49.541  1721 25049 I PAL: ResourceManager: getActiveStream_l: 6569: no active streams found for device 3 ret -2
02-08 00:19:49.541  1721 25049 D AHAL_SecModulePrimary: onGetSECGenericParameters get temperature for g_hw_speaker_amp_temp_rcv: 0
02-08 00:19:49.542  1721   865 D AHAL_ModulePrimary_QTI: getVendorParameters: id count: 1
02-08 00:19:49.542  1721   865 I PAL: ResourceManager: getActiveStream_l: 6569: no active streams found for device 3 ret -2
02-08 00:19:49.542  1721   865 D AHAL_SecModulePrimary: onGetSECGenericParameters get temperature for g_hw_speaker_amp_temp_spk: 0
02-08 00:19:49.543  6928  7439 I SDHMS:x : SIOP:: AP:501 BAT:392 USB:331 CHG:481 PA:525 WIFI:470 CF:431 BLK:0 SUBBAT:0 LRPTHM:404 SKIN:413 SKINF:410 SKINB:413 LRP:413 LRF:410 LRB:413 APT:410 APR:413 RCV:403 SPK:328 CHGF:400 CHGR:408 MEMF:407 MEMR:413 WIFIF:408 WIFIR:409 FCAM:329 UPSPK:404 DNSPK:327 VAP:481 VWIFI:469 AMB2:250 HIGH:0 AVGCUR:-81 AVGSYS:1059 POWER:-357
02-08 00:19:49.543  6928  7439 I AudioManager: setParameters keyValuePairs = g_hw_speaker_amp_temp_spk=33
02-08 00:19:49.543  1788 13233 D AudioFlinger: setParameters: filtered dev setParameters keyvalue g_hw_speaker_amp_temp_spk=33
02-08 00:19:49.544  1721   865 D AHAL_HFP_QTI: hfp_set_parameters enter
02-08 00:19:49.544  1721   865 D AHAL_HFP_QTI: hfp_set_parameters Exit
02-08 00:19:49.544  1721   865 D AHAL_SecModulePrimary: processSetVendorParameters: configured g_hw_speaker_amp_temp_spk
02-08 00:19:49.544  1721   865 D AHAL_SecModulePrimary: processSetVendorParameters: handler set on Feature:0
02-08 00:19:49.544  1721   865 D AHAL_SecModulePrimary: onSetSECGenericParameters set temperature for g_hw_speaker_amp_temp_spk: 33
02-08 00:19:49.544  1721   865 I PAL: API: pal_set_param: 1377: Enter: param id 3002
02-08 00:19:49.544  1721   865 I PAL: ResourceManager: getActiveStream_l: 6569: no active streams found for device 3 ret -2
02-08 00:19:49.545  1788 13233 E ConversionHelperAidl: Function: parseAndSetVendorParameters Line: 94 Failed 
02-08 00:19:49.545  1788 13233 E ConversionHelperAidl: Function: parseAndSetVendorParameters Line: 94 Failed 
02-08 00:19:49.545  6928  7439 I AudioManager: setParameters keyValuePairs = g_hw_speaker_amp_temp_rcv=40
02-08 00:19:49.545  1788 13233 D AudioFlinger: setParameters: filtered dev setParameters keyvalue g_hw_speaker_amp_temp_rcv=40
02-08 00:19:49.545  1721   865 D AHAL_HFP_QTI: hfp_set_parameters enter
02-08 00:19:49.545  1721   865 D AHAL_HFP_QTI: hfp_set_parameters Exit
02-08 00:19:49.545  1721   865 D AHAL_SecModulePrimary: processSetVendorParameters: configured g_hw_speaker_amp_temp_rcv
02-08 00:19:49.545  1721   865 D AHAL_SecModulePrimary: processSetVendorParameters: handler set on Feature:0
02-08 00:19:49.545  1721   865 D AHAL_SecModulePrimary: onSetSECGenericParameters set temperature for g_hw_speaker_amp_temp_rcv: 40
02-08 00:19:49.545  1721   865 I PAL: API: pal_set_param: 1377: Enter: param id 3001
02-08 00:19:49.545  1721   865 I PAL: ResourceManager: getActiveStream_l: 6569: no active streams found for device 3 ret -2
02-08 00:19:49.545  1788 13233 E ConversionHelperAidl: Function: parseAndSetVendorParameters Line: 94 Failed 
02-08 00:19:49.545  1788 13233 E ConversionHelperAidl: Function: parseAndSetVendorParameters Line: 94 Failed 
02-08 00:19:49.546  6928  7117 I M0      : limitCPUFreq:: freq = 2841600
02-08 00:19:49.546  6928  7117 I SemDvfsHyPerManager: acquire hyper - SIOP_ARM_MAX/6928@3, type = 301993986
02-08 00:19:49.546  1725  1874 I HYPER-HAL: [RequestManager.cpp]acquire(): Acquired ID : 24022849  [6928 / 3]    HINT :      list : [CPUMaxFreq / 2841600] 
02-08 00:19:49.547 18726 18726 I View    : setRequestedFrameRate frameRate=-4.0, this=android.webkit.WebView{ef79206 VFEDHVC.. ........ 0,0-1080,2340 aid=1073741825}, caller=android.view.ViewGroup.setRequestedFrameRate:9952 WV.rf.o:1 WV.rg.h:118 WV.rg.onDraw:7 com.android.webview.chromium.WebViewChromium.onDraw:19 
02-08 00:19:49.555 18726 18726 I View    : setRequestedFrameRate frameRate=-4.0, this=android.webkit.WebView{ef79206 VFEDHVC.. ........ 0,0-1080,2340 aid=1073741825}, caller=android.view.ViewGroup.setRequestedFrameRate:9952 WV.rf.o:1 WV.rg.h:118 WV.rg.onDraw:7 com.android.webview.chromium.WebViewChromium.onDraw:19 
02-08 00:19:49.563 18726 18726 I View    : setRequestedFrameRate frameRate=-4.0, this=android.webkit.WebView{ef79206 VFEDHVC.. ........ 0,0-1080,2340 aid=1073741825}, caller=android.view.ViewGroup.setRequestedFrameRate:9952 WV.rf.o:1 WV.rg.h:118 WV.rg.onDraw:7 com.android.webview.chromium.WebViewChromium.onDraw:19 
02-08 00:19:49.572 18726 18726 I View    : setRequestedFrameRate frameRate=-4.0, this=android.webkit.WebView{ef79206 VFEDHVC.. ........ 0,0-1080,2340 aid=1073741825}, caller=android.view.ViewGroup.setRequestedFrameRate:9952 WV.rf.o:1 WV.rg.h:118 WV.rg.onDraw:7 com.android.webview.chromium.WebViewChromium.onDraw:19 
02-08 00:19:49.574  6819 29501 I NowBrief.SecWeatherApi: getWeatherForm, ret: false
02-08 00:19:49.580 18726 18726 I View    : setRequestedFrameRate frameRate=-4.0, this=android.webkit.WebView{ef79206 VFEDHVC.. ........ 0,0-1080,2340 aid=1073741825}, caller=android.view.ViewGroup.setRequestedFrameRate:9952 WV.rf.o:1 WV.rg.h:118 WV.rg.onDraw:7 com.android.webview.chromium.WebViewChromium.onDraw:19 
02-08 00:19:49.588 18726 18726 I View    : setRequestedFrameRate frameRate=-4.0, this=android.webkit.WebView{ef79206 VFEDHVC.. ........ 0,0-1080,2340 aid=1073741825}, caller=android.view.ViewGroup.setRequestedFrameRate:9952 WV.rf.o:1 WV.rg.h:118 WV.rg.onDraw:7 com.android.webview.chromium.WebViewChromium.onDraw:19 
02-08 00:19:49.597 18726 18726 I View    : setRequestedFrameRate frameRate=-4.0, this=android.webkit.WebView{ef79206 VFEDHVC.. ........ 0,0-1080,2340 aid=1073741825}, caller=android.view.ViewGroup.setRequestedFrameRate:9952 WV.rf.o:1 WV.rg.h:118 WV.rg.onDraw:7 com.android.webview.chromium.WebViewChromium.onDraw:19 
02-08 00:19:49.605 18726 18726 I View    : setRequestedFrameRate frameRate=-4.0, this=android.webkit.WebView{ef79206 VFEDHVC.. ........ 0,0-1080,2340 aid=1073741825}, caller=android.view.ViewGroup.setRequestedFrameRate:9952 WV.rf.o:1 WV.rg.h:118 WV.rg.onDraw:7 com.android.webview.chromium.WebViewChromium.onDraw:19 
02-08 00:19:49.613  1725  1874 I HYPER-HAL: [RequestManager.cpp]acquire(): Acquired ID : -285250442  [1728 / 182089]    HINT :      list : [TID_LOW_LATENCY / 0] [TID / 17885] [TID / 17886] [TID / 17861] [TID / 17887] 
02-08 00:19:49.613 18726 18726 I View    : setRequestedFrameRate frameRate=-4.0, this=android.webkit.WebView{ef79206 VFEDHVC.. ........ 0,0-1080,2340 aid=1073741825}, caller=android.view.ViewGroup.setRequestedFrameRate:9952 WV.rf.o:1 WV.rg.h:118 WV.rg.onDraw:7 com.android.webview.chromium.WebViewChromium.onDraw:19 
02-08 00:19:49.613  1728  1728 I SS_POWER_HINT_SESSION: SS_ADPF 17861-1000-4ef0 destroy
02-08 00:19:49.614  1725  1874 I HYPER-HAL: [RequestManager.cpp]releaseLocked(): Released ID : -285250442
02-08 00:19:49.614  1725  1874 I HYPER-HAL: [RequestManager.cpp]acquire(): Acquired ID : -285066623  [1728 / 182090]    HINT :      list : [UCLAMP_MIN_BOOST / 0] [TIMEOUT / 0] [TID / 17885] [TID / 17886] [TID / 17861] [TID / 17887] 
02-08 00:19:49.614  1725  1874 I HYPER-HAL: [RequestManager.cpp]releaseLocked(): Released ID : -285066623
02-08 00:19:49.616  6819 29501 I NowBrief.SecWeatherApi: requestTimeZone, ret: false
02-08 00:19:49.617  1861  2163 I CompositionEngine: [setDisplaySize] size=(434, 42)
02-08 00:19:49.618  1690  1820 E minksocket: MinkIPC ERROR: ( 1690:1820 ) MinkIPC_preProcess:272 Client down, but cannot find corresponding minksession
02-08 00:19:49.618  1690  1806 E minksocket: MinkIPC ERROR: ( 1690:1806 ) MinkIPC_preProcess:272 Client down, but cannot find corresponding minksession
02-08 00:19:49.618  1690  1806 E minksocket: MinkIPC ERROR: ( 1690:1806 ) MinkIPC_preProcess:272 Client down, but cannot find corresponding minksession
02-08 00:19:49.618  1690  1820 E minksocket: MinkIPC ERROR: ( 1690:1820 ) MinkIPC_preProcess:272 Client down, but cannot find corresponding minksession
02-08 00:19:49.618  1690  1806 E minksocket: MinkIPC ERROR: ( 1690:1806 ) MinkIPC_preProcess:272 Client down, but cannot find corresponding minksession
02-08 00:19:49.618  1690  1820 E minksocket: MinkIPC ERROR: ( 1690:1820 ) MinkIPC_preProcess:272 Client down, but cannot find corresponding minksession
02-08 00:19:49.619  1690  1806 E minksocket: MinkIPC ERROR: ( 1690:1806 ) MinkIPC_preProcess:272 Client down, but cannot find corresponding minksession
02-08 00:19:49.619  1690  1820 E minksocket: MinkIPC ERROR: ( 1690:1820 ) MinkIPC_preProcess:272 Client down, but cannot find corresponding minksession
02-08 00:19:49.619  1690  1806 E minksocket: MinkIPC ERROR: ( 1690:1806 ) MinkIPC_preProcess:272 Client down, but cannot find corresponding minksession
02-08 00:19:49.619  1690  1820 E minksocket: MinkIPC ERROR: ( 1690:1820 ) MinkIPC_preProcess:272 Client down, but cannot find corresponding minksession
02-08 00:19:49.620  1690  1806 E minksocket: MinkIPC ERROR: ( 1690:1806 ) MinkIPC_preProcess:272 Client down, but cannot find corresponding minksession
02-08 00:19:49.620  1690  1820 E minksocket: MinkIPC ERROR: ( 1690:1820 ) MinkIPC_preProcess:272 Client down, but cannot find corresponding minksession
02-08 00:19:49.622 18726 18726 I View    : setRequestedFrameRate frameRate=-4.0, this=android.webkit.WebView{ef79206 VFEDHVC.. ........ 0,0-1080,2340 aid=1073741825}, caller=android.view.ViewGroup.setRequestedFrameRate:9952 WV.rf.o:1 WV.rg.h:118 WV.rg.onDraw:7 com.android.webview.chromium.WebViewChromium.onDraw:19 
02-08 00:19:49.630 18726 18726 I View    : setRequestedFrameRate frameRate=-4.0, this=android.webkit.WebView{ef79206 VFEDHVC.. ........ 0,0-1080,2340 aid=1073741825}, caller=android.view.ViewGroup.setRequestedFrameRate:9952 WV.rf.o:1 WV.rg.h:118 WV.rg.onDraw:7 com.android.webview.chromium.WebViewChromium.onDraw:19 
02-08 00:19:49.638 18726 18726 I View    : setRequestedFrameRate frameRate=-4.0, this=android.webkit.WebView{ef79206 VFEDHVC.. ........ 0,0-1080,2340 aid=1073741825}, caller=android.view.ViewGroup.setRequestedFrameRate:9952 WV.rf.o:1 WV.rg.h:118 WV.rg.onDraw:7 com.android.webview.chromium.WebViewChromium.onDraw:19 
02-08 00:19:49.647 18726 18726 I View    : setRequestedFrameRate frameRate=-4.0, this=android.webkit.WebView{ef79206 VFEDHVC.. ........ 0,0-1080,2340 aid=1073741825}, caller=android.view.ViewGroup.setRequestedFrameRate:9952 WV.rf.o:1 WV.rg.h:118 WV.rg.onDraw:7 com.android.webview.chromium.WebViewChromium.onDraw:19 
02-08 00:19:49.652  1861  4733 I SurfaceFlinger: id=400018 createSurf, flag=84004, [Gesture Monitor] secinputdev#400018
02-08 00:19:49.653  2609  3501 D InputTransport: Input channel constructed: '[Gestur', fd=1403
02-08 00:19:49.653  2609  3501 D InputTransport: Input channel constructed: '[Gestur', fd=1409
02-08 00:19:49.653  2609  3501 D InputTransport: Input channel constructed: '[Gestur', fd=1411
02-08 00:19:49.653  2609  3501 D SemInputMotionEventDispatcher: registerInputEventReceiver: displayId: 0
02-08 00:19:49.653  2609  3501 D SemInputMotionEventDispatcher: registerMotionEventListener: com.samsung.android.hardware.secinputdev.taas.ExternalApi$5@8655bf7
02-08 00:19:49.655  1861  1861 I SurfaceFlinger: RequestedLayer [[Gesture Monitor] secinputdev#400018] hidden!! flag  from(1) --> to(0)
02-08 00:19:49.655  1861  1861 I SurfaceFlinger: [[Gesture Monitor] secinputdev#400018] attach to parent LayerHierarchy{RequestedLayerState{Input Overlays#51 parentId=49 z=2147483646} 5 children}
02-08 00:19:49.655 18726 18726 I View    : setRequestedFrameRate frameRate=-4.0, this=android.webkit.WebView{ef79206 VFEDHVC.. ........ 0,0-1080,2340 aid=1073741825}, caller=android.view.ViewGroup.setRequestedFrameRate:9952 WV.rf.o:1 WV.rg.h:118 WV.rg.onDraw:7 com.android.webview.chromium.WebViewChromium.onDraw:19 
02-08 00:19:49.658  6819 29501 I NowBrief.SecWeatherApi: requestSevereAlert, ret: false
02-08 00:19:49.663 18726 18726 I View    : setRequestedFrameRate frameRate=-4.0, this=android.webkit.WebView{ef79206 VFEDHVC.. ........ 0,0-1080,2340 aid=1073741825}, caller=android.view.ViewGroup.setRequestedFrameRate:9952 WV.rf.o:1 WV.rg.h:118 WV.rg.onDraw:7 com.android.webview.chromium.WebViewChromium.onDraw:19 
02-08 00:19:49.672 18726 18726 I View    : setRequestedFrameRate frameRate=-4.0, this=android.webkit.WebView{ef79206 VFEDHVC.. ........ 0,0-1080,2340 aid=1073741825}, caller=android.view.ViewGroup.setRequestedFrameRate:9952 WV.rf.o:1 WV.rg.h:118 WV.rg.onDraw:7 com.android.webview.chromium.WebViewChromium.onDraw:19 
02-08 00:19:49.674  6819 29501 I NowBrief.AiSuggestionWeatherReceiver: weather data sync [Cloudy]
02-08 00:19:49.680 18726 18726 I View    : setRequestedFrameRate frameRate=-4.0, this=android.webkit.WebView{ef79206 VFEDHVC.. ........ 0,0-1080,2340 aid=1073741825}, caller=android.view.ViewGroup.setRequestedFrameRate:9952 WV.rf.o:1 WV.rg.h:118 WV.rg.onDraw:7 com.android.webview.chromium.WebViewChromium.onDraw:19 
02-08 00:19:49.688 18726 18726 I View    : setRequestedFrameRate frameRate=-4.0, this=android.webkit.WebView{ef79206 VFEDHVC.. ........ 0,0-1080,2340 aid=1073741825}, caller=android.view.ViewGroup.setRequestedFrameRate:9952 WV.rf.o:1 WV.rg.h:118 WV.rg.onDraw:7 com.android.webview.chromium.WebViewChromium.onDraw:19 
02-08 00:19:49.696 18726 18726 I View    : setRequestedFrameRate frameRate=-4.0, this=android.webkit.WebView{ef79206 VFEDHVC.. ........ 0,0-1080,2340 aid=1073741825}, caller=android.view.ViewGroup.setRequestedFrameRate:9952 WV.rf.o:1 WV.rg.h:118 WV.rg.onDraw:7 com.android.webview.chromium.WebViewChromium.onDraw:19 
02-08 00:19:49.705 18726 18726 I View    : setRequestedFrameRate frameRate=-4.0, this=android.webkit.WebView{ef79206 VFEDHVC.. ........ 0,0-1080,2340 aid=1073741825}, caller=android.view.ViewGroup.setRequestedFrameRate:9952 WV.rf.o:1 WV.rg.h:118 WV.rg.onDraw:7 com.android.webview.chromium.WebViewChromium.onDraw:19 
02-08 00:19:49.713 18726 18726 I View    : setRequestedFrameRate frameRate=-4.0, this=android.webkit.WebView{ef79206 VFEDHVC.. ........ 0,0-1080,2340 aid=1073741825}, caller=android.view.ViewGroup.setRequestedFrameRate:9952 WV.rf.o:1 WV.rg.h:118 WV.rg.onDraw:7 com.android.webview.chromium.WebViewChromium.onDraw:19 
02-08 00:19:49.717  1861  2163 I CompositionEngine: [setDisplaySize] size=(434, 42)
02-08 00:19:49.722 18726 18726 I View    : setRequestedFrameRate frameRate=-4.0, this=android.webkit.WebView{ef79206 VFEDHVC.. ........ 0,0-1080,2340 aid=1073741825}, caller=android.view.ViewGroup.setRequestedFrameRate:9952 WV.rf.o:1 WV.rg.h:118 WV.rg.onDraw:7 com.android.webview.chromium.WebViewChromium.onDraw:19 
02-08 00:19:49.730 18726 18726 I View    : setRequestedFrameRate frameRate=-4.0, this=android.webkit.WebView{ef79206 VFEDHVC.. ........ 0,0-1080,2340 aid=1073741825}, caller=android.view.ViewGroup.setRequestedFrameRate:9952 WV.rf.o:1 WV.rg.h:118 WV.rg.onDraw:7 com.android.webview.chromium.WebViewChromium.onDraw:19 
02-08 00:19:49.732 26299 10115 I SamsungAccount: [RequestClient(Volley)] (3) makeSuccessResponse, start
02-08 00:19:49.735 26299 10115 I SamsungAccount: [AuthWithTncMandatoryUtil] handleAuthWithTncMandatorySuccess
02-08 00:19:49.735 26299 10115 I SamsungAccount: [ChildAccount] isChildAccount : false
02-08 00:19:49.735 26299 10115 I SamsungAccount: [ChildAccount] getIsMinorAge : false
02-08 00:19:49.735 26299 10115 I SamsungAccount: [AuthResponse] auoaau rsp ER : 0
02-08 00:19:49.735 26299 10115 I SamsungAccount: [AuthResponse] auoaau rsp TA : 0
02-08 00:19:49.735 26299 10115 I SamsungAccount: [AuthResponse] auoaau rsp PA : 0
02-08 00:19:49.735 26299 10115 I SamsungAccount: [AuthResponse] auoaau rsp DCA : 1
02-08 00:19:49.735 26299 10115 I SamsungAccount: [AuthResponse] auoaau rsp CSCUA : 0
02-08 00:19:49.735 26299 10115 I SamsungAccount: [AuthResponse] auoaau rsp CSCUA time: 20211212111855
02-08 00:19:49.735 26299 10115 I SamsungAccount: [AuthResponse] auoaau rsp AAYN : 0
02-08 00:19:49.735 26299 10115 I SamsungAccount: [AccountManagerUtil] isSamsungAccountSignedIn : true
02-08 00:19:49.735 26299 10115 I SamsungAccount: [DbManagerV2] checkAndUpdateMcc
02-08 00:19:49.739 18726 18726 I View    : setRequestedFrameRate frameRate=-4.0, this=android.webkit.WebView{ef79206 VFEDHVC.. ........ 0,0-1080,2340 aid=1073741825}, caller=android.view.ViewGroup.setRequestedFrameRate:9952 WV.rf.o:1 WV.rg.h:118 WV.rg.onDraw:7 com.android.webview.chromium.WebViewChromium.onDraw:19 
02-08 00:19:49.740  1241  1241 W keymint_tee: [WRN]begin req PARAMS: A32, BM2, PD64, 
02-08 00:19:49.742  1241  1241 D keymint_swd: keymint_swd keymint [WRN] (km_add_tag:528) skip: non repetable tag already exists with different value: 268435458
02-08 00:19:49.742  1241  1241 D keymint_swd: keymint_swd keymint [WRN] (swd_run_cb:267) swd_begin() returns 0
02-08 00:19:49.742  1241  1241 D android.hardware.security.keymint-service: begin: ret 0
02-08 00:19:49.742  1237 10237 I keystore2: system/security/keystore2/src/security_level.rs:466 - In create_operation. Success to create IKeystoreOperation. 10121, None
02-08 00:19:49.743  1241  1241 D keymint_swd: keymint_swd keymint [WRN] (swd_run_cb:267) swd_update() returns 0
02-08 00:19:49.743  1241  1241 D android.hardware.security.keymint-service: update: ret 0
02-08 00:19:49.743  1241  1241 D keymint_swd: keymint_swd keymint [WRN] (swd_run_cb:267) swd_finish() returns 0
02-08 00:19:49.743  1241  1241 D android.hardware.security.keymint-service: finish: ret 0
02-08 00:19:49.745 26299 10115 I SamsungAccount: [AuthResponse] update tnc not fmm
02-08 00:19:49.745 26299 10115 I SamsungAccount: [OpenDBManager] saveTncResultToOpenDB, CSCA : false
02-08 00:19:49.745 26299 10115 I SamsungAccount: [AccountManagerUtil] isSamsungAccountSignedIn : true
02-08 00:19:49.745 26299 10115 I SamsungAccount: [DataUtil] Not Skip Name Validation by accountMCC
02-08 00:19:49.745 26299 10115 I SamsungAccount: [OpenDBManager] getTncCursor
02-08 00:19:49.745 26299 10115 I SamsungAccount: [OpenContentProvider] query tnc
02-08 00:19:49.745 26299 10115 I SamsungAccount: [AccountManagerUtil] isSamsungAccountSignedIn : true
02-08 00:19:49.745 26299 10115 I SamsungAccount: [OpenContentProvider] Calling package : app.signin.
02-08 00:19:49.747 18726 18726 I View    : setRequestedFrameRate frameRate=-4.0, this=android.webkit.WebView{ef79206 VFEDHVC.. ........ 0,0-1080,2340 aid=1073741825}, caller=android.view.ViewGroup.setRequestedFrameRate:9952 WV.rf.o:1 WV.rg.h:118 WV.rg.onDraw:7 com.android.webview.chromium.WebViewChromium.onDraw:19 
02-08 00:19:49.748 26299 10115 I SamsungAccount: [OpenDBManager] getCustomizedTime, time : 20211212111855
02-08 00:19:49.748 26299 10115 I SamsungAccount: [OpenDBManager] requireTnc : false requireNameValid : false requireEmailVerify : false
02-08 00:19:49.748 26299 10115 I SamsungAccount: [OpenDBManager] TNC SAVE key: checkList:0
02-08 00:19:49.748 26299 10115 I SamsungAccount: [OpenDBManager] getTncCursor
02-08 00:19:49.748 26299 10115 I SamsungAccount: [OpenContentProvider] query tnc
02-08 00:19:49.748 26299 10115 I SamsungAccount: [AccountManagerUtil] isSamsungAccountSignedIn : true
02-08 00:19:49.748 26299 10115 I SamsungAccount: [OpenContentProvider] Calling package : app.signin.
02-08 00:19:49.749 26299 10115 I SamsungAccount: [OpenContentProvider] update current tnc state : 0
02-08 00:19:49.749 26299 10115 I SamsungAccount: [OpenDBManager] updateTncResult, CSCA : false, AAYN : false, time : 20211212111855
02-08 00:19:49.749 26299 10115 I SamsungAccount: [OpenDBManager] saveFieldInfoResultToOpenDB
