02-08 00:19:47.301  2609  7060 D SecContentProvider: query(), uri = 17 selection = isSettingsChangesAllowed
02-08 00:19:47.301  2609  7060 D SecContentProvider: called from com.samsung.android.wallpaper.live
02-08 00:19:47.301  2609  7060 D RestrictionPolicy: isSettingsChangesAllowedAsUser, userId 0 : true
02-08 00:19:47.301  2609  7060 D KNOX_MDM_SettingsProvider: ret = 1
02-08 00:19:47.301  4298  4298 D SystemUIService: SYSUI_RAM_OPTIMIZATION onTrimMemory=20
02-08 00:19:47.301  4298  4298 D CentralSurfaces: SYSUI_RAM_OPTIMIZATION onTrimMemory=20
02-08 00:19:47.301  4298  4298 D SystemUIService: SYSUI_RAM_OPTIMIZATION onTrimMemory=20
02-08 00:19:47.301  4298  4298 D CentralSurfaces: SYSUI_RAM_OPTIMIZATION onTrimMemory=20
02-08 00:19:47.301  4298  4543 D HWUI    : CacheManager::trimMemory(20)
02-08 00:19:47.301  4298  4298 D KeyguardSurface: restoreKeyguardSurfaceByTransaction viewRootImpl.view.visibility=4, keyguardVisibilityMonitor.isVisible()=false
02-08 00:19:47.301  4298  4298 D View    : semSetBlurInfo, blurInfo : null, com.android.systemui.statusbar.KeyguardSecAffordanceView{626d56e V.ED..... ......ID 0,0-119,119 #7f0a0469 app:id/end_button}
02-08 00:19:47.301  4298  4298 D View    : semSetBlurInfo, blurInfo : null, com.android.systemui.statusbar.KeyguardSecAffordanceView{bebd6a5 V.ED..... ......ID 0,0-119,119 #7f0a0cad app:id/start_button}
02-08 00:19:47.303  4298  4298 D DisplayLifecycle: updateDisplay id = 0
02-08 00:19:47.303  4298  4543 D HWUI    : CacheManager::trimMemory(20)
02-08 00:19:47.304  1722  2327 I sec_fr_PerformanceLog: [Performance Log] communicateTA (5608) us in sendShutdownCommand
02-08 00:19:47.304  1722  2327 I sec_fr_QSeeInterfaceSMCInvoke: sendSMCInvokeCommand Success
02-08 00:19:47.304  1722  2327 I sec_fr_QSeeInterfaceSMCInvoke: communicateTA Success
02-08 00:19:47.304  1722  2327 I sec_fr_QSeeEngine: checkCmdResult - return value from qsapp is 0
02-08 00:19:47.304  1722  2327 I sec_fr_QSeeEngine: sec_fr lib version check : (6.325.117H6Q9)
02-08 00:19:47.304  1722  2327 I sec_fr_QSeeEngine: shutdown qsapp application(1)
02-08 00:19:47.305  2609  7060 D SettingsProvider: PUT_ret(/system/wallpaper_finish_drawing), callingPackage:com.samsung.android.wallpaper.live
02-08 00:19:47.307 13198 13074 I MediaSyncManager_13198_13074: SettingsContentObserver onChange onSync true
02-08 00:19:47.308  1861  1861 I SurfaceFlinger: RequestedLayer [com.samsung.android.wallpaper.live.l[...]LayeredWallpaperService$_4499#353288] hidden!! flag  from(0) --> to(1)
02-08 00:19:47.308  1861  1861 I SurfaceFlinger: RequestedLayer [WallpaperWindowToken{cb56948 showWhenLocked=false}#353280] hidden!! flag  from(0) --> to(1)
02-08 00:19:47.309  1861  1861 I SurfaceFlinger: id=399999 Removed NotificationShade$_4298#399999 (443)
02-08 00:19:47.310 18726 18726 I View    : setRequestedFrameRate frameRate=-4.0, this=android.webkit.WebView{ef79206 VFEDHVC.. ........ 0,0-1080,2340 aid=1073741825}, caller=android.view.ViewGroup.setRequestedFrameRate:9952 WV.rf.o:1 WV.rg.h:118 WV.rg.onDraw:7 com.android.webview.chromium.WebViewChromium.onDraw:19 
02-08 00:19:47.310  1861  2163 I CompositionEngine: [setDisplaySize] size=(434, 42)
02-08 00:19:47.312  4298  4298 I KeyguardTransitionRepository: FINISHED transition: TransitionStep(from=LOCKSCREEN, to=GONE, value=1.0, transitionState=FINISHED, ownerName=FromLockscreenTransitionInteractor(keyguard interactor says keyguard is going away))
02-08 00:19:47.312  4298  4298 D SecDefaultPanelBackgroundDisplayInteractor: blurReduced = false , minimalBatteryUse = false , statusBarState = SHADE, keyguardState = GONE
02-08 00:19:47.312  4298  4298 D SecDefaultPanelBackgroundDisplayInteractor: blurReduced = false , minimalBatteryUse = false , statusBarState = SHADE, keyguardState = GONE
02-08 00:19:47.313  4298  4501 D ResourceTrimmer: Sending TRIM_MEMORY_UI_HIDDEN.
02-08 00:19:47.313  4298  4543 D HWUI    : CacheManager::trimMemory(20)
02-08 00:19:47.316  1861  1861 I SurfaceFlinger: destroyed NotificationShade$_4298#399999 form LifecycleManager
02-08 00:19:47.316  1861  1861 I SurfaceFlinger: id=399999 onLayerDestroyed from LayerHierarchyBuilder(RequestedLayerState{NotificationShade$_4298#399999 !handle})
02-08 00:19:47.317  1861  1861 I Layer   : id=399999 Destroyed NotificationShade$_4298#399999
02-08 00:19:47.318 18726 18726 I View    : setRequestedFrameRate frameRate=-4.0, this=android.webkit.WebView{ef79206 VFEDHVC.. ........ 0,0-1080,2340 aid=1073741825}, caller=android.view.ViewGroup.setRequestedFrameRate:9952 WV.rf.o:1 WV.rg.h:118 WV.rg.onDraw:7 com.android.webview.chromium.WebViewChromium.onDraw:19 
02-08 00:19:47.319  1722  2327 I sec_fr_QSeeInterfaceSMCInvoke: shutdownTA qsapp succeed
02-08 00:19:47.319  1722  2327 I sec_fr_QSeeInterfaceSMCInvoke: deleteHandle
02-08 00:19:47.319  1722  2327 I sec_fr_QSeeInterfaceSMCInvoke: destroyComBufAllocator 2
02-08 00:19:47.319  1722  2327 I sec_fr_QSeeEngine: deinit mState=0x3
02-08 00:19:47.319  1722  2327 I sec_fr_FaceEngine: unloadTA_l - after mProcessing(0x1)
02-08 00:19:47.319  1722  2327 I sec_fr_NativeFaceService: E FaceService::engineDeinit
02-08 00:19:47.319  1722  2327 I sec_fr_NativeFaceService: E deinitialize - mState(1)
02-08 00:19:47.319  2609  3913 D SemFace : onError: skip error (5:cancel) from daemon
02-08 00:19:47.320  1722  2327 I SessionCallback: onError error(5)
02-08 00:19:47.320  1722  2327 I sec_fr_NativeFaceService: E FaceService::cancel mState=1 mServiceMode=0
02-08 00:19:47.320  1722  2334 I sec_fr_NativeFaceService: FaceService::unloadTA - mServiceMode(0x0) mState(0x1)
02-08 00:19:47.320  1722  2334 I sec_fr_NativeFaceService: deinitialize mState(0x1) toState(0x6)
02-08 00:19:47.320  1722  2327 I sec_fr_CancellationSignal: CancellationSignal::cancel(mCmdID=1046)
02-08 00:19:47.320  1722  2327 I sec_fr_CancellationSignal: libFaceService is already cancelled
02-08 00:19:47.320  2609  3687 W SemFace : sehCloseTaSession FINISH (397ms) RESULT: 0
02-08 00:19:47.320  2609  3913 D SemFace : onError: skip error (5:cancel) from daemon
02-08 00:19:47.320  2609  3687 D BiometricSchedulerOperation: [Finished / destroy]: {[9678] com.android.server.biometrics.sensors.face.aidl.SemFaceSessionCloseClient, proto=0, owner=android, cookie=0, requestId=-1, userId=0}
02-08 00:19:47.320  2609  3687 V BiometricSchedulerOperation: started: {[9678] com.android.server.biometrics.sensors.face.aidl.SemFaceSessionCloseClient, proto=0, owner=android, cookie=0, requestId=-1, userId=0}, State: 5
02-08 00:19:47.320  2609  3687 D BiometricScheduler: [Finishing] {[9678] com.android.server.biometrics.sensors.face.aidl.SemFaceSessionCloseClient, proto=0, owner=android, cookie=0, requestId=-1, userId=0}, success: true
02-08 00:19:47.320  2609  3687 D BiometricScheduler: No operations, returning to idle
02-08 00:19:47.325 18726 18726 I View    : setRequestedFrameRate frameRate=-4.0, this=android.webkit.WebView{ef79206 VFEDHVC.. ........ 0,0-1080,2340 aid=1073741825}, caller=android.view.ViewGroup.setRequestedFrameRate:9952 WV.rf.o:1 WV.rg.h:118 WV.rg.onDraw:7 com.android.webview.chromium.WebViewChromium.onDraw:19 
02-08 00:19:47.330 21949 21985 I [WEATHER]: initIsDone ===> com.samsung.android.weather.persistence.database.usecase.GetInitializeCallback@f5b2d8
02-08 00:19:47.330 21949 21985 I [WEATHER]: db is initialized onCreate 
02-08 00:19:47.330 21949 21985 I [WEATHER]: db version : 1635
02-08 00:19:47.334 18726 18726 I View    : setRequestedFrameRate frameRate=-4.0, this=android.webkit.WebView{ef79206 VFEDHVC.. ........ 0,0-1080,2340 aid=1073741825}, caller=android.view.ViewGroup.setRequestedFrameRate:9952 WV.rf.o:1 WV.rg.h:118 WV.rg.onDraw:7 com.android.webview.chromium.WebViewChromium.onDraw:19 
02-08 00:19:47.342 18726 18726 I View    : setRequestedFrameRate frameRate=-4.0, this=android.webkit.WebView{ef79206 VFEDHVC.. ........ 0,0-1080,2340 aid=1073741825}, caller=android.view.ViewGroup.setRequestedFrameRate:9952 WV.rf.o:1 WV.rg.h:118 WV.rg.onDraw:7 com.android.webview.chromium.WebViewChromium.onDraw:19 
02-08 00:19:47.350 18726 18726 I View    : setRequestedFrameRate frameRate=-4.0, this=android.webkit.WebView{ef79206 VFEDHVC.. ........ 0,0-1080,2340 aid=1073741825}, caller=android.view.ViewGroup.setRequestedFrameRate:9952 WV.rf.o:1 WV.rg.h:118 WV.rg.onDraw:7 com.android.webview.chromium.WebViewChromium.onDraw:19 
02-08 00:19:47.358 18726 18726 I View    : setRequestedFrameRate frameRate=-4.0, this=android.webkit.WebView{ef79206 VFEDHVC.. ........ 0,0-1080,2340 aid=1073741825}, caller=android.view.ViewGroup.setRequestedFrameRate:9952 WV.rf.o:1 WV.rg.h:118 WV.rg.onDraw:7 com.android.webview.chromium.WebViewChromium.onDraw:19 
02-08 00:19:47.361  1707  6127 I vendor.qti.bluetooth@1.0-ibs_handler: DeviceSleep: TX Awake, Sending SLEEP_IND
02-08 00:19:47.361  1707  6127 D vendor.qti.bluetooth@1.0-ibs_handler: SerialClockVote: vote for UART CLK OFF
02-08 00:19:47.366 18726 18726 I View    : setRequestedFrameRate frameRate=-4.0, this=android.webkit.WebView{ef79206 VFEDHVC.. ........ 0,0-1080,2340 aid=1073741825}, caller=android.view.ViewGroup.setRequestedFrameRate:9952 WV.rf.o:1 WV.rg.h:118 WV.rg.onDraw:7 com.android.webview.chromium.WebViewChromium.onDraw:19 
02-08 00:19:47.370  2609  2609 I Telecom : SamsungTelecomServiceImpl : isInManagedCall - callingPackage : android / callingUser : UserHandle{0} / hasCrossUserAccess : true
02-08 00:19:47.371  4739  8568 I HoneySpace.NotificationListener: onNotificationPosted com.free.vpn.super.hotspot.open: 0|com.free.vpn.super.hotspot.open|199|null|10648: 0
02-08 00:19:47.371  4739  8568 I HoneySpace.NotificationListener: invalid notification: com.free.vpn.super.hotspot.open UserHandle{0}: canShowBadge is false
02-08 00:19:47.372  4739  9735 I HoneySpace.PackageEventOperator: [AbsFolderViewModel|4464] badge count is updated. com.free.vpn.super.hotspot.open/com.superunlimited.feature.splash.presentation.activity.SplashActivity#UserHandle{0}|79388 : 0
02-08 00:19:47.372  4739 14480 I HoneySpace.PackageEventOperator: [WorkspaceViewModel] badge count is updated. com.free.vpn.super.hotspot.open/com.superunlimited.feature.splash.presentation.activity.SplashActivity#UserHandle{0}|79388 : 0
02-08 00:19:47.372 13198 13410 I NotifySyncService_13198_13410: MSG_NOTIFY_POSTED 
02-08 00:19:47.372  4298  4298 D Bubbles : onEntryUpdated : shouldBubbleUp=false ,key=0|com.free.vpn.super.hotspot.open|199|null|10648
02-08 00:19:47.372 13198 13410 I NotifySyncService_13198_13410: onNotificationPosted Id:199 key:0|com.free.vpn.super.hotspot.open|199|null|10648 PackageName:com.free.vpn.super.hotspot.open IsOngoing:true PostTime:1770506387165 currentDeviceModel.connected: true
02-08 00:19:47.372 13198 13410 I NotifySyncService_13198_13410: onNotificationPosted Id:199 , appName : ExpressVPN
02-08 00:19:47.372 13198 13410 I NotifySyncService_13198_13410:  isOngoing = true isIncomingCall = false
02-08 00:19:47.372  4298  4298 D InterruptionStateProvider:  no Heads up : edgelighting enabled app. 0|com.free.vpn.super.hotspot.open|199|null|10648
02-08 00:19:47.372  4298  4298 I {OngoingActivityController}: onEntryUpdated and OA data is empty. So update latest task info
02-08 00:19:47.372 13198 12299 I NotifyLogUtils_13198_12299: isIgnoringBatteryOptimizations false
02-08 00:19:47.373  4298  4298 D InterruptionStateProvider:  no Heads up : edgelighting enabled app. 0|com.free.vpn.super.hotspot.open|199|null|10648
02-08 00:19:47.376  4298  4298 W RefactorFlag: New code path expects SceneContainerFlag to be enabled.
02-08 00:19:47.376  4298  4298 D ExpandableNotifRow: mMaxSmallHeight different before reInflateViews mMaxSmallHeight: 203 mTempSmallHeight:0 0|com.free.vpn.super.hotspot.open|199|null|10648
02-08 00:19:47.376  4298  4298 D ExpandableNotifRow: mMaxSmallHeight different before reInflateViews mMaxSmallHeight: 203 mTempSmallHeight:0 0|com.free.vpn.super.hotspot.open|199|null|10648
02-08 00:19:47.376  4298  4298 I LockscreenNotificationIconsOnlyController: onNotificationInfoUpdated 0
02-08 00:19:47.376 18726 18726 I View    : setRequestedFrameRate frameRate=-4.0, this=android.webkit.WebView{ef79206 VFEDHVC.. ........ 0,0-1080,2340 aid=1073741825}, caller=android.view.ViewGroup.setRequestedFrameRate:9952 WV.rf.o:1 WV.rg.h:118 WV.rg.onDraw:7 com.android.webview.chromium.WebViewChromium.onDraw:19 
02-08 00:19:47.376  4298  4298 I AODNotificationManager: updateNotification() 
02-08 00:19:47.378  1742  4937 I SnapAlloc: Using graphics libs for alignment calculations
02-08 00:19:47.380  1742  4937 I SnapAlloc: Using graphics libs for alignment calculations
02-08 00:19:47.383 18726 18726 I View    : setRequestedFrameRate frameRate=-4.0, this=android.webkit.WebView{ef79206 VFEDHVC.. ........ 0,0-1080,2340 aid=1073741825}, caller=android.view.ViewGroup.setRequestedFrameRate:9952 WV.rf.o:1 WV.rg.h:118 WV.rg.onDraw:7 com.android.webview.chromium.WebViewChromium.onDraw:19 
02-08 00:19:47.384  4298  4298 I AppIconSolution: return adaptive icon for com.free.vpn.super.hotspot.open, isNight = true
02-08 00:19:47.391 18726 18726 I View    : setRequestedFrameRate frameRate=-4.0, this=android.webkit.WebView{ef79206 VFEDHVC.. ........ 0,0-1080,2340 aid=1073741825}, caller=android.view.ViewGroup.setRequestedFrameRate:9952 WV.rf.o:1 WV.rg.h:118 WV.rg.onDraw:7 com.android.webview.chromium.WebViewChromium.onDraw:19 
02-08 00:19:47.399  4298  4298 W RefactorFlag: New code path expects SceneContainerFlag to be enabled.
02-08 00:19:47.400 18726 18726 I View    : setRequestedFrameRate frameRate=-4.0, this=android.webkit.WebView{ef79206 VFEDHVC.. ........ 0,0-1080,2340 aid=1073741825}, caller=android.view.ViewGroup.setRequestedFrameRate:9952 WV.rf.o:1 WV.rg.h:118 WV.rg.onDraw:7 com.android.webview.chromium.WebViewChromium.onDraw:19 
02-08 00:19:47.401 13198 12299 I TimeTracker_13198_12299: trackProcessAlive() called duration 3125, miill 1770506387401, start 1770318842749
02-08 00:19:47.402  4298  4298 D ExpandableNotifRow: mMaxSmallHeight different before reInflateViews mMaxSmallHeight: 203 mTempSmallHeight:0 0|com.free.vpn.super.hotspot.open|199|null|10648
02-08 00:19:47.402  4298  4298 D ExpandableNotifRow: mMaxSmallHeight different before reInflateViews mMaxSmallHeight: 203 mTempSmallHeight:0 0|com.free.vpn.super.hotspot.open|199|null|10648
02-08 00:19:47.402  4298  4298 D ExpandableNotifRow: mMaxSmallHeight different before reInflateViews mMaxSmallHeight: 203 mTempSmallHeight:0 0|com.free.vpn.super.hotspot.open|199|null|10648
02-08 00:19:47.402  4298  4298 D ExpandableNotifRow: mMaxSmallHeight different before reInflateViews mMaxSmallHeight: 203 mTempSmallHeight:0 0|com.free.vpn.super.hotspot.open|199|null|10648
02-08 00:19:47.406  1241  1241 W keymint_tee: [WRN]begin req PARAMS: A32, BM2, PD64, 
02-08 00:19:47.408  1241  1241 D keymint_swd: keymint_swd keymint [WRN] (km_add_tag:528) skip: non repetable tag already exists with different value: 268435458
02-08 00:19:47.408  1241  1241 D keymint_swd: keymint_swd keymint [WRN] (swd_run_cb:267) swd_begin() returns 0
02-08 00:19:47.408  1241  1241 D android.hardware.security.keymint-service: begin: ret 0
02-08 00:19:47.408  1237 10336 I keystore2: system/security/keystore2/src/security_level.rs:466 - In create_operation. Success to create IKeystoreOperation. 10243, None
02-08 00:19:47.409 18726 18726 I View    : setRequestedFrameRate frameRate=-4.0, this=android.webkit.WebView{ef79206 VFEDHVC.. ........ 0,0-1080,2340 aid=1073741825}, caller=android.view.ViewGroup.setRequestedFrameRate:9952 WV.rf.o:1 WV.rg.h:118 WV.rg.onDraw:7 com.android.webview.chromium.WebViewChromium.onDraw:19 
02-08 00:19:47.410  1241  1241 D keymint_swd: keymint_swd keymint [WRN] (swd_run_cb:267) swd_update() returns 0
02-08 00:19:47.410  1241  1241 D android.hardware.security.keymint-service: update: ret 0
02-08 00:19:47.410  1241  1241 D keymint_swd: keymint_swd keymint [WRN] (swd_run_cb:267) swd_finish() returns 0
02-08 00:19:47.410  1241  1241 D android.hardware.security.keymint-service: finish: ret 0
02-08 00:19:47.410  4298  4298 I AppIconSolution: return adaptive icon for com.free.vpn.super.hotspot.open, isNight = true
02-08 00:19:47.410  1861  2163 I CompositionEngine: [setDisplaySize] size=(434, 42)
02-08 00:19:47.412  1241  1241 W keymint_tee: [WRN]begin req PARAMS: A32, BM2, PD64, 
02-08 00:19:47.414  1241  1241 D keymint_swd: keymint_swd keymint [WRN] (km_add_tag:528) skip: non repetable tag already exists with different value: 268435458
02-08 00:19:47.414  1241  1241 D keymint_swd: keymint_swd keymint [WRN] (swd_run_cb:267) swd_begin() returns 0
02-08 00:19:47.414  1241  1241 D android.hardware.security.keymint-service: begin: ret 0
02-08 00:19:47.414  1237 10336 I keystore2: system/security/keystore2/src/security_level.rs:466 - In create_operation. Success to create IKeystoreOperation. 10243, None
02-08 00:19:47.414  1241  1241 D keymint_swd: keymint_swd keymint [WRN] (swd_run_cb:267) swd_update() returns 0
02-08 00:19:47.414  1241  1241 D android.hardware.security.keymint-service: update: ret 0
02-08 00:19:47.415  1241  1241 D keymint_swd: keymint_swd keymint [WRN] (swd_run_cb:267) swd_finish() returns 0
02-08 00:19:47.415  1241  1241 D android.hardware.security.keymint-service: finish: ret 0
02-08 00:19:47.417 18726 18726 I View    : setRequestedFrameRate frameRate=-4.0, this=android.webkit.WebView{ef79206 VFEDHVC.. ........ 0,0-1080,2340 aid=1073741825}, caller=android.view.ViewGroup.setRequestedFrameRate:9952 WV.rf.o:1 WV.rg.h:118 WV.rg.onDraw:7 com.android.webview.chromium.WebViewChromium.onDraw:19 
02-08 00:19:47.420 13198 13269 I ScreenReceiver_13198_13269: onReceive() called with: context = com.xiaomi.fitness.FitnessApp@c5c91fd, intent = Intent { act=android.intent.action.USER_PRESENT flg=0x24200010 xflg=0x4 }
02-08 00:19:47.421 18188 18188 I Rubin   : [2] com.samsung.android.rubin.inferenceengine.contextanalytics.engine.loggers.x.onReceive(Unknown Source) : Action=android.intent.action.USER_PRESENT
02-08 00:19:47.421 12298 12298 I IC_Service[1.2.95]: onReceive() IcDeviceStateListener got: android.intent.action.USER_PRESENT
02-08 00:19:47.421 13198 13198 I NotifySyncService_13198_13198: mFindPhoneReceiver  action:android.intent.action.USER_PRESENT pid:13198
02-08 00:19:47.421 13198 13198 I NotifySyncService_13198_13198: mFindPhoneReceiver  stop  did:2100579394
02-08 00:19:47.421 13198 13198 I FindPhone_13198_13198: stop isPlaying:null mMediaPlayer:null
02-08 00:19:47.421 12298 12324 I IC_DeviceHandler[1.2.95]: DeviceHandler, get message : MSG_USER_PRESENT
02-08 00:19:47.423  2609  7073 D SGM:GameManager: identifyGamePackage. org.allma.allma_prime, mCurrentUserId: 0, callingMethodInfo: com.samsung.android.game.IGameManagerService$Stub.onTransact(IGameManagerService.java:247)
02-08 00:19:47.424  2609  7073 I AppWidgetServiceImpl: getInstalledProvidersForProfiles lock in com.sec.android.daemonapp
02-08 00:19:47.424  2609  7073 I AppWidgetServiceImpl: getInstalledProvidersForProfiles lock exit 6
02-08 00:19:47.425 18726 18726 I View    : setRequestedFrameRate frameRate=-4.0, this=android.webkit.WebView{ef79206 VFEDHVC.. ........ 0,0-1080,2340 aid=1073741825}, caller=android.view.ViewGroup.setRequestedFrameRate:9952 WV.rf.o:1 WV.rg.h:118 WV.rg.onDraw:7 com.android.webview.chromium.WebViewChromium.onDraw:19 
02-08 00:19:47.426  4298  4298 D KeyguardSecIndicationPolicy:  remove Item pos = DEFAULT                             , id = 18135, 
02-08 00:19:47.426  4298  4298 D KeyguardSecIndicationPolicy:  remove Item pos = DEFAULT                             , id = 18138, 
02-08 00:19:47.427  4298  4298 W RefactorFlag: New code path expects SceneContainerFlag to be enabled.
02-08 00:19:47.427  2609  2758 I AppWidgetServiceImpl: handleSaveMessage 0
02-08 00:19:47.427  4298  4298 D ExpandableNotifRow: mMaxSmallHeight different before reInflateViews mMaxSmallHeight: 203 mTempSmallHeight:0 0|com.free.vpn.super.hotspot.open|199|null|10648
02-08 00:19:47.427  4298  4298 D ExpandableNotifRow: mMaxSmallHeight different before reInflateViews mMaxSmallHeight: 203 mTempSmallHeight:0 0|com.free.vpn.super.hotspot.open|199|null|10648
02-08 00:19:47.428 25128 25128 W fbservices:InitStatus: Not blocking Service (174641689)
02-08 00:19:47.429  4298  4298 I LockscreenNotificationIconsOnlyController: onNotificationInfoUpdated 0
02-08 00:19:47.429  4298  4298 I AODNotificationManager: updateNotification() 
02-08 00:19:47.431 18188 18378 I Rubin   : [1439] com.samsung.android.rubin.inferenceengine.contextanalytics.engine.monitors.moment.exercise.ExercisingWithCmhMonitor.isSatisfiedByCmh(Unknown Source) : isSatisfiedByCmh is false
02-08 00:19:47.434 21949 21949 I [WEATHER]SourceFile: {[E26702849EBFCF17DF1D96E14295A03EF957558AA3146C39DE858FF31106FB3A1DA5236AAD2410E375375EF3325C5B092E6E37B1C68B2446BE76DC0D6B2D92E86BB1B129D49B3E6B7E1111147AE87FD195E4E8301ABC6A30216FD798CE492E85]}
02-08 00:19:47.434 18726 18726 I View    : setRequestedFrameRate frameRate=-4.0, this=android.webkit.WebView{ef79206 VFEDHVC.. ........ 0,0-1080,2340 aid=1073741825}, caller=android.view.ViewGroup.setRequestedFrameRate:9952 WV.rf.o:1 WV.rg.h:118 WV.rg.onDraw:7 com.android.webview.chromium.WebViewChromium.onDraw:19 
02-08 00:19:47.440  2609  3913 I ActivityManager: Changes in 10243 11 to 11, 0 to 128
02-08 00:19:47.440  2609  2759 D CompatChangeReporter: Compat change id reported: 151861875; UID 15010210; state: ENABLED
02-08 00:19:47.441 21949 21949 I Choreographer: Skipped 38 frames!  The application may be doing too much work on its main thread.
02-08 00:19:47.441 21949 21949 I [WEATHER]SourceFile: {[59682FFB40DA8060A52AE78B14923E5C0398A67EB4786D5B3837A16BF66D4BCAFE42BC4DB976ACFC6FC0F4B1ADC050DF]}
02-08 00:19:47.441 21949 21949 I [WEATHER]: InitNetworkApi
02-08 00:19:47.442 21949 21949 I [WEATHER]SourceFile: {[5CAEC63DB7B89B740F5D2E5F13D44DE197100659505B3A01404F59ADFF32AF776B2253EA606C3E5E338CF7CFECE32812]}
02-08 00:19:47.442 18726 18726 I View    : setRequestedFrameRate frameRate=-4.0, this=android.webkit.WebView{ef79206 VFEDHVC.. ........ 0,0-1080,2340 aid=1073741825}, caller=android.view.ViewGroup.setRequestedFrameRate:9952 WV.rf.o:1 WV.rg.h:118 WV.rg.onDraw:7 com.android.webview.chromium.WebViewChromium.onDraw:19 
02-08 00:19:47.443 21949 21949 W [WEATHER]SourceFile: {[58A8B26E3D610BFD4721B3E38ADA95AA1F08BBD0139BAC85AAE89532C462DE7A6C4E2E2A38878C48232A2005F20501DE127D0620395988E441379E8635AE9C5F]}
02-08 00:19:47.443 21949 21949 W [WEATHER]SourceFile: {[AACA65548502EBBDC8C7F48D2825A8DF6635B169E7C08B5DCFF74CF845B898AE578FC5A2128B2D91593EF97D428B22489035B64948CAAD45BBE66D6D1A7E969E]}
02-08 00:19:47.443 21949 21949 E SystemServiceRegistry: create SemLocationManager service
02-08 00:19:47.446  2609  7060 D SLocation: SLocation - removeGeofences com.sec.android.daemonapp
02-08 00:19:47.450  3784 22008 I NearbyMediums: ModuleInitializer handles incoming intent android.intent.action.USER_PRESENT
02-08 00:19:47.451 18726 18726 I View    : setRequestedFrameRate frameRate=-4.0, this=android.webkit.WebView{ef79206 VFEDHVC.. ........ 0,0-1080,2340 aid=1073741825}, caller=android.view.ViewGroup.setRequestedFrameRate:9952 WV.rf.o:1 WV.rg.h:118 WV.rg.onDraw:7 com.android.webview.chromium.WebViewChromium.onDraw:19 
02-08 00:19:47.451  3784 22005 I TapAndPay: deviceSupportsTokenization: private profile [CONTEXT service_id=79 ]
02-08 00:19:47.452  2609  7060 D SLocation: GeofenceManager - removeGeofence by cityId%3Acurrent, com.sec.android.daemonapp
02-08 00:19:47.452  2609  7060 D SLocation: GeofenceManager - fail to removeGeofence, client data is null, cityId%3Acurrent, com.sec.android.daemonapp
02-08 00:19:47.452  2609  7060 D SLocation: SLocation - removeGeofences end com.sec.android.daemonapp -3
02-08 00:19:47.452 21949 21949 W WPS     : failed to remove geofence key: cityId:current result: -3
02-08 00:19:47.453 21949 21949 W [WEATHER]SourceFile: {[46D4D5036BDDA027CBB191F647A534EEFAB0356F942C140806B6D7C2560FA2303E52854AD5B1168446A56571EB886BB9F23D3BBF3BC6CAF1486D318C4478ACDF]}
02-08 00:19:47.453 21949 21949 W [WEATHER]SourceFile: {[14FC182B7D84CEC4D6D23664FB4160F29F8CB455A1E8CEEC7E37B01CC113D47DCD377C5DD2749C85483DAFCCF0977EE65EE4F7771A79F326F0DAD283E47535B2]}
02-08 00:19:47.453 21949 21949 E [WEATHER]: Only supported on SEP17.5 or above.
02-08 00:19:47.454  3784  3784 I RCNIntentOperation: RCN is disabled on this network.
02-08 00:19:47.455  1614  1614 D Zygote  : Forked child process 22014
02-08 00:19:47.455 21949 21990 W [WEATHER]SourceFile: {[A08BA6851A213021D5F82BBB338225EB897EC186AC45D639653CBD5F2F2CC862EEDBA57770EFB92DDE1596CD2EB1B9AB737252565B72C7056E83F19C033C31257FE7DC8E59103DD72B79017002F8AC96]}
02-08 00:19:47.455  2609  2760 I ActivityManager: Start proc 22014:com.samsung.android.privateaccesstokens/u150a210 for broadcast {com.samsung.android.privateaccesstokens/com.samsung.android.privateaccesstokens.components.receivers.PatReceiver}
02-08 00:19:47.455 21949 21990 E [WEATHER]SourceFile: {[4D63BA3A7171858DA5D3F9375C43492DDF25E5A1AD7D8FEF26A2A3C27FCA533645F81B5C97AD32F6DE1997D8427A3FBDEA6CE8D21BB55B17070980633BBCB9E8]}
02-08 00:19:47.455  2609  2760 I ActivityManager: ProcessObserver broadcast disabled
02-08 00:19:47.456 21949 21949 I [WEATHER]SourceFile: {[6B51E1BC241DAA63BF9EF648EB409F62E2D7979E7BFDEE3D3E90B39C1B8694DCCB76730526972689189F3467232F5F47FDE53E2C3BD6C5633ADB1B53DB6CB23B]}
02-08 00:19:47.456 21949 21949 I [WEATHER]SourceFile: {[0760F1CA2EBE9795FF9A185E46C02F8A98F4E3AA12A58A0B1D43739FC0FEA5685747904652BE7E4C91F38E86F1276DC7122D808D07AAD86E6DE8F67EC272DD29FC7320DB46B335D628D1825FBE93752F6F4E0741F6C4A7FEF305A40E3C45B9490B33CF7F7BB454272984C411EB96B85100BFBE58A41894F199BB756AB0E44C2A1E26DD9EBFE6475FEB2E02D911628AB44663F703454F86D92B18E2CA93C642479278BF7A97950E3AF36D4938CBCAB84D4B220793FB69C55DD2AD1456831EA3411E07CD1B2F9541C8EAB6E6BE3676082C0C921A090D588C3AB1E2962ADCA03E250B745156290DAD7E17BEFAE771505366]}
02-08 00:19:47.459 18726 18726 I View    : setRequestedFrameRate frameRate=-4.0, this=android.webkit.WebView{ef79206 VFEDHVC.. ........ 0,0-1080,2340 aid=1073741825}, caller=android.view.ViewGroup.setRequestedFrameRate:9952 WV.rf.o:1 WV.rg.h:118 WV.rg.onDraw:7 com.android.webview.chromium.WebViewChromium.onDraw:19 
02-08 00:19:47.460 21949 21949 I WPS     : NLP : false / GPS : false
02-08 00:19:47.460  2609  7073 D SLocation: SLocation - isAvailable 7
02-08 00:19:47.460  2609  7073 D SLocation: SLocation - isAvailable end 7 true
02-08 00:19:47.461 21949 21949 I [WEATHER]SourceFile: {[E1621FD313E13754D1C1F9D2BE67650BB85F1DB1A1A2159D8BCF0C06E1FD2C4C2820713610D1E5129CE711B7445AB307566F0811233F9B54FBAB78623D7A559006C19E2C6FD81A8EC29EDA57BAAE85401C100AB7CF4918493BDB82727D88E7F2CDB9544F9D2B84C7D1327A8CBA6C3DC773242DED3019BCB8E703BD15DC03639BE96759DE3222233D0B76A4E5A9C8E47EA04805257222E5BC71605F7039F8B7731F99FB28531E36946F0BC35C8845A994DEFB25566A63925C9D1EBCB86A8E98D9]}
02-08 00:19:47.461 21949 21949 I SamsungAnalytics605073: Tracker start:6.05.073
02-08 00:19:47.461 21949 21949 I [WEATHER]SourceFile: {[C87F748D3E09D031296D0B45C9728D50202C0DF12AF70999F3BCF1BF64FE1B4CED1BC5E4C72DB2FAE312BF39E09ACF39]}
02-08 00:19:47.461 21949 21949 E [WEATHER]SourceFile: {[2621BF139073225E5FC2688ED6A1A9617047640922AAC5E448C2036FF8CBA8D42665BC469ECAA779E16ADA0BB095BF6008EA72F0491194D207A65D90BABF13EB5B013AAF70F8AA50AC4BC1927869F6AC]}
02-08 00:19:47.461 21949 21949 W [WEATHER]SourceFile: {[7D9BC303D97E3EC4DB89DC0CC5B72DDD6E3F4DB67313F83A17CAC797F1DAD11221F1BDFFDDFA10165BC8C44B2DF8B2606F799D9506A5DA57693FE160ABC66A4F]}
02-08 00:19:47.462 21949 21949 I RunestoneSDK: [1.3.11]Called module : V15RunestoneStateModule -> getRunestoneState(Unknown Source:20)
02-08 00:19:47.463  2609  7060 I ActivityManager: Changes in 10111 10 to 10, 0 to 128
02-08 00:19:47.463  2609  7060 I ActivityManager: Changes in 5017 10 to 10, 0 to 128
02-08 00:19:47.465 18188 18230 I Rubin   : [1422] com.samsung.android.rubin.controller.provider.RubinStateProvider.call(Unknown Source) : RubinStateProvider : method = getRubinState
02-08 00:19:47.467 18726 18726 I View    : setRequestedFrameRate frameRate=-4.0, this=android.webkit.WebView{ef79206 VFEDHVC.. ........ 0,0-1080,2340 aid=1073741825}, caller=android.view.ViewGroup.setRequestedFrameRate:9952 WV.rf.o:1 WV.rg.h:118 WV.rg.onDraw:7 com.android.webview.chromium.WebViewChromium.onDraw:19 
02-08 00:19:47.468 18188 18230 I Rubin   : [1422] com.samsung.android.rubin.controller.provider.RubinStateProvider.call(Unknown Source) : RubinStateProvider : watch state = -2
02-08 00:19:47.469 18188 18230 I Rubin   : [1422] com.samsung.android.rubin.controller.provider.RubinStateProvider.b(Unknown Source) : Is alternative Agreement : true
02-08 00:19:47.470 21418 21418 D BoundBrokerSvc: onBind: Intent { act=com.google.android.gms.auth.cryptauth.cryptauthservice.START dat=chimera-action:/... xflg=0x4 cmp=com.google.android.gms/.chimera.GmsBoundBrokerService }
02-08 00:19:47.470 21418 21418 D BoundBrokerSvc: Loading bound service for intent: Intent { act=com.google.android.gms.auth.cryptauth.cryptauthservice.START dat=chimera-action:/... xflg=0x4 cmp=com.google.android.gms/.chimera.GmsBoundBrokerService }
02-08 00:19:47.471 21949 21949 E RunestoneSDK: Bundle parsing error : Not exist key : isCriticalUpdateNeeded for isCriticalUpdateNeeded
02-08 00:19:47.471 21949 21949 I [WEATHER]SourceFile: {[6E099A6F08D647829A2B7E3CFA1CA20DA12453F944A27016475E0EE04A441065F44CB9FA9719335CC27A008296A88DCE620AE0762D0F5AAF4F89998C742EAE74]}
02-08 00:19:47.472 21949 21991 I RunestoneSDK: [1.3.11]Called module : V30ContextFenceInformation -> getRegisteredContextFenceList(Unknown Source:18)
02-08 00:19:47.472 21949 21949 I [WEATHER]SourceFile: {[29474327C788D2F294A0AEB6F71A7368D755DA9364FAA1BB39460DA2606544886BCA5FF56CB03F878B91A1F4D83D44AA0163195865CE3EE95AEF80C21FE6F010]}
02-08 00:19:47.472 22014 22014 I ateaccesstokens: Using CollectorTypeCMC GC.
02-08 00:19:47.473  2609  7060 I ActivityManager: Changes in 10243 11 to 19, 128 to 0
02-08 00:19:47.473  2609  7060 I ActivityManager: Changes in 10111 10 to 10, 128 to 0
02-08 00:19:47.473  2609  7060 I ActivityManager: Changes in 5017 10 to 10, 128 to 0
02-08 00:19:47.473 21949 21980 I [WEATHER]SourceFile: {[62AE2B7ACF1529E1666A9A28C8CD587FBEF72E545A0E924A7A3F1D00F4739F54E2257C26F70AF5711B0BE9C11A07CA29]}
02-08 00:19:47.473 21949 21980 I [WEATHER]SourceFile: {[93BE765BC3D47A5E8FDEA7532C8658C67F54949D27393A96890F85430D6536FBC7C781F6BA520109EC94B05D6263C4B3]}
02-08 00:19:47.474 18188 18230 I Rubin   : [1422] L4.b.call(Unknown Source) : Method : get_registered_context_fences, Calling Package - com.sec.android.daemonapp
02-08 00:19:47.475 18188 18230 I AccessController: isAllowedPackage - com.sec.android.daemonapp is allowed to access
02-08 00:19:47.475 18726 18726 I View    : setRequestedFrameRate frameRate=-4.0, this=android.webkit.WebView{ef79206 VFEDHVC.. ........ 0,0-1080,2340 aid=1073741825}, caller=android.view.ViewGroup.setRequestedFrameRate:9952 WV.rf.o:1 WV.rg.h:118 WV.rg.onDraw:7 com.android.webview.chromium.WebViewChromium.onDraw:19 
02-08 00:19:47.476 21418 22011 I GmsCoreXrpcWrapper: (REDACTED) Creating a custom channel provider with trafficStatsTag=%d trafficStatsUid=%d
02-08 00:19:47.476 18188 18230 I AccessController: isSupportedApps - com.sec.android.daemonapp is enalbed true
02-08 00:19:47.476 22014 22014 E ateaccesstokens: Not starting debugger since process cannot load the jdwp agent.
02-08 00:19:47.477  2609  3913 D BiometricService: canAuthenticate: User=150, Caller=150, Authenticators=255
02-08 00:19:47.477  2609  3913 D BiometricService/PreAuthInfo: create: false, true, false, ff, 0
02-08 00:19:47.477  2609  3913 D BiometricService/PreAuthInfo: Package: com.google.android.gms Sensor ID: 0 Modality: 2 User id: 150 Status: 7
02-08 00:19:47.477  2609  3913 I FaceService: isHardwareDetected called from pid=2609[1] 
02-08 00:19:47.477  2609  3913 I FaceService: hasEnrolledFaces called from pid=2609[150][1] , size = 0
02-08 00:19:47.477  2609  3913 D BiometricService/PreAuthInfo: Package: com.google.android.gms Sensor ID: 1 Modality: 8 User id: 150 Status: 7
02-08 00:19:47.477  2609  3913 D BiometricService/PreAuthInfo: getCanAuthenticateInternal Modality: 8 AuthenticatorStatus: 7
02-08 00:19:47.477  2609  3913 D AuthService: canAuthenticate, userId: 150, callingUserId: 150, authenticators: 255, result: 11
02-08 00:19:47.481 21949 21980 I [WEATHER]SourceFile: {[9EDBEA40220BD9049A3A5F3A3D99B42F41330BEFE42858A5CBB24874355466E8B117AC05C0C7B463F13BE4563C48E1C53C7CBE6F4BBC907B1DC550CCBEA94DD5A23654396E59E2624B1DFDC9739EBC113CAC3DCD31C07163B7D8478B74A39A26D9AC5560AB433ED0E71371DA7F6815FB]}
02-08 00:19:47.481 21949 21949 I [WEATHER_NETWORK]: init provider:TheWeatherChannel countryCode:IT salesCode:EUX
02-08 00:19:47.482  1241  1241 W keymint_tee: [WRN]begin req PARAMS: A32, BM2, PD64, 
02-08 00:19:47.482 21949 21949 I [WEATHER]SourceFile: {[A0CC04DC531E81F2D5F044357A8B9568388C8CA82A2B2699208B64B9A353067E7F6523028EDA88AF26FA039AF86856844E9512407D6C198D7B49B034415AA892F5457687A825244C10816C412282AC7A]}
02-08 00:19:47.482 21949 21949 I [WEATHER]SourceFile: {[A0CC04DC531E81F2D5F044357A8B95680AFE2E2003B2D99F315E0FA91107EB9E8BB77EE32C9034E8E09FDD884C4100082D770D82CFF91492BB184825B0E7D0CD64816AA4102BB4ACA3EE236425D8B13A]}
02-08 00:19:47.482 21949 21949 I [WEATHER]SourceFile: {[A0CC04DC531E81F2D5F044357A8B95684DAF7D4B69E4C3305D7EBC22D7892EAFEF44747EF535690928171F2057457B7DCA31F62ADA2255B65BA45964DB42437E0D7D403D7DB4788DAC224F01F710EF1F]}
02-08 00:19:47.482 21949 21949 I [WEATHER]SourceFile: {[A0CC04DC531E81F2D5F044357A8B9568ED749D916C6EDB955B9C213F0EBA014E770C9DDBD76890D3D115E3966EC91F5C]}
02-08 00:19:47.482 21949 21949 I [WEATHER]SourceFile: {[A0CC04DC531E81F2D5F044357A8B9568C54A14CC1C3156A72200168FF1F0F9D49B81C01A821C859114AF41D5D5FCEA5E]}
02-08 00:19:47.482 21949 21949 W [WEATHER]SourceFile: {[A0CC04DC531E81F2D5F044357A8B95683B532258A96E112B328F1F1A2F3181DFDE9F59226739AD17F7B17D19A361D871]}
02-08 00:19:47.483 18726 18726 I View    : setRequestedFrameRate frameRate=-4.0, this=android.webkit.WebView{ef79206 VFEDHVC.. ........ 0,0-1080,2340 aid=1073741825}, caller=android.view.ViewGroup.setRequestedFrameRate:9952 WV.rf.o:1 WV.rg.h:118 WV.rg.onDraw:7 com.android.webview.chromium.WebViewChromium.onDraw:19 
02-08 00:19:47.484  2609  7060 D BiometricService: canAuthenticate: User=150, Caller=150, Authenticators=65536
02-08 00:19:47.484  2609  7060 D BiometricService/PreAuthInfo: create: false, false, false, 0, 0
02-08 00:19:47.484  2609  7060 D BiometricService/PreAuthInfo: getCanAuthenticateInternal Modality: 0 AuthenticatorStatus: 13
02-08 00:19:47.484  2609  7060 D AuthService: canAuthenticate, userId: 150, callingUserId: 150, authenticators: 65536, result: 20
02-08 00:19:47.484  2609  7060 D BiometricService: canAuthenticate: User=150, Caller=150, Authenticators=15
02-08 00:19:47.484  2609  7060 D BiometricService/PreAuthInfo: create: false, true, false, f, 0
02-08 00:19:47.484  2609  7060 D BiometricService/PreAuthInfo: Package: com.google.android.gms Sensor ID: 0 Modality: 2 User id: 150 Status: 7
02-08 00:19:47.484  2609  7060 D BiometricService/PreAuthInfo: Package: com.google.android.gms Sensor ID: 1 Modality: 8 User id: 150 Status: 4
02-08 00:19:47.484  2609  7060 D BiometricService/PreAuthInfo: getCanAuthenticateInternal Modality: 2 AuthenticatorStatus: 7
02-08 00:19:47.484  2609  7060 D AuthService: canAuthenticate, userId: 150, callingUserId: 150, authenticators: 15, result: 11
02-08 00:19:47.485  1241  1241 D keymint_swd: keymint_swd keymint [WRN] (km_add_tag:528) skip: non repetable tag already exists with different value: 268435458
02-08 00:19:47.485  1241  1241 D keymint_swd: keymint_swd keymint [WRN] (swd_run_cb:267) swd_begin() returns 0
02-08 00:19:47.485  1241  1241 D android.hardware.security.keymint-service: begin: ret 0
02-08 00:19:47.486  1237 10336 I keystore2: system/security/keystore2/src/security_level.rs:466 - In create_operation. Success to create IKeystoreOperation. 10243, None
02-08 00:19:47.486  5491  5581 V OsAgent : broadcastSystemEvent - 7
02-08 00:19:47.487 21949 21949 I [WEATHER]SourceFile: {[9F1AB136D0E35F93875E93822A8D5888FD25C702D7346FCE5F17F93CA7418BF4E964E23CE665E48DAAF760BFC03E7E14F497364AE931F56BEFA2B3FE95A79269]}
02-08 00:19:47.487  1241  1241 D keymint_swd: keymint_swd keymint [WRN] (swd_run_cb:267) swd_update() returns 0
02-08 00:19:47.487  1241  1241 D android.hardware.security.keymint-service: update: ret 0
02-08 00:19:47.487 21949 21949 I [WEATHER]SourceFile: {[5FA262F5249E067FE7FC39612530AD24]}
02-08 00:19:47.487 21949 21949 I [WEATHER]SourceFile: {[E82A14B77EEB0EC66040B2C662ACB4B502B2FE59CE7674413189BF51E8D6572B2DD086403A75A98DEED631FA7EE73CA09C288E8E0FD0BF8D5C06D19920723E0E296E4F5117F2164C5C00E3196F863979F9B82A280C51CBA53ACC1B70C30FC295]}
02-08 00:19:47.487 21949 21981 I [WEATHER]SourceFile: {[614498584ADCFE0FEB2BE2E98670E438A245B2D5C6597A36DD689802B6D80709]}
02-08 00:19:47.487  2609  7060 D PackageManager: setEnabledSetting : userId = 0 packageName = com.sec.android.daemonapp cmp = com.sec.android.daemonapp.appwidget.WeatherInsightAppWidget newState = 1 callingPackage = com.sec.android.daemonapp
02-08 00:19:47.487  2609  7060 D ApplicationPolicy: getApplicationStateEnabled : pkg = com.sec.android.daemonapp userId : 0
02-08 00:19:47.487  1241  1241 D keymint_swd: keymint_swd keymint [WRN] (swd_run_cb:267) swd_finish() returns 0
02-08 00:19:47.487  1241  1241 D android.hardware.security.keymint-service: finish: ret 0
02-08 00:19:47.487  2609  7060 D ApplicationPolicy: getApplicationComponentState : pkg = com.sec.android.daemonapp userId : 0
02-08 00:19:47.487 21949 21981 I [WEATHER]SourceFile: {[4E44982ECAB13E018DEFD40B844526C70635482395C8D217A7C335ABAB22E4AD]}
02-08 00:19:47.488 21949 21981 I [WEATHER]SourceFile: {[4E44982ECAB13E018DEFD40B844526C781D5234C896A20019B5E9D82D88EB766]}
02-08 00:19:47.488 21949 21981 I [WEATHER]SourceFile: {[E34FBBA1B8B74F6B24935E5DDE2B6576F7AA6E01AC5E25B07438389F8C83030205B1253447C2A2927BC375A9499A43E2]}
02-08 00:19:47.488 21949 21981 I [WEATHER]SourceFile: {[614498584ADCFE0FEB2BE2E98670E438E3D1A4715BA9219F8DCF0C77B5BEFD97C610F58C521F4DA3183E8B40C20AC755]}
02-08 00:19:47.488 18188 18230 I Rubin   : [1422] J4.a.l(Unknown Source) : Reusing the existing key
02-08 00:19:47.488 21949 21981 I [WEATHER]SourceFile: {[65E68E192F39FB0E469B0F807BAF7557750B54B647F92D632D0D84F5B61B136C18EBFA1A6055E866CED8A170D0BA526B]}
02-08 00:19:47.489 21949 21981 I [WEATHER]SourceFile: {[1B2C19D22931CB21294DE7EA545EA1825DE9E3766393AFCFD8C5B9724E16C6B7]}
02-08 00:19:47.489 21949 21949 I [WEATHER]SourceFile: {[E82A14B77EEB0EC66040B2C662ACB4B502B2FE59CE7674413189BF51E8D6572B2DD086403A75A98DEED631FA7EE73CA09C288E8E0FD0BF8D5C06D19920723E0EC09AD228D0ED8744824637152602DF93DB4DF2063E8A0FFFDDBF8EBA75D85E76]}
02-08 00:19:47.489  2609  3913 D PackageManager: setEnabledSetting : userId = 0 packageName = com.sec.android.daemonapp cmp = com.sec.android.daemonapp.appwidget.WeatherNewsAppWidget newState = 2 callingPackage = com.sec.android.daemonapp
02-08 00:19:47.489 21949 21981 I [WEATHER]SourceFile: {[301763CE618DEF1AA71FD3D7C945DCBE3478E5527AA259C0B795338748C4F506D084153D6B86E536C8ABF198F2867662]}
02-08 00:19:47.489 21949 21981 I [WEATHER]SourceFile: {[301763CE618DEF1AA71FD3D7C945DCBE3C408BAB348D2B516E2ECF927DF2AF7D2602DB70A115B12888C3BB22B276433C]}
02-08 00:19:47.489 21949 21949 I [WEATHER]SourceFile: {[E82A14B77EEB0EC66040B2C662ACB4B502B2FE59CE7674413189BF51E8D6572B2DD086403A75A98DEED631FA7EE73CA09781F565237DCCDEF2288C3CF3E7525910A3625CA3A42803213A48D1DE9166B418E7C58E7D05B0331DEE215581BF3C24]}
02-08 00:19:47.489 21949 21981 I [WEATHER]SourceFile: {[2D0B70D783B30825AF6258DF105C4C66EA95D6496579097E283A173058F5E807]}
02-08 00:19:47.489  2609  7073 D PackageManager: setEnabledSetting : userId = 0 packageName = com.sec.android.daemonapp cmp = com.sec.android.daemonapp.complication.receiver.ComplicationAirQualityReceiver newState = 1 callingPackage = com.sec.android.daemonapp
02-08 00:19:47.489  2609  7073 D ApplicationPolicy: getApplicationStateEnabled : pkg = com.sec.android.daemonapp userId : 0
02-08 00:19:47.489  2609  7073 D ApplicationPolicy: getApplicationComponentState : pkg = com.sec.android.daemonapp userId : 0
02-08 00:19:47.490 21949 21981 I [WEATHER]SourceFile: {[57AA676E759F8AD3CE9C26CFD15D6C46C7149A7DC28C9E25723B889968DB7A51]}
02-08 00:19:47.490 21418 22011 W MDM     : [1461] cwoc.d: No accounts found for FMD API
02-08 00:19:47.490 21949 21981 I [WEATHER]SourceFile: {[57AA676E759F8AD3CE9C26CFD15D6C466F53C1AA0D30425E99F5E996B260CD05A64EB315AC2727104A656234741C2E11]}
02-08 00:19:47.490 21949 21949 I [WEATHER]SourceFile: {[E82A14B77EEB0EC66040B2C662ACB4B502B2FE59CE7674413189BF51E8D6572B2DD086403A75A98DEED631FA7EE73CA09781F565237DCCDEF2288C3CF3E75259B85ECFAFF1668D41D63B062A45E09176EF2CA188D2FE4D17599F8C854D037C89]}
02-08 00:19:47.490 21949 21981 I [WEATHER]SourceFile: {[2A6EBD045D21B0B1ABC7BF888AAA2D983B0A475AC4098C293FB1E8792CBC1DA327560D0011A7FA0CE5A005DA27F56241]}
02-08 00:19:47.490  2609  7060 D PackageManager: setEnabledSetting : userId = 0 packageName = com.sec.android.daemonapp cmp = com.sec.android.daemonapp.complication.receiver.ComplicationFineDustReceiver newState = 2 callingPackage = com.sec.android.daemonapp
02-08 00:19:47.490 21949 21981 I [WEATHER]SourceFile: {[253CC6286118D178D5A4B4839F7B02BBCD5D349D90EB4E959580EE388A194A74969099915DC5C1F0F86A557D8345C6DE]}
02-08 00:19:47.490 21949 21981 I [WEATHER]SourceFile: {[A5D475AE2B94AC2B54ACC0EF9D07575B24F0ABFA4D3B1EB59A55BFD614E4F1CB]}
02-08 00:19:47.490 21949 21949 I [WEATHER]SourceFile: {[59682FFB40DA8060A52AE78B14923E5C0398A67EB4786D5B3837A16BF66D4BCAFE42BC4DB976ACFC6FC0F4B1ADC050DF]}
02-08 00:19:47.491 21949 21949 I [WEATHER]SourceFile: {[0C5E2ECA5BAC34206B62AF1C686B3C58FEF5F05DFA8E3E6A77431ECBCB5DA64372FD2BAA058BFE3C121455CBDBC9E0310D5AE80F39BD32469BEEBBECA548E6B8]}
02-08 00:19:47.492 18726 18726 I View    : setRequestedFrameRate frameRate=-4.0, this=android.webkit.WebView{ef79206 VFEDHVC.. ........ 0,0-1080,2340 aid=1073741825}, caller=android.view.ViewGroup.setRequestedFrameRate:9952 WV.rf.o:1 WV.rg.h:118 WV.rg.onDraw:7 com.android.webview.chromium.WebViewChromium.onDraw:19 
02-08 00:19:47.492 21949 21981 I [WEATHER]SourceFile: {[30FC779556ED46B02AEE27F08D2C6E0EF3C9F8F79F11336A67D3F23D58E70A7AD0C519AEB6B949A63251F4F7B56225A0]}
02-08 00:19:47.493 21949 21949 I [WEATHER]SourceFile: {[3C4F6753A095BD8AADCE5E5A4DE305ACB8ECCA9262E9CFC3404D2CC055363DCA0A06535554A724AB0F18E5A261CDDCE8]}
02-08 00:19:47.493 21949 21949 I [WEATHER]SourceFile: {[6EF61F063545C7ACC287E4099DF45385C18583B1019E97CB7750C193A1D849144648B1311E5BEB1FA89D326733F9A9CA7EA7E41F2608C3E7804735CD7089BE931289CBE274BC0D3CF213C1CB8585441D]}
02-08 00:19:47.493 21949 21981 I [WEATHER]SourceFile: {[9CEC1FC38BEF76DB3C49CC3E881E81979C1EF579FDB1C13B360C509D924A7249E658CF92E447C7AE68DC55EF66667046]}
02-08 00:19:47.494 21949 21981 I [WEATHER]SourceFile: {[2B0E7458F4F537095E4A229A32832220423B8F27EA15E3711D2CFF00AE74F9B912CBA710CD1C3D4107BD7D3DA297D71A]}
02-08 00:19:47.494 21949 21981 I [WEATHER]SourceFile: {[E12421F7E7AAD5E42A251E90A44BA10EAAE4D7F507E76BC254975587AD6E4DF2875D672D618A966A826CD0D44A3DA1E5]}
02-08 00:19:47.494 21949 21981 I [WEATHER]SourceFile: {[3BED9B2697AA2D5FE8DE28747F270AF1E1E06B2AA673600DA34843D74C78896E6813545C957358CF042F1A3799D30630]}
02-08 00:19:47.494 21949 21981 I [WEATHER]SourceFile: {[F5EDE423343846345E3A751BBA8BD1F466D5174E63F2AC4E9ACBB36B5B67E079]}
02-08 00:19:47.495 21949 21981 I [WEATHER]SourceFile: {[614498584ADCFE0FEB2BE2E98670E438A245B2D5C6597A36DD689802B6D80709]}
02-08 00:19:47.495 21949 21981 I [WEATHER]SourceFile: {[4E44982ECAB13E018DEFD40B844526C70635482395C8D217A7C335ABAB22E4AD]}
02-08 00:19:47.495  1241  1241 W keymint_tee: [WRN]begin req PARAMS: A32, BM2, PD64, 
02-08 00:19:47.496 21949 21981 I [WEATHER]SourceFile: {[4E44982ECAB13E018DEFD40B844526C781D5234C896A20019B5E9D82D88EB766]}
02-08 00:19:47.496 21949 21981 I [WEATHER]SourceFile: {[E34FBBA1B8B74F6B24935E5DDE2B6576F7AA6E01AC5E25B07438389F8C83030205B1253447C2A2927BC375A9499A43E2]}
02-08 00:19:47.496 21949 21981 I [WEATHER]SourceFile: {[614498584ADCFE0FEB2BE2E98670E438E3D1A4715BA9219F8DCF0C77B5BEFD97C610F58C521F4DA3183E8B40C20AC755]}
02-08 00:19:47.496 21949 21981 I [WEATHER]SourceFile: {[65E68E192F39FB0E469B0F807BAF7557750B54B647F92D632D0D84F5B61B136C18EBFA1A6055E866CED8A170D0BA526B]}
02-08 00:19:47.496 21949 21981 I [WEATHER]SourceFile: {[1B2C19D22931CB21294DE7EA545EA1825DE9E3766393AFCFD8C5B9724E16C6B7]}
02-08 00:19:47.496 21949 21981 I [WEATHER]SourceFile: {[301763CE618DEF1AA71FD3D7C945DCBE3478E5527AA259C0B795338748C4F506D084153D6B86E536C8ABF198F2867662]}
02-08 00:19:47.496  2609  7060 I AppWidgetServiceImpl: getInstalledProvidersForProfiles lock in com.sec.android.daemonapp
02-08 00:19:47.496  2609  7060 I AppWidgetServiceImpl: getInstalledProvidersForProfiles lock exit 15
02-08 00:19:47.497 21949 21981 I [WEATHER]SourceFile: {[301763CE618DEF1AA71FD3D7C945DCBE3C408BAB348D2B516E2ECF927DF2AF7D2602DB70A115B12888C3BB22B276433C]}
02-08 00:19:47.497 21949 21981 I [WEATHER]SourceFile: {[614498584ADCFE0FEB2BE2E98670E438A245B2D5C6597A36DD689802B6D80709]}
02-08 00:19:47.497  4298  4298 D KeyguardFace: shouldListenForFace ( isFaceDefaultCondition = false , isKeyguardVisible = false , isDeviceInteractive = true , mPrimaryBouncerFullyShown = false , isSwitchingUser = false , mIsDreamingForBiometrics = false , isGoingToSleep = false , isKeyguardGoingAway = true , mKeyguardUnlocking = false , isEarlyWakeUp = false , mIsScreenSaverRunning = false , mSystemReady = true , getUserUnlockedWithBiometric = false , isKeyguardShowing = false , isKeyguardOccluded = false , mHasFocus = false)
02-08 00:19:47.497  4298  4298 D KeyguardFace: shouldListenForFace ( return false, Face is not default condition)
02-08 00:19:47.497  4298  4298 D KeyguardFace: Can't stop stopListeningForFace(), mFaceRunningState = 0
02-08 00:19:47.497  1241  1241 D keymint_swd: keymint_swd keymint [WRN] (km_add_tag:528) skip: non repetable tag already exists with different value: 268435458
02-08 00:19:47.497  1241  1241 D keymint_swd: keymint_swd keymint [WRN] (swd_run_cb:267) swd_begin() returns 0
02-08 00:19:47.497  1241  1241 D android.hardware.security.keymint-service: begin: ret 0
02-08 00:19:47.497 21949 21981 I [WEATHER]SourceFile: {[4E44982ECAB13E018DEFD40B844526C70635482395C8D217A7C335ABAB22E4AD]}
02-08 00:19:47.497 21949 21981 I [WEATHER]SourceFile: {[4E44982ECAB13E018DEFD40B844526C781D5234C896A20019B5E9D82D88EB766]}
02-08 00:19:47.497  1237 10237 I keystore2: system/security/keystore2/src/security_level.rs:466 - In create_operation. Success to create IKeystoreOperation. 10243, None
02-08 00:19:47.498 21949 21981 I [WEATHER]SourceFile: {[E34FBBA1B8B74F6B24935E5DDE2B6576F7AA6E01AC5E25B07438389F8C83030205B1253447C2A2927BC375A9499A43E2]}
02-08 00:19:47.498 21949 21981 I [WEATHER]SourceFile: {[614498584ADCFE0FEB2BE2E98670E438E3D1A4715BA9219F8DCF0C77B5BEFD97C610F58C521F4DA3183E8B40C20AC755]}
02-08 00:19:47.498  1241  1241 W keymint_tee: [WRN]begin req PARAMS: A32, BM2, PD64, 
02-08 00:19:47.498 21949 21981 I [WEATHER]SourceFile: {[65E68E192F39FB0E469B0F807BAF7557750B54B647F92D632D0D84F5B61B136C18EBFA1A6055E866CED8A170D0BA526B]}
02-08 00:19:47.498 21949 21981 I [WEATHER]SourceFile: {[1B2C19D22931CB21294DE7EA545EA1825DE9E3766393AFCFD8C5B9724E16C6B7]}
02-08 00:19:47.498 21949 21981 I [WEATHER]SourceFile: {[301763CE618DEF1AA71FD3D7C945DCBE3478E5527AA259C0B795338748C4F506D084153D6B86E536C8ABF198F2867662]}
02-08 00:19:47.499 21949 21981 I [WEATHER]SourceFile: {[301763CE618DEF1AA71FD3D7C945DCBE3C408BAB348D2B516E2ECF927DF2AF7D2602DB70A115B12888C3BB22B276433C]}
02-08 00:19:47.499 21949 21981 I [WEATHER]SourceFile: {[31BB3E905FB011B4331521062EC1FC319F88C99724915368F9096C2E33F4B761C41D5149464DDD2DA1D92CB9D0C3BA94]}
02-08 00:19:47.499 21949 21981 I [WEATHER]SourceFile: {[2A6EBD045D21B0B1ABC7BF888AAA2D983B0A475AC4098C293FB1E8792CBC1DA327560D0011A7FA0CE5A005DA27F56241]}
02-08 00:19:47.499 21949 21949 I GWT:GAppWidgetManager: [daemonapp] getGlanceIdByProvider / class com.sec.android.daemonapp.home.HomeAppWidget
02-08 00:19:47.499 21949 21949 I GWT:GAppWidgetManager: [daemonapp] get receiver list / 0
02-08 00:19:47.500 21949 21981 I [WEATHER]SourceFile: {[253CC6286118D178D5A4B4839F7B02BBCD5D349D90EB4E959580EE388A194A74969099915DC5C1F0F86A557D8345C6DE]}
02-08 00:19:47.500 18726 18726 I View    : setRequestedFrameRate frameRate=-4.0, this=android.webkit.WebView{ef79206 VFEDHVC.. ........ 0,0-1080,2340 aid=1073741825}, caller=android.view.ViewGroup.setRequestedFrameRate:9952 WV.rf.o:1 WV.rg.h:118 WV.rg.onDraw:7 com.android.webview.chromium.WebViewChromium.onDraw:19 
02-08 00:19:47.500 21949 21949 I GWT:GlanceStateDefinition: [daemonapp] getDataStore: appWidget-2, file exist: false, PreferenceStateDefinition type: true
02-08 00:19:47.500 21949 21981 I [WEATHER]SourceFile: {[A5D475AE2B94AC2B54ACC0EF9D07575B24F0ABFA4D3B1EB59A55BFD614E4F1CB]}
02-08 00:19:47.500 21949 21949 I GWT:GlanceStateDefinition: [daemonapp] create PreferenceDataStore / appWidget-2 , CoroutineScope(coroutineContext=[y0{Active}@ab65ed6, Dispatchers.IO])
02-08 00:19:47.501  1241  1241 D keymint_swd: keymint_swd keymint [WRN] (km_add_tag:528) skip: non repetable tag already exists with different value: 268435458
02-08 00:19:47.501  1241  1241 D keymint_swd: keymint_swd keymint [WRN] (swd_run_cb:267) swd_begin() returns 0
02-08 00:19:47.501  1241  1241 D android.hardware.security.keymint-service: begin: ret 0
02-08 00:19:47.501 21949 21981 I [WEATHER]SourceFile: {[30FC779556ED46B02AEE27F08D2C6E0EF3C9F8F79F11336A67D3F23D58E70A7AD0C519AEB6B949A63251F4F7B56225A0]}
02-08 00:19:47.501 21949 21981 I [WEATHER]SourceFile: {[9CEC1FC38BEF76DB3C49CC3E881E81979C1EF579FDB1C13B360C509D924A7249E658CF92E447C7AE68DC55EF66667046]}
02-08 00:19:47.501 21949 21949 I GWT:GAppWidgetManager: [daemonapp] getGlanceIdByProvider / class com.sec.android.daemonapp.home.HomeAppWidget
